<html>
<body>
<pre>
<h1>µVision Build Log</h1>
<h2>Tool Versions:</h2>
IDE-Version: ¦ÌVision V5.21.1.0
Copyright (C) 2016 ARM Ltd and ARM Germany GmbH. All rights reserved.
License Information: yanggang Sky123.Org, Sky123.Org, LIC=FYKSB-24XTM-SA4DJ-U4S78-5PI11-FKZPV
 
Tool Versions:
Toolchain:       MDK-ARM Plus  Version: 5.21a
Toolchain Path:  C:\Keil_v5-2016-9-8\ARM\ARMCC\Bin
C Compiler:      Armcc.exe V5.06 update 3 (build 300)
Assembler:       Armasm.exe V5.06 update 3 (build 300)
Linker/Locator:  ArmLink.exe V5.06 update 3 (build 300)
Library Manager: ArmAr.exe V5.06 update 3 (build 300)
Hex Converter:   FromElf.exe V5.06 update 3 (build 300)
CPU DLL:         SARMCM3.DLL V5.21a
Dialog DLL:      DCM.DLL V1.13.8.0
Target DLL:      UL2CM3.DLL V1.158.5.0
Dialog DLL:      TCM.DLL V1.14.14.0
 
<h2>Project:</h2>
C:\Users\Administrator\Desktop\·Ü¶·STM32¿ª·¢°åV5+5´ç(SSD1963)ÆÁÀý³Ì\·Ü¶·STM32¿ª·¢°åV5+5´ç(SSD1963)ÆÁÀý³Ì\ÊÊÓÃV5°åµÄ»ù´¡Àý³Ì\STM32·Ü¶·°å-ADC\STM32-FD-ADC_Uv2.uvprojx
Project File Date:  09/04/2016

<h2>Output:</h2>
*** Using Compiler 'V5.06 update 3 (build 300)', folder: 'C:\Keil_v5-2016-9-8\ARM\ARMCC\Bin'
Build target 'ADC'
Clean started - Project: 'STM32-FD-ADC_Uv2'
   deleting intermediate output files for target 'ADC'
assembling startup_stm32f10x_hd.s...
creating preprocessor file for main.c...
compiling main.c...
creating preprocessor file for misc.c...
compiling misc.c...
creating preprocessor file for stm32f10x_adc.c...
compiling stm32f10x_adc.c...
creating preprocessor file for stm32f10x_dma.c...
compiling stm32f10x_dma.c...
creating preprocessor file for stm32f10x_gpio.c...
compiling stm32f10x_gpio.c...
creating preprocessor file for stm32f10x_rcc.c...
compiling stm32f10x_rcc.c...
creating preprocessor file for stm32f10x_usart.c...
compiling stm32f10x_usart.c...
creating preprocessor file for core_cm3.c...
compiling core_cm3.c...
creating preprocessor file for system_stm32f10x.c...
compiling system_stm32f10x.c...
linking...
Program Size: Code=2688 RO-data=336 RW-data=28 ZI-data=1636  
".\obj\STM32-FD-ADC.axf" - 0 Error(s), 0 Warning(s).

*** Performing Cross-Module-Optimization:
compiling misc.c...
compiling stm32f10x_adc.c...
compiling stm32f10x_dma.c...
compiling stm32f10x_gpio.c...
compiling stm32f10x_rcc.c...
compiling stm32f10x_usart.c...
compiling core_cm3.c...
compiling system_stm32f10x.c...
linking...
Program Size: Code=2688 RO-data=336 RW-data=28 ZI-data=1636  
FromELF: creating hex file...
After Build - User command #1: fromelf.exe --bin -o  ./obj/output/STM32-FD-ADC_Uv2.bin  ./obj/STM32-FD-ADC_Uv2.axf
"./obj/STM32-FD-ADC_Uv2.axf": Error: Q0122E: Could not open file './obj/STM32-FD-ADC_Uv2.axf': No such file or directory
Finished: 0 information, 0 warning and 1 error messages.
".\obj\STM32-FD-ADC.axf" - 0 Error(s), 0 Warning(s).
*** Completed Cross-Module-Optimization after 2 iteration(s).

<h2>Collection of Component include folders:</h2>
  C:\Users\Administrator\Desktop\·Ü¶·STM32¿ª·¢°åV5+5´ç(SSD1963)ÆÁÀý³Ì\·Ü¶·STM32¿ª·¢°åV5+5´ç(SSD1963)ÆÁÀý³Ì\ÊÊÓÃV5°åµÄ»ù´¡Àý³Ì\STM32·Ü¶·°å-ADC\RTE
  C:\Keil_v5-2016-9-8\ARM\PACK\Keil\STM32F1xx_DFP\2.1.0\Device\Include

<h2>Collection of Component Files used:</h2>
Build Time Elapsed:  00:00:08
</pre>
</body>
</html>
