<html>
<body>
<pre>
<h1>礦ision Build Log</h1>
<h2>Tool Versions:</h2>
IDE-Version: μVision V5.25.1.0
Copyright (C) 2018 ARM Ltd and ARM Germany GmbH. All rights reserved.
License Information: HUANG WENYU, XJTU, LIC=7YKSB-2LQ7Z-8XYUZ-JVXYV-5NI0P-8IAZ5
 
Tool Versions:
Toolchain:       MDK-ARM Professional  Version: 5.25.1.0
Toolchain Path:  D:\Keil_v5\ARM\ARMCC\Bin
C Compiler:      Armcc.exe V5.06 update 6 (build 750)
Assembler:       Armasm.exe V5.06 update 6 (build 750)
Linker/Locator:  ArmLink.exe V5.06 update 6 (build 750)
Library Manager: ArmAr.exe V5.06 update 6 (build 750)
Hex Converter:   FromElf.exe V5.06 update 6 (build 750)
CPU DLL:         SARMCM3.DLL V5.25.1.0
Dialog DLL:      DARMSTM.DLL V1.68.0.0
Target DLL:      Segger\JL2CM3.dll V2.99.23.0
Dialog DLL:        TARMSTM.DLL   
 
<h2>Project:</h2>
F:\STM32 Project\USER\LED.uvprojx
Project File Date:  09/29/2018

<h2>Output:</h2>
*** Using Compiler 'V5.06 update 6 (build 750)', folder: 'D:\Keil_v5\ARM\ARMCC\Bin'
Build target 'LED'
compiling spi.c...
..\USER\project_config.h(241): warning:  #1-D: last line of file ends without a newline
  #define SPI_MOSI GPIO_Pin_15
..\HARDWARE\SPI\spi.c: 1 warning, 0 errors
compiling main.c...
..\USER\project_config.h(241): warning:  #1-D: last line of file ends without a newline
  #define SPI_MOSI GPIO_Pin_15
..\USER\project_config.h(241): warning:  #1-D: last line of file ends without a newline
  #define SPI_MOSI GPIO_Pin_15
..\USER\project_config.h(241): warning:  #1-D: last line of file ends without a newline
  #define SPI_MOSI GPIO_Pin_15
..\USER\project_config.h(241): warning:  #1-D: last line of file ends without a newline
  #define SPI_MOSI GPIO_Pin_15
..\USER\project_config.h(241): warning:  #1-D: last line of file ends without a newline
  #define SPI_MOSI GPIO_Pin_15
..\HARDWARE\PWM\pwm.h(8): warning:  #1295-D: Deprecated declaration PWM_Init_Default - give arg types
  void PWM_Init_Default();
..\HARDWARE\PWM\pwm.h(10): warning:  #14-D: extra text after expected end of preprocessing directive
  #ifdef USE_PWM_CH3 ||USE_PWM_CH4
..\HARDWARE\PWM\pwm.h(11): warning:  #1295-D: Deprecated declaration PWM_Init_Default - give arg types
  void PWM_Init_Default();
..\USER\project_config.h(241): warning:  #1-D: last line of file ends without a newline
  #define SPI_MOSI GPIO_Pin_15
..\HARDWARE\Motor_Control\motor_control.h(7): warning:  #1295-D: Deprecated declaration Actuator_Init - give arg types
  void Actuator_Init();
..\HARDWARE\Motor_Control\motor_control.h(14): warning:  #1295-D: Deprecated declaration Backup_Init - give arg types
  void Backup_Init();
..\HARDWARE\Motor_Control\motor_control.h(21): warning:  #1-D: last line of file ends without a newline
  #endif
..\USER\project_config.h(241): warning:  #1-D: last line of file ends without a newline
  #define SPI_MOSI GPIO_Pin_15
..\HARDWARE\Usart2_Protocol\usart2_protocol.h(8): warning:  #1295-D: Deprecated declaration USART2_Key_Init - give arg types
  void USART2_Key_Init(); //按键传输协议初始化
..\HARDWARE\Usart2_Protocol\usart2_protocol.h(11): warning:  #1295-D: Deprecated declaration KEY1_Response - give arg types
  void KEY1_Response();
..\HARDWARE\Usart2_Protocol\usart2_protocol.h(18): warning:  #1295-D: Deprecated declaration KEY6_Response - give arg types
  void KEY6_Response();
..\HARDWARE\Usart2_Protocol\usart2_protocol.h(21): warning:  #1295-D: Deprecated declaration KEY7_Response - give arg types
  void KEY7_Response();
..\HARDWARE\Usart2_Protocol\usart2_protocol.h(24): warning:  #1295-D: Deprecated declaration KEY8_Response - give arg types
  void KEY8_Response();
..\HARDWARE\Usart2_Protocol\usart2_protocol.h(27): warning:  #1295-D: Deprecated declaration KEY9_Response - give arg types
  void KEY9_Response();
..\HARDWARE\Usart2_Protocol\usart2_protocol.h(30): warning:  #1295-D: Deprecated declaration KEY10_Response - give arg types
  void KEY10_Response();
..\HARDWARE\Usart2_Protocol\usart2_protocol.h(33): warning:  #1295-D: Deprecated declaration KEY11_Response - give arg types
  void KEY11_Response();
..\HARDWARE\Usart2_Protocol\usart2_protocol.h(39): warning:  #1295-D: Deprecated declaration SPO2_Response - give arg types
  void SPO2_Response();
..\HARDWARE\Usart2_Protocol\usart2_protocol.h(40): warning:  #1295-D: Deprecated declaration USART2_Speed_Init - give arg types
  void USART2_Speed_Init();
..\HARDWARE\Usart2_Protocol\usart2_protocol.h(41): warning:  #1295-D: Deprecated declaration Speed_Response - give arg types
  void Speed_Response();
..\HARDWARE\Usart2_Protocol\usart2_protocol.h(47): warning:  #1-D: last line of file ends without a newline
  #endif
..\USER\project_config.h(241): warning:  #1-D: last line of file ends without a newline
  #define SPI_MOSI GPIO_Pin_15
..\HARDWARE\Usart3_Protocol\usart3_protocol.h(11): warning:  #1-D: last line of file ends without a newline
  #endif
..\USER\project_config.h(241): warning:  #1-D: last line of file ends without a newline
  #define SPI_MOSI GPIO_Pin_15
..\HARDWARE\Usart5_Protocol\usart5_protocol.h(5): warning:  #1295-D: Deprecated declaration UART5_Sensor_Init - give arg types
  void UART5_Sensor_Init();
..\HARDWARE\RCC\rcc.h(6): warning:  #1295-D: Deprecated declaration RCC_Init - give arg types
  void RCC_Init();
..\HARDWARE\RCC\rcc.h(11): warning:  #1-D: last line of file ends without a newline
  #endif
..\USER\project_config.h(241): warning:  #1-D: last line of file ends without a newline
  #define SPI_MOSI GPIO_Pin_15
..\HARDWARE\ADC\adc.h(10): warning:  #1295-D: Deprecated declaration Average - give arg types
  u16 Average(); //取平均值函数
main.c: 33 warnings, 0 errors
linking...
Program Size: Code=15860 RO-data=848 RW-data=92 ZI-data=2884  
FromELF: creating hex file...
After Build - User command #1: D:\Keil_v5\ARM\ARMCC\bin\fromelf.exe   --bin -o  ..\OBJ\STM32.bin ..\OBJ\STM32.axf
"..\OBJ\STM32.axf" - 0 Error(s), 34 Warning(s).

<h2>Software Packages used:</h2>

Package Vendor: Keil
                http://www.keil.com/pack/Keil.STM32F1xx_DFP.2.2.0.pack
                Keil.STM32F1xx_DFP.2.2.0
                STMicroelectronics STM32F1 Series Device Support, Drivers and Examples

<h2>Collection of Component include folders:</h2>
  .\RTE\_LED
  D:\Keil_v5\ARM\PACK\Keil\STM32F1xx_DFP\2.2.0\Device\Include

<h2>Collection of Component Files used:</h2>
Build Time Elapsed:  00:00:02
</pre>
</body>
</html>
