<html>
<body>
<pre>
<h1>礦ision Build Log</h1>
<h2>Tool Versions:</h2>
IDE-Version: μVision V5.23.0.0
Copyright (C) 2017 ARM Ltd and ARM Germany GmbH. All rights reserved.
License Information: DELL,  , LIC=RC930-BAPAW-IID5V-PZW19-3DTAR-GDKXI
 
Tool Versions:
Toolchain:       MDK-ARM Plus  Version: 5.23
Toolchain Path:  C:\Keil_v5\ARM\ARMCC\Bin
C Compiler:      Armcc.exe V5.06 update 4 (build 422)
Assembler:       Armasm.exe V5.06 update 4 (build 422)
Linker/Locator:  ArmLink.exe V5.06 update 4 (build 422)
Library Manager: ArmAr.exe V5.06 update 4 (build 422)
Hex Converter:   FromElf.exe V5.06 update 4 (build 422)
CPU DLL:         SARMCM3.DLL V5.23
Dialog DLL:      DARMSTM.DLL V1.68.0.0
Target DLL:      Segger\JL2CM3.dll V2.99.23.0
Dialog DLL:        TARMSTM.DLL   
 
<h2>Project:</h2>
C:\Users\DELL\Documents\STM32F103\USER\LED.uvprojx
Project File Date:  10/16/2018

<h2>Output:</h2>
*** Using Compiler 'V5.06 update 4 (build 422)', folder: 'C:\Keil_v5\ARM\ARMCC\Bin'
Build target 'LED'
compiling main.c...
..\USER\NVIC_Priority.h(41): warning:  #1-D: last line of file ends without a newline
  #define PB11_KEY_SubPriority        1
..\USER\NVIC_Priority.h(41): warning:  #1-D: last line of file ends without a newline
  #define PB11_KEY_SubPriority        1
..\USER\NVIC_Priority.h(41): warning:  #1-D: last line of file ends without a newline
  #define PB11_KEY_SubPriority        1
..\USER\NVIC_Priority.h(41): warning:  #1-D: last line of file ends without a newline
  #define PB11_KEY_SubPriority        1
..\USER\NVIC_Priority.h(41): warning:  #1-D: last line of file ends without a newline
  #define PB11_KEY_SubPriority        1
..\HARDWARE\PWM\pwm.h(8): warning:  #1295-D: Deprecated declaration PWM_Init_Default - give arg types
  void PWM_Init_Default();
..\HARDWARE\PWM\pwm.h(10): warning:  #14-D: extra text after expected end of preprocessing directive
  #ifdef USE_PWM_CH3 ||USE_PWM_CH4
..\HARDWARE\PWM\pwm.h(11): warning:  #1295-D: Deprecated declaration PWM_Init_Default - give arg types
  void PWM_Init_Default();
..\USER\NVIC_Priority.h(41): warning:  #1-D: last line of file ends without a newline
  #define PB11_KEY_SubPriority        1
..\HARDWARE\Motor_Control\motor_control.h(7): warning:  #1295-D: Deprecated declaration Actuator_Init - give arg types
  void Actuator_Init();
..\HARDWARE\Motor_Control\motor_control.h(11): warning:  #1295-D: Deprecated declaration Seat_High - give arg types
  void Seat_High();
..\HARDWARE\Motor_Control\motor_control.h(12): warning:  #1295-D: Deprecated declaration Seat_Low - give arg types
  void Seat_Low();
..\HARDWARE\Motor_Control\motor_control.h(17): warning:  #1295-D: Deprecated declaration Backup_Init - give arg types
  void Backup_Init();
..\HARDWARE\Motor_Control\motor_control.h(24): warning:  #1295-D: Deprecated declaration Get_Seat_Height - give arg types
  u16 Get_Seat_Height();
..\HARDWARE\Motor_Control\motor_control.h(27): warning:  #1-D: last line of file ends without a newline
  #endif
..\USER\NVIC_Priority.h(41): warning:  #1-D: last line of file ends without a newline
  #define PB11_KEY_SubPriority        1
..\HARDWARE\Usart2_Protocol\usart2_protocol.h(8): warning:  #1295-D: Deprecated declaration USART2_Key_Init - give arg types
  void USART2_Key_Init(); //按键传输协议初始化
..\HARDWARE\Usart2_Protocol\usart2_protocol.h(11): warning:  #1295-D: Deprecated declaration KEY1_Response - give arg types
  void KEY1_Response();
..\HARDWARE\Usart2_Protocol\usart2_protocol.h(18): warning:  #1295-D: Deprecated declaration KEY6_Response - give arg types
  void KEY6_Response();
..\HARDWARE\Usart2_Protocol\usart2_protocol.h(21): warning:  #1295-D: Deprecated declaration KEY7_Response - give arg types
  void KEY7_Response();
..\HARDWARE\Usart2_Protocol\usart2_protocol.h(24): warning:  #1295-D: Deprecated declaration KEY8_Response - give arg types
  void KEY8_Response();
..\HARDWARE\Usart2_Protocol\usart2_protocol.h(27): warning:  #1295-D: Deprecated declaration KEY9_Response - give arg types
  void KEY9_Response();
..\HARDWARE\Usart2_Protocol\usart2_protocol.h(30): warning:  #1295-D: Deprecated declaration KEY10_Response - give arg types
  void KEY10_Response();
..\HARDWARE\Usart2_Protocol\usart2_protocol.h(33): warning:  #1295-D: Deprecated declaration KEY11_Response - give arg types
  void KEY11_Response();
..\HARDWARE\Usart2_Protocol\usart2_protocol.h(39): warning:  #1295-D: Deprecated declaration SPO2_Response - give arg types
  void SPO2_Response();
..\HARDWARE\Usart2_Protocol\usart2_protocol.h(40): warning:  #1295-D: Deprecated declaration USART2_Speed_Init - give arg types
  void USART2_Speed_Init();
..\HARDWARE\Usart2_Protocol\usart2_protocol.h(41): warning:  #1295-D: Deprecated declaration Speed_Response - give arg types
  void Speed_Response();
..\HARDWARE\Usart2_Protocol\usart2_protocol.h(47): warning:  #1-D: last line of file ends without a newline
  #endif
..\USER\NVIC_Priority.h(41): warning:  #1-D: last line of file ends without a newline
  #define PB11_KEY_SubPriority        1
..\HARDWARE\Usart3_Protocol\usart3_protocol.h(11): warning:  #1-D: last line of file ends without a newline
  #endif
..\USER\NVIC_Priority.h(41): warning:  #1-D: last line of file ends without a newline
  #define PB11_KEY_SubPriority        1
..\HARDWARE\Usart5_Protocol\usart5_protocol.h(5): warning:  #1295-D: Deprecated declaration UART5_Sensor_Init - give arg types
  void UART5_Sensor_Init();
..\HARDWARE\RCC\rcc.h(6): warning:  #1295-D: Deprecated declaration RCC_Init - give arg types
  void RCC_Init();
..\HARDWARE\RCC\rcc.h(11): warning:  #1-D: last line of file ends without a newline
  #endif
..\USER\NVIC_Priority.h(41): warning:  #1-D: last line of file ends without a newline
  #define PB11_KEY_SubPriority        1
..\HARDWARE\ADC\adc.h(10): warning:  #1295-D: Deprecated declaration Average - give arg types
  u16 Average(); //取平均值函数
..\USER\NVIC_Priority.h(41): warning:  #1-D: last line of file ends without a newline
  #define PB11_KEY_SubPriority        1
..\HARDWARE\Flash\flash.h(9): warning:  #1295-D: Deprecated declaration Flash_Buffer_Init - give arg types
  void Flash_Buffer_Init();
..\HARDWARE\Flash\flash.h(10): warning:  #1295-D: Deprecated declaration Set_Flash_Buffer - give arg types
  void Set_Flash_Buffer();
..\HARDWARE\Flash\flash.h(11): warning:  #1295-D: Deprecated declaration Get_Flash_Buffer - give arg types
  void Get_Flash_Buffer();
main.c: 40 warnings, 0 errors
compiling usart2_dma.c...
..\USER\NVIC_Priority.h(41): warning:  #1-D: last line of file ends without a newline
  #define PB11_KEY_SubPriority        1
..\USER\NVIC_Priority.h(41): warning:  #1-D: last line of file ends without a newline
  #define PB11_KEY_SubPriority        1
..\USER\NVIC_Priority.h(41): warning:  #1-D: last line of file ends without a newline
  #define PB11_KEY_SubPriority        1
..\HARDWARE\Usart1_Protocol\usart1_protocol.h(8): warning:  #1-D: last line of file ends without a newline
  #endif
..\USER\NVIC_Priority.h(41): warning:  #1-D: last line of file ends without a newline
  #define PB11_KEY_SubPriority        1
..\HARDWARE\Usart2_Protocol\usart2_protocol.h(8): warning:  #1295-D: Deprecated declaration USART2_Key_Init - give arg types
  void USART2_Key_Init(); //按键传输协议初始化
..\HARDWARE\Usart2_Protocol\usart2_protocol.h(11): warning:  #1295-D: Deprecated declaration KEY1_Response - give arg types
  void KEY1_Response();
..\HARDWARE\Usart2_Protocol\usart2_protocol.h(18): warning:  #1295-D: Deprecated declaration KEY6_Response - give arg types
  void KEY6_Response();
..\HARDWARE\Usart2_Protocol\usart2_protocol.h(21): warning:  #1295-D: Deprecated declaration KEY7_Response - give arg types
  void KEY7_Response();
..\HARDWARE\Usart2_Protocol\usart2_protocol.h(24): warning:  #1295-D: Deprecated declaration KEY8_Response - give arg types
  void KEY8_Response();
..\HARDWARE\Usart2_Protocol\usart2_protocol.h(27): warning:  #1295-D: Deprecated declaration KEY9_Response - give arg types
  void KEY9_Response();
..\HARDWARE\Usart2_Protocol\usart2_protocol.h(30): warning:  #1295-D: Deprecated declaration KEY10_Response - give arg types
  void KEY10_Response();
..\HARDWARE\Usart2_Protocol\usart2_protocol.h(33): warning:  #1295-D: Deprecated declaration KEY11_Response - give arg types
  void KEY11_Response();
..\HARDWARE\Usart2_Protocol\usart2_protocol.h(39): warning:  #1295-D: Deprecated declaration SPO2_Response - give arg types
  void SPO2_Response();
..\HARDWARE\Usart2_Protocol\usart2_protocol.h(40): warning:  #1295-D: Deprecated declaration USART2_Speed_Init - give arg types
  void USART2_Speed_Init();
..\HARDWARE\Usart2_Protocol\usart2_protocol.h(41): warning:  #1295-D: Deprecated declaration Speed_Response - give arg types
  void Speed_Response();
..\HARDWARE\Usart2_Protocol\usart2_protocol.h(47): warning:  #1-D: last line of file ends without a newline
  #endif
..\USER\NVIC_Priority.h(41): warning:  #1-D: last line of file ends without a newline
  #define PB11_KEY_SubPriority        1
..\HARDWARE\Usart3_Protocol\usart3_protocol.h(11): warning:  #1-D: last line of file ends without a newline
  #endif
..\USER\NVIC_Priority.h(41): warning:  #1-D: last line of file ends without a newline
  #define PB11_KEY_SubPriority        1
..\HARDWARE\Usart5_Protocol\usart5_protocol.h(5): warning:  #1295-D: Deprecated declaration UART5_Sensor_Init - give arg types
  void UART5_Sensor_Init();
..\HARDWARE\Usart2_DMA\usart2_dma.c(21): warning:  #550-D: variable "USART2_TX_BUSY"  was set but never used
  static u8 USART2_TX_BUSY=0; //0：空闲 1:正在发送
..\HARDWARE\Usart2_DMA\usart2_dma.c: 22 warnings, 0 errors
compiling usart1_dma.c...
..\USER\NVIC_Priority.h(41): warning:  #1-D: last line of file ends without a newline
  #define PB11_KEY_SubPriority        1
..\USER\NVIC_Priority.h(41): warning:  #1-D: last line of file ends without a newline
  #define PB11_KEY_SubPriority        1
..\USER\NVIC_Priority.h(41): warning:  #1-D: last line of file ends without a newline
  #define PB11_KEY_SubPriority        1
..\HARDWARE\Usart1_Protocol\usart1_protocol.h(8): warning:  #1-D: last line of file ends without a newline
  #endif
..\USER\NVIC_Priority.h(41): warning:  #1-D: last line of file ends without a newline
  #define PB11_KEY_SubPriority        1
..\HARDWARE\Usart2_Protocol\usart2_protocol.h(8): warning:  #1295-D: Deprecated declaration USART2_Key_Init - give arg types
  void USART2_Key_Init(); //按键传输协议初始化
..\HARDWARE\Usart2_Protocol\usart2_protocol.h(11): warning:  #1295-D: Deprecated declaration KEY1_Response - give arg types
  void KEY1_Response();
..\HARDWARE\Usart2_Protocol\usart2_protocol.h(18): warning:  #1295-D: Deprecated declaration KEY6_Response - give arg types
  void KEY6_Response();
..\HARDWARE\Usart2_Protocol\usart2_protocol.h(21): warning:  #1295-D: Deprecated declaration KEY7_Response - give arg types
  void KEY7_Response();
..\HARDWARE\Usart2_Protocol\usart2_protocol.h(24): warning:  #1295-D: Deprecated declaration KEY8_Response - give arg types
  void KEY8_Response();
..\HARDWARE\Usart2_Protocol\usart2_protocol.h(27): warning:  #1295-D: Deprecated declaration KEY9_Response - give arg types
  void KEY9_Response();
..\HARDWARE\Usart2_Protocol\usart2_protocol.h(30): warning:  #1295-D: Deprecated declaration KEY10_Response - give arg types
  void KEY10_Response();
..\HARDWARE\Usart2_Protocol\usart2_protocol.h(33): warning:  #1295-D: Deprecated declaration KEY11_Response - give arg types
  void KEY11_Response();
..\HARDWARE\Usart2_Protocol\usart2_protocol.h(39): warning:  #1295-D: Deprecated declaration SPO2_Response - give arg types
  void SPO2_Response();
..\HARDWARE\Usart2_Protocol\usart2_protocol.h(40): warning:  #1295-D: Deprecated declaration USART2_Speed_Init - give arg types
  void USART2_Speed_Init();
..\HARDWARE\Usart2_Protocol\usart2_protocol.h(41): warning:  #1295-D: Deprecated declaration Speed_Response - give arg types
  void Speed_Response();
..\HARDWARE\Usart2_Protocol\usart2_protocol.h(47): warning:  #1-D: last line of file ends without a newline
  #endif
..\USER\NVIC_Priority.h(41): warning:  #1-D: last line of file ends without a newline
  #define PB11_KEY_SubPriority        1
..\HARDWARE\Usart3_Protocol\usart3_protocol.h(11): warning:  #1-D: last line of file ends without a newline
  #endif
..\USER\NVIC_Priority.h(41): warning:  #1-D: last line of file ends without a newline
  #define PB11_KEY_SubPriority        1
..\HARDWARE\Usart5_Protocol\usart5_protocol.h(5): warning:  #1295-D: Deprecated declaration UART5_Sensor_Init - give arg types
  void UART5_Sensor_Init();
..\HARDWARE\Usart1_DMA\usart1_dma.c: 21 warnings, 0 errors
compiling usart3_dma.c...
..\USER\NVIC_Priority.h(41): warning:  #1-D: last line of file ends without a newline
  #define PB11_KEY_SubPriority        1
..\USER\NVIC_Priority.h(41): warning:  #1-D: last line of file ends without a newline
  #define PB11_KEY_SubPriority        1
..\USER\NVIC_Priority.h(41): warning:  #1-D: last line of file ends without a newline
  #define PB11_KEY_SubPriority        1
..\HARDWARE\Usart2_Protocol\usart2_protocol.h(8): warning:  #1295-D: Deprecated declaration USART2_Key_Init - give arg types
  void USART2_Key_Init(); //按键传输协议初始化
..\HARDWARE\Usart2_Protocol\usart2_protocol.h(11): warning:  #1295-D: Deprecated declaration KEY1_Response - give arg types
  void KEY1_Response();
..\HARDWARE\Usart2_Protocol\usart2_protocol.h(18): warning:  #1295-D: Deprecated declaration KEY6_Response - give arg types
  void KEY6_Response();
..\HARDWARE\Usart2_Protocol\usart2_protocol.h(21): warning:  #1295-D: Deprecated declaration KEY7_Response - give arg types
  void KEY7_Response();
..\HARDWARE\Usart2_Protocol\usart2_protocol.h(24): warning:  #1295-D: Deprecated declaration KEY8_Response - give arg types
  void KEY8_Response();
..\HARDWARE\Usart2_Protocol\usart2_protocol.h(27): warning:  #1295-D: Deprecated declaration KEY9_Response - give arg types
  void KEY9_Response();
..\HARDWARE\Usart2_Protocol\usart2_protocol.h(30): warning:  #1295-D: Deprecated declaration KEY10_Response - give arg types
  void KEY10_Response();
..\HARDWARE\Usart2_Protocol\usart2_protocol.h(33): warning:  #1295-D: Deprecated declaration KEY11_Response - give arg types
  void KEY11_Response();
..\HARDWARE\Usart2_Protocol\usart2_protocol.h(39): warning:  #1295-D: Deprecated declaration SPO2_Response - give arg types
  void SPO2_Response();
..\HARDWARE\Usart2_Protocol\usart2_protocol.h(40): warning:  #1295-D: Deprecated declaration USART2_Speed_Init - give arg types
  void USART2_Speed_Init();
..\HARDWARE\Usart2_Protocol\usart2_protocol.h(41): warning:  #1295-D: Deprecated declaration Speed_Response - give arg types
  void Speed_Response();
..\HARDWARE\Usart2_Protocol\usart2_protocol.h(47): warning:  #1-D: last line of file ends without a newline
  #endif
..\HARDWARE\Usart3_DMA\usart3_dma.c: 15 warnings, 0 errors
compiling pwm.c...
..\USER\NVIC_Priority.h(41): warning:  #1-D: last line of file ends without a newline
  #define PB11_KEY_SubPriority        1
..\HARDWARE\PWM\pwm.h(8): warning:  #1295-D: Deprecated declaration PWM_Init_Default - give arg types
  void PWM_Init_Default();
..\HARDWARE\PWM\pwm.h(10): warning:  #14-D: extra text after expected end of preprocessing directive
  #ifdef USE_PWM_CH3 ||USE_PWM_CH4
..\HARDWARE\PWM\pwm.h(11): warning:  #1295-D: Deprecated declaration PWM_Init_Default - give arg types
  void PWM_Init_Default();
..\USER\NVIC_Priority.h(41): warning:  #1-D: last line of file ends without a newline
  #define PB11_KEY_SubPriority        1
..\HARDWARE\PWM\pwm.c: 5 warnings, 0 errors
compiling key.c...
..\USER\NVIC_Priority.h(41): warning:  #1-D: last line of file ends without a newline
  #define PB11_KEY_SubPriority        1
..\USER\NVIC_Priority.h(41): warning:  #1-D: last line of file ends without a newline
  #define PB11_KEY_SubPriority        1
..\HARDWARE\Usart2_Protocol\usart2_protocol.h(8): warning:  #1295-D: Deprecated declaration USART2_Key_Init - give arg types
  void USART2_Key_Init(); //按键传输协议初始化
..\HARDWARE\Usart2_Protocol\usart2_protocol.h(11): warning:  #1295-D: Deprecated declaration KEY1_Response - give arg types
  void KEY1_Response();
..\HARDWARE\Usart2_Protocol\usart2_protocol.h(18): warning:  #1295-D: Deprecated declaration KEY6_Response - give arg types
  void KEY6_Response();
..\HARDWARE\Usart2_Protocol\usart2_protocol.h(21): warning:  #1295-D: Deprecated declaration KEY7_Response - give arg types
  void KEY7_Response();
..\HARDWARE\Usart2_Protocol\usart2_protocol.h(24): warning:  #1295-D: Deprecated declaration KEY8_Response - give arg types
  void KEY8_Response();
..\HARDWARE\Usart2_Protocol\usart2_protocol.h(27): warning:  #1295-D: Deprecated declaration KEY9_Response - give arg types
  void KEY9_Response();
..\HARDWARE\Usart2_Protocol\usart2_protocol.h(30): warning:  #1295-D: Deprecated declaration KEY10_Response - give arg types
  void KEY10_Response();
..\HARDWARE\Usart2_Protocol\usart2_protocol.h(33): warning:  #1295-D: Deprecated declaration KEY11_Response - give arg types
  void KEY11_Response();
..\HARDWARE\Usart2_Protocol\usart2_protocol.h(39): warning:  #1295-D: Deprecated declaration SPO2_Response - give arg types
  void SPO2_Response();
..\HARDWARE\Usart2_Protocol\usart2_protocol.h(40): warning:  #1295-D: Deprecated declaration USART2_Speed_Init - give arg types
  void USART2_Speed_Init();
..\HARDWARE\Usart2_Protocol\usart2_protocol.h(41): warning:  #1295-D: Deprecated declaration Speed_Response - give arg types
  void Speed_Response();
..\HARDWARE\Usart2_Protocol\usart2_protocol.h(47): warning:  #1-D: last line of file ends without a newline
  #endif
..\HARDWARE\Key\key.c(255): warning:  #1-D: last line of file ends without a newline
  }
..\HARDWARE\Key\key.c: 15 warnings, 0 errors
compiling usart1_protocol.c...
..\USER\NVIC_Priority.h(41): warning:  #1-D: last line of file ends without a newline
  #define PB11_KEY_SubPriority        1
..\HARDWARE\Usart1_Protocol\usart1_protocol.h(8): warning:  #1-D: last line of file ends without a newline
  #endif
..\USER\NVIC_Priority.h(41): warning:  #1-D: last line of file ends without a newline
  #define PB11_KEY_SubPriority        1
..\USER\NVIC_Priority.h(41): warning:  #1-D: last line of file ends without a newline
  #define PB11_KEY_SubPriority        1
..\HARDWARE\CRC_16\crc_16.h(8): warning:  #1295-D: Deprecated declaration Get_ucCRCHi - give arg types
  u8 Get_ucCRCHi();//获取高8位
..\HARDWARE\CRC_16\crc_16.h(9): warning:  #1295-D: Deprecated declaration Get_ucCRCLo - give arg types
  u8 Get_ucCRCLo();//获取低8位
..\USER\NVIC_Priority.h(41): warning:  #1-D: last line of file ends without a newline
  #define PB11_KEY_SubPriority        1
..\HARDWARE\Usart1_Protocol\usart1_protocol.c: 7 warnings, 0 errors
compiling crc_16.c...
..\USER\NVIC_Priority.h(41): warning:  #1-D: last line of file ends without a newline
  #define PB11_KEY_SubPriority        1
..\HARDWARE\CRC_16\crc_16.h(8): warning:  #1295-D: Deprecated declaration Get_ucCRCHi - give arg types
  u8 Get_ucCRCHi();//获取高8位
..\HARDWARE\CRC_16\crc_16.h(9): warning:  #1295-D: Deprecated declaration Get_ucCRCLo - give arg types
  u8 Get_ucCRCLo();//获取低8位
..\USER\NVIC_Priority.h(41): warning:  #1-D: last line of file ends without a newline
  #define PB11_KEY_SubPriority        1
..\HARDWARE\CRC_16\crc_16.c: 4 warnings, 0 errors
compiling usart3_protocol.c...
..\USER\NVIC_Priority.h(41): warning:  #1-D: last line of file ends without a newline
  #define PB11_KEY_SubPriority        1
..\HARDWARE\Usart3_Protocol\usart3_protocol.h(11): warning:  #1-D: last line of file ends without a newline
  #endif
..\USER\NVIC_Priority.h(41): warning:  #1-D: last line of file ends without a newline
  #define PB11_KEY_SubPriority        1
..\USER\NVIC_Priority.h(41): warning:  #1-D: last line of file ends without a newline
  #define PB11_KEY_SubPriority        1
..\HARDWARE\Usart3_Protocol\usart3_protocol.c: 4 warnings, 0 errors
compiling gpio.c...
..\USER\NVIC_Priority.h(41): warning:  #1-D: last line of file ends without a newline
  #define PB11_KEY_SubPriority        1
..\HARDWARE\GPIO\gpio.h(9): warning:  #1295-D: Deprecated declaration Internet_GPIO_Init - give arg types
  void Internet_GPIO_Init();
..\HARDWARE\GPIO\gpio.h(13): warning:  #1295-D: Deprecated declaration BP_RESET_Init - give arg types
  void BP_RESET_Init();
..\HARDWARE\GPIO\gpio.h(17): warning:  #1295-D: Deprecated declaration SPO2_SLEEP_Init - give arg types
  void SPO2_SLEEP_Init();
..\HARDWARE\GPIO\gpio.h(21): warning:  #1295-D: Deprecated declaration BACKUP_GPIO_Init - give arg types
  void BACKUP_GPIO_Init();
..\HARDWARE\GPIO\gpio.h(25): warning:  #1295-D: Deprecated declaration MOTOR_GPIO_Init - give arg types
  void MOTOR_GPIO_Init();
..\HARDWARE\GPIO\gpio.h(40): warning:  #1-D: last line of file ends without a newline
  #endif
..\HARDWARE\GPIO\gpio.c: 7 warnings, 0 errors
compiling motor_control.c...
..\USER\NVIC_Priority.h(41): warning:  #1-D: last line of file ends without a newline
  #define PB11_KEY_SubPriority        1
..\HARDWARE\Motor_Control\motor_control.h(7): warning:  #1295-D: Deprecated declaration Actuator_Init - give arg types
  void Actuator_Init();
..\HARDWARE\Motor_Control\motor_control.h(11): warning:  #1295-D: Deprecated declaration Seat_High - give arg types
  void Seat_High();
..\HARDWARE\Motor_Control\motor_control.h(12): warning:  #1295-D: Deprecated declaration Seat_Low - give arg types
  void Seat_Low();
..\HARDWARE\Motor_Control\motor_control.h(17): warning:  #1295-D: Deprecated declaration Backup_Init - give arg types
  void Backup_Init();
..\HARDWARE\Motor_Control\motor_control.h(24): warning:  #1295-D: Deprecated declaration Get_Seat_Height - give arg types
  u16 Get_Seat_Height();
..\HARDWARE\Motor_Control\motor_control.h(27): warning:  #1-D: last line of file ends without a newline
  #endif
..\USER\NVIC_Priority.h(41): warning:  #1-D: last line of file ends without a newline
  #define PB11_KEY_SubPriority        1
..\HARDWARE\PWM\pwm.h(8): warning:  #1295-D: Deprecated declaration PWM_Init_Default - give arg types
  void PWM_Init_Default();
..\HARDWARE\PWM\pwm.h(10): warning:  #14-D: extra text after expected end of preprocessing directive
  #ifdef USE_PWM_CH3 ||USE_PWM_CH4
..\HARDWARE\PWM\pwm.h(11): warning:  #1295-D: Deprecated declaration PWM_Init_Default - give arg types
  void PWM_Init_Default();
..\USER\NVIC_Priority.h(41): warning:  #1-D: last line of file ends without a newline
  #define PB11_KEY_SubPriority        1
..\HARDWARE\GPIO\gpio.h(9): warning:  #1295-D: Deprecated declaration Internet_GPIO_Init - give arg types
  void Internet_GPIO_Init();
..\HARDWARE\GPIO\gpio.h(13): warning:  #1295-D: Deprecated declaration BP_RESET_Init - give arg types
  void BP_RESET_Init();
..\HARDWARE\GPIO\gpio.h(17): warning:  #1295-D: Deprecated declaration SPO2_SLEEP_Init - give arg types
  void SPO2_SLEEP_Init();
..\HARDWARE\GPIO\gpio.h(21): warning:  #1295-D: Deprecated declaration BACKUP_GPIO_Init - give arg types
  void BACKUP_GPIO_Init();
..\HARDWARE\GPIO\gpio.h(25): warning:  #1295-D: Deprecated declaration MOTOR_GPIO_Init - give arg types
  void MOTOR_GPIO_Init();
..\HARDWARE\GPIO\gpio.h(40): warning:  #1-D: last line of file ends without a newline
  #endif
..\HARDWARE\Motor_Control\motor_control.c(127): warning:  #1-D: last line of file ends without a newline
  #endif
..\HARDWARE\Motor_Control\motor_control.c: 19 warnings, 0 errors
compiling usart2_protocol.c...
..\USER\NVIC_Priority.h(41): warning:  #1-D: last line of file ends without a newline
  #define PB11_KEY_SubPriority        1
..\HARDWARE\Usart2_Protocol\usart2_protocol.h(8): warning:  #1295-D: Deprecated declaration USART2_Key_Init - give arg types
  void USART2_Key_Init(); //按键传输协议初始化
..\HARDWARE\Usart2_Protocol\usart2_protocol.h(11): warning:  #1295-D: Deprecated declaration KEY1_Response - give arg types
  void KEY1_Response();
..\HARDWARE\Usart2_Protocol\usart2_protocol.h(18): warning:  #1295-D: Deprecated declaration KEY6_Response - give arg types
  void KEY6_Response();
..\HARDWARE\Usart2_Protocol\usart2_protocol.h(21): warning:  #1295-D: Deprecated declaration KEY7_Response - give arg types
  void KEY7_Response();
..\HARDWARE\Usart2_Protocol\usart2_protocol.h(24): warning:  #1295-D: Deprecated declaration KEY8_Response - give arg types
  void KEY8_Response();
..\HARDWARE\Usart2_Protocol\usart2_protocol.h(27): warning:  #1295-D: Deprecated declaration KEY9_Response - give arg types
  void KEY9_Response();
..\HARDWARE\Usart2_Protocol\usart2_protocol.h(30): warning:  #1295-D: Deprecated declaration KEY10_Response - give arg types
  void KEY10_Response();
..\HARDWARE\Usart2_Protocol\usart2_protocol.h(33): warning:  #1295-D: Deprecated declaration KEY11_Response - give arg types
  void KEY11_Response();
..\HARDWARE\Usart2_Protocol\usart2_protocol.h(39): warning:  #1295-D: Deprecated declaration SPO2_Response - give arg types
  void SPO2_Response();
..\HARDWARE\Usart2_Protocol\usart2_protocol.h(40): warning:  #1295-D: Deprecated declaration USART2_Speed_Init - give arg types
  void USART2_Speed_Init();
..\HARDWARE\Usart2_Protocol\usart2_protocol.h(41): warning:  #1295-D: Deprecated declaration Speed_Response - give arg types
  void Speed_Response();
..\HARDWARE\Usart2_Protocol\usart2_protocol.h(47): warning:  #1-D: last line of file ends without a newline
  #endif
..\USER\NVIC_Priority.h(41): warning:  #1-D: last line of file ends without a newline
  #define PB11_KEY_SubPriority        1
..\USER\NVIC_Priority.h(41): warning:  #1-D: last line of file ends without a newline
  #define PB11_KEY_SubPriority        1
..\USER\NVIC_Priority.h(41): warning:  #1-D: last line of file ends without a newline
  #define PB11_KEY_SubPriority        1
..\HARDWARE\CRC_16\crc_16.h(8): warning:  #1295-D: Deprecated declaration Get_ucCRCHi - give arg types
  u8 Get_ucCRCHi();//获取高8位
..\HARDWARE\CRC_16\crc_16.h(9): warning:  #1295-D: Deprecated declaration Get_ucCRCLo - give arg types
  u8 Get_ucCRCLo();//获取低8位
..\HARDWARE\Usart2_Protocol\usart2_protocol.c: 18 warnings, 0 errors
compiling encoder.c...
..\USER\NVIC_Priority.h(41): warning:  #1-D: last line of file ends without a newline
  #define PB11_KEY_SubPriority        1
..\HARDWARE\Encoder\encoder.c: 1 warning, 0 errors
compiling rcc.c...
..\HARDWARE\RCC\rcc.h(6): warning:  #1295-D: Deprecated declaration RCC_Init - give arg types
  void RCC_Init();
..\HARDWARE\RCC\rcc.h(11): warning:  #1-D: last line of file ends without a newline
  #endif
..\USER\NVIC_Priority.h(41): warning:  #1-D: last line of file ends without a newline
  #define PB11_KEY_SubPriority        1
..\HARDWARE\RCC\rcc.c: 3 warnings, 0 errors
compiling usart5_dma.c...
..\USER\NVIC_Priority.h(41): warning:  #1-D: last line of file ends without a newline
  #define PB11_KEY_SubPriority        1
..\USER\NVIC_Priority.h(41): warning:  #1-D: last line of file ends without a newline
  #define PB11_KEY_SubPriority        1
..\USER\NVIC_Priority.h(41): warning:  #1-D: last line of file ends without a newline
  #define PB11_KEY_SubPriority        1
..\HARDWARE\Usart5_Protocol\usart5_protocol.h(5): warning:  #1295-D: Deprecated declaration UART5_Sensor_Init - give arg types
  void UART5_Sensor_Init();
..\HARDWARE\Usart5_DMA\usart5_dma.c: 4 warnings, 0 errors
compiling usart5_protocol.c...
..\USER\NVIC_Priority.h(41): warning:  #1-D: last line of file ends without a newline
  #define PB11_KEY_SubPriority        1
..\HARDWARE\Usart5_Protocol\usart5_protocol.h(5): warning:  #1295-D: Deprecated declaration UART5_Sensor_Init - give arg types
  void UART5_Sensor_Init();
..\USER\NVIC_Priority.h(41): warning:  #1-D: last line of file ends without a newline
  #define PB11_KEY_SubPriority        1
..\USER\NVIC_Priority.h(41): warning:  #1-D: last line of file ends without a newline
  #define PB11_KEY_SubPriority        1
..\HARDWARE\Usart5_Protocol\usart5_protocol.c: 4 warnings, 0 errors
compiling adc.c...
..\USER\NVIC_Priority.h(41): warning:  #1-D: last line of file ends without a newline
  #define PB11_KEY_SubPriority        1
..\HARDWARE\ADC\adc.h(10): warning:  #1295-D: Deprecated declaration Average - give arg types
  u16 Average(); //取平均值函数
..\USER\NVIC_Priority.h(41): warning:  #1-D: last line of file ends without a newline
  #define PB11_KEY_SubPriority        1
..\HARDWARE\ADC\adc.c: 3 warnings, 0 errors
compiling spi.c...
..\USER\NVIC_Priority.h(41): warning:  #1-D: last line of file ends without a newline
  #define PB11_KEY_SubPriority        1
..\HARDWARE\SPI\spi.c(79): warning:  #940-D: missing return statement at end of non-void function "SPI2_Send" 
  }
..\HARDWARE\SPI\spi.c: 2 warnings, 0 errors
compiling flash.c...
..\USER\NVIC_Priority.h(41): warning:  #1-D: last line of file ends without a newline
  #define PB11_KEY_SubPriority        1
..\USER\NVIC_Priority.h(41): warning:  #1-D: last line of file ends without a newline
  #define PB11_KEY_SubPriority        1
..\HARDWARE\Flash\flash.h(9): warning:  #1295-D: Deprecated declaration Flash_Buffer_Init - give arg types
  void Flash_Buffer_Init();
..\HARDWARE\Flash\flash.h(10): warning:  #1295-D: Deprecated declaration Set_Flash_Buffer - give arg types
  void Set_Flash_Buffer();
..\HARDWARE\Flash\flash.h(11): warning:  #1295-D: Deprecated declaration Get_Flash_Buffer - give arg types
  void Get_Flash_Buffer();
..\USER\NVIC_Priority.h(41): warning:  #1-D: last line of file ends without a newline
  #define PB11_KEY_SubPriority        1
..\HARDWARE\Motor_Control\motor_control.h(7): warning:  #1295-D: Deprecated declaration Actuator_Init - give arg types
  void Actuator_Init();
..\HARDWARE\Motor_Control\motor_control.h(11): warning:  #1295-D: Deprecated declaration Seat_High - give arg types
  void Seat_High();
..\HARDWARE\Motor_Control\motor_control.h(12): warning:  #1295-D: Deprecated declaration Seat_Low - give arg types
  void Seat_Low();
..\HARDWARE\Motor_Control\motor_control.h(17): warning:  #1295-D: Deprecated declaration Backup_Init - give arg types
  void Backup_Init();
..\HARDWARE\Motor_Control\motor_control.h(24): warning:  #1295-D: Deprecated declaration Get_Seat_Height - give arg types
  u16 Get_Seat_Height();
..\HARDWARE\Motor_Control\motor_control.h(27): warning:  #1-D: last line of file ends without a newline
  #endif
..\HARDWARE\Flash\flash.c: 12 warnings, 0 errors
linking...
Program Size: Code=19160 RO-data=848 RW-data=120 ZI-data=24640  
FromELF: creating hex file...
"..\OBJ\STM32.axf" - 0 Error(s), 206 Warning(s).

<h2>Collection of Component include folders:</h2>
  .\RTE\_LED
  C:\Keil_v5\ARM\PACK\Keil\STM32F1xx_DFP\2.1.0\Device\Include

<h2>Collection of Component Files used:</h2>
Build Time Elapsed:  00:00:11
</pre>
</body>
</html>
