<html>
<body>
<pre>
<h1>礦ision Build Log</h1>
<h2>Tool Versions:</h2>
IDE-Version: μVision V5.25.1.0
Copyright (C) 2018 ARM Ltd and ARM Germany GmbH. All rights reserved.
License Information: HUANG WENYU, XJTU, LIC=7YKSB-2LQ7Z-8XYUZ-JVXYV-5NI0P-8IAZ5
 
Tool Versions:
Toolchain:       MDK-ARM Professional  Version: 5.25.1.0
Toolchain Path:  D:\Keil_v5\ARM\ARMCC\Bin
C Compiler:      Armcc.exe V5.06 update 6 (build 750)
Assembler:       Armasm.exe V5.06 update 6 (build 750)
Linker/Locator:  ArmLink.exe V5.06 update 6 (build 750)
Library Manager: ArmAr.exe V5.06 update 6 (build 750)
Hex Converter:   FromElf.exe V5.06 update 6 (build 750)
CPU DLL:         SARMCM3.DLL V5.25.1.0
Dialog DLL:      DARMSTM.DLL V1.68.0.0
Target DLL:      Segger\JL2CM3.dll V2.99.23.0
Dialog DLL:        TARMSTM.DLL   
 
<h2>Project:</h2>
F:\STM32 Project\USER\LED.uvprojx
Project File Date:  09/16/2018

<h2>Output:</h2>
*** Using Compiler 'V5.06 update 6 (build 750)', folder: 'D:\Keil_v5\ARM\ARMCC\Bin'
Build target 'LED'
compiling usart1_dma.c...
..\USER\project_config.h(147): warning:  #1-D: last line of file ends without a newline
  #endif
..\HARDWARE\Usart2_Protocol\usart2_protocol.h(8): warning:  #1295-D: Deprecated declaration USART2_Sensor_Init - give arg types
  void USART2_Sensor_Init();
..\HARDWARE\Usart2_Protocol\usart2_protocol.h(11): warning:  #1295-D: Deprecated declaration BP_Measurement_Start - give arg types
  void BP_Measurement_Start();  //MASTER 成人BP测量
..\HARDWARE\Usart2_Protocol\usart2_protocol.h(12): warning:  #1295-D: Deprecated declaration BP_Measurement_Stop - give arg types
  void BP_Measurement_Stop();
..\HARDWARE\Usart2_Protocol\usart2_protocol.h(13): warning:  #1295-D: Deprecated declaration Get_BP_Measurement_Result - give arg types
  void Get_BP_Measurement_Result();
..\HARDWARE\Usart2_Protocol\usart2_protocol.h(14): warning:  #1295-D: Deprecated declaration Get_BP_Cuff_Pressure - give arg types
  void Get_BP_Cuff_Pressure();
..\HARDWARE\Usart2_Protocol\usart2_protocol.h(15): warning:  #1295-D: Deprecated declaration BP_Cuff_Start - give arg types
  void BP_Cuff_Start();
..\HARDWARE\Usart2_Protocol\usart2_protocol.h(17): warning:  #1295-D: Deprecated declaration BP_Reset - give arg types
  void BP_Reset();  //复位模块处理器
..\HARDWARE\Usart2_Protocol\usart2_protocol.h(18): warning:  #1295-D: Deprecated declaration BP_Status - give arg types
  void BP_Status(); //模块状态监测
..\HARDWARE\Usart2_Protocol\usart2_protocol.h(28): warning:  #1-D: last line of file ends without a newline
  #endif
..\HARDWARE\Usart1_DMA\usart1_dma.c(220): warning:  #223-D: function "USART1_Flag" declared implicitly
  		USART_RECEIVE_MODE=USART1_Flag(&USART1_RECEIVE_DATA[0]);
..\HARDWARE\Usart1_DMA\usart1_dma.c(224): warning:  #223-D: function "BP_Measurement" declared implicitly
  				switch (BP_Measurement(&USART1_RECEIVE_DATA[0]))
..\HARDWARE\Usart1_DMA\usart1_dma.c(20): warning:  #550-D: variable "USART1_TX_BUSY"  was set but never used
  static u8 USART1_TX_BUSY=0; //0：空闲 1:正在发送
..\HARDWARE\Usart1_DMA\usart1_dma.c: 13 warnings, 0 errors
linking...
Program Size: Code=13880 RO-data=848 RW-data=68 ZI-data=2756  
FromELF: creating hex file...
"..\OBJ\STM32_Project.axf" - 0 Error(s), 13 Warning(s).

<h2>Software Packages used:</h2>

Package Vendor: Keil
                http://www.keil.com/pack/Keil.STM32F1xx_DFP.2.2.0.pack
                Keil.STM32F1xx_DFP.2.2.0
                STMicroelectronics STM32F1 Series Device Support, Drivers and Examples

<h2>Collection of Component include folders:</h2>
  .\RTE\_LED
  D:\Keil_v5\ARM\PACK\Keil\STM32F1xx_DFP\2.2.0\Device\Include

<h2>Collection of Component Files used:</h2>
Build Time Elapsed:  00:00:01
</pre>
</body>
</html>
