<html>
<body>
<pre>
<h1>礦ision Build Log</h1>
<h2>Tool Versions:</h2>
IDE-Version: μVision V5.25.1.0
Copyright (C) 2018 ARM Ltd and ARM Germany GmbH. All rights reserved.
License Information: HUANG WENYU, XJTU, LIC=7YKSB-2LQ7Z-8XYUZ-JVXYV-5NI0P-8IAZ5
 
Tool Versions:
Toolchain:       MDK-ARM Professional  Version: 5.25.1.0
Toolchain Path:  D:\Keil_v5\ARM\ARMCC\Bin
C Compiler:      Armcc.exe V5.06 update 6 (build 750)
Assembler:       Armasm.exe V5.06 update 6 (build 750)
Linker/Locator:  ArmLink.exe V5.06 update 6 (build 750)
Library Manager: ArmAr.exe V5.06 update 6 (build 750)
Hex Converter:   FromElf.exe V5.06 update 6 (build 750)
CPU DLL:         SARMCM3.DLL V5.25.1.0
Dialog DLL:      DARMSTM.DLL V1.68.0.0
Target DLL:      Segger\JL2CM3.dll V2.99.23.0
Dialog DLL:        TARMSTM.DLL   
 
<h2>Project:</h2>
F:\STM32 Project\USER\LED.uvprojx
Project File Date:  09/15/2018

<h2>Output:</h2>
*** Using Compiler 'V5.06 update 6 (build 750)', folder: 'D:\Keil_v5\ARM\ARMCC\Bin'
Build target 'LED'
compiling motor_control.c...
..\HARDWARE\Motor_Control\motor_control.h(6): warning:  #1295-D: Deprecated declaration Motor_Init - give arg types
  void Motor_Init();
..\HARDWARE\Motor_Control\motor_control.h(19): warning:  #1-D: last line of file ends without a newline
  #endif
..\HARDWARE\PWM\pwm.h(10): warning:  #14-D: extra text after expected end of preprocessing directive
  #ifdef USE_PWM_CH1 || USE_PWM_CH2 ||USE_PWM_CH3 ||USE_PWM_CH4
..\HARDWARE\PWM\pwm.h(11): warning:  #1295-D: Deprecated declaration PWM_Init_Default - give arg types
  void PWM_Init_Default();
..\HARDWARE\Motor_Control\motor_control.c(24): warning:  #223-D: function "Motor_GPIO_Init" declared implicitly
  	Motor_GPIO_Init();
..\HARDWARE\Motor_Control\motor_control.c(95): warning:  #1-D: last line of file ends without a newline
  #endif
..\HARDWARE\Motor_Control\motor_control.c: 6 warnings, 0 errors
compiling main.c...
..\HARDWARE\Motor_Control\motor_control.h(6): warning:  #1295-D: Deprecated declaration Motor_Init - give arg types
  void Motor_Init();
..\HARDWARE\Motor_Control\motor_control.h(19): warning:  #1-D: last line of file ends without a newline
  #endif
..\HARDWARE\Usart1_Protocol\usart1_protocol.h(7): warning:  #1295-D: Deprecated declaration USART1_Key_Init - give arg types
  void USART1_Key_Init(); //按键传输协议初始化
..\HARDWARE\Usart1_Protocol\usart1_protocol.h(10): warning:  #1295-D: Deprecated declaration KEY0_Response - give arg types
  void KEY0_Response();
..\HARDWARE\Usart1_Protocol\usart1_protocol.h(13): warning:  #1295-D: Deprecated declaration KEY1_Response - give arg types
  void KEY1_Response();
..\HARDWARE\Usart1_Protocol\usart1_protocol.h(28): warning:  #1295-D: Deprecated declaration KEY6_Response - give arg types
  void KEY6_Response();
..\HARDWARE\Usart1_Protocol\usart1_protocol.h(31): warning:  #1295-D: Deprecated declaration KEY7_Response - give arg types
  void KEY7_Response();
..\HARDWARE\Usart1_Protocol\usart1_protocol.h(39): warning:  #1295-D: Deprecated declaration SPO2_Response - give arg types
  void SPO2_Response();
..\HARDWARE\Usart1_Protocol\usart1_protocol.h(41): warning:  #1-D: last line of file ends without a newline
  #endif
main.c(20): warning:  #223-D: function "USART3_Sensor_Init" declared implicitly
  	USART3_Sensor_Init();
main.c(31): warning:  #223-D: function "USART3_DMA_Init" declared implicitly
    USART3_DMA_Init(USART3_BaudRate);	
main.c: 11 warnings, 0 errors
linking...
Program Size: Code=12868 RO-data=848 RW-data=64 ZI-data=2704  
FromELF: creating hex file...
"..\OBJ\STM32_Project.axf" - 0 Error(s), 17 Warning(s).

<h2>Software Packages used:</h2>

Package Vendor: Keil
                http://www.keil.com/pack/Keil.STM32F1xx_DFP.2.2.0.pack
                Keil.STM32F1xx_DFP.2.2.0
                STMicroelectronics STM32F1 Series Device Support, Drivers and Examples

<h2>Collection of Component include folders:</h2>
  .\RTE\_LED
  D:\Keil_v5\ARM\PACK\Keil\STM32F1xx_DFP\2.2.0\Device\Include

<h2>Collection of Component Files used:</h2>
Build Time Elapsed:  00:00:01
</pre>
</body>
</html>
