Component: ARM Compiler 5.06 update 6 (build 750) Tool: armlink [4d35ed]

==============================================================================

Section Cross References

    main.o(.text) refers to delay.o(.text) for delay_init
    main.o(.text) refers to rcc.o(.text) for RCC_Init
    main.o(.text) refers to key.o(.text) for KEY_Init
    main.o(.text) refers to usart2_protocol.o(.text) for USART2_Key_Init
    main.o(.text) refers to usart5_protocol.o(.text) for UART5_Sensor_Init
    main.o(.text) refers to misc.o(.text) for NVIC_PriorityGroupConfig
    main.o(.text) refers to usart1_dma.o(.text) for USART1_DMA_Init
    main.o(.text) refers to usart2_dma.o(.text) for USART2_DMA_Init
    main.o(.text) refers to usart3_dma.o(.text) for USART3_DMA_Init
    main.o(.text) refers to usart5_dma.o(.text) for UART5_Init
    main.o(.text) refers to malloc.o(i.malloc) for malloc
    main.o(.text) refers to encoder.o(.text) for Hall_Senor_Init
    main.o(.text) refers to pwm.o(.text) for PWM_Init_Default
    main.o(.text) refers to usart5_dma.o(.data) for SPO2_FLAG
    system_stm32f10x.o(.text) refers to system_stm32f10x.o(.data) for SystemCoreClock
    usart1_dma.o(.text) refers to stm32f10x_gpio.o(.text) for GPIO_Init
    usart1_dma.o(.text) refers to stm32f10x_usart.o(.text) for USART_Init
    usart1_dma.o(.text) refers to misc.o(.text) for NVIC_Init
    usart1_dma.o(.text) refers to stm32f10x_dma.o(.text) for DMA_DeInit
    usart1_dma.o(.text) refers to memcpya.o(.text) for __aeabi_memcpy
    usart1_dma.o(.text) refers to usart1_dma.o(.bss) for USART1_SEND_DATA
    usart1_dma.o(.text) refers to usart1_dma.o(.data) for USART1_TX_BUSY
    usart2_dma.o(.text) refers to stm32f10x_gpio.o(.text) for GPIO_Init
    usart2_dma.o(.text) refers to stm32f10x_usart.o(.text) for USART_Init
    usart2_dma.o(.text) refers to misc.o(.text) for NVIC_Init
    usart2_dma.o(.text) refers to stm32f10x_dma.o(.text) for DMA_DeInit
    usart2_dma.o(.text) refers to memcpya.o(.text) for __aeabi_memcpy
    usart2_dma.o(.text) refers to usart2_protocol.o(.text) for Is_BP_Order
    usart2_dma.o(.text) refers to usart3_protocol.o(.text) for BP_Order_USART3
    usart2_dma.o(.text) refers to usart2_dma.o(.bss) for USART2_SEND_DATA
    usart2_dma.o(.text) refers to usart2_dma.o(.data) for USART2_TX_BUSY
    usart3_dma.o(.text) refers to stm32f10x_gpio.o(.text) for GPIO_PinRemapConfig
    usart3_dma.o(.text) refers to stm32f10x_usart.o(.text) for USART_Init
    usart3_dma.o(.text) refers to misc.o(.text) for NVIC_Init
    usart3_dma.o(.text) refers to stm32f10x_dma.o(.text) for DMA_DeInit
    usart3_dma.o(.text) refers to memcpya.o(.text) for __aeabi_memcpy
    usart3_dma.o(.text) refers to usart2_protocol.o(.text) for USART2_BP_Response
    usart3_dma.o(.text) refers to usart3_dma.o(.bss) for USART3_SEND_DATA
    usart3_dma.o(.text) refers to usart3_dma.o(.data) for USART3_TX_BUSY
    pwm.o(.text) refers to stm32f10x_gpio.o(.text) for GPIO_Init
    pwm.o(.text) refers to stm32f10x_tim.o(.text) for TIM_TimeBaseInit
    key.o(.text) refers to stm32f10x_gpio.o(.text) for GPIO_Init
    key.o(.text) refers to stm32f10x_exti.o(.text) for EXTI_Init
    key.o(.text) refers to misc.o(.text) for NVIC_Init
    key.o(.text) refers to delay.o(.text) for delay_ms
    key.o(.text) refers to usart2_protocol.o(i.KEY1_Response) for KEY1_Response
    key.o(.text) refers to usart2_protocol.o(.text) for KEY6_Response
    crc_16.o(.text) refers to crc_16.o(.data) for ucCRCHi
    crc_16.o(.text) refers to crc_16.o(.constdata) for aucCRCHi
    usart3_protocol.o(.text) refers to usart3_dma.o(.text) for USART3_DMA_Send_Once_Data
    usart3_protocol.o(.text) refers to usart3_protocol.o(.bss) for USART3_BP_DATA
    gpio.o(.text) refers to stm32f10x_rcc.o(.text) for RCC_APB2PeriphClockCmd
    gpio.o(.text) refers to stm32f10x_gpio.o(.text) for GPIO_Init
    motor_control.o(.text) refers to gpio.o(.text) for Motor_GPIO_Init
    motor_control.o(.text) refers to pwm.o(.text) for PWM_Init_Default
    usart2_protocol.o(.text) refers to crc_16.o(.text) for usMBCRC16
    usart2_protocol.o(.text) refers to usart2_dma.o(.text) for USART2_DMA_Send_Once_Data
    usart2_protocol.o(.text) refers to ffixui.o(.text) for __aeabi_f2uiz
    usart2_protocol.o(.text) refers to usart2_protocol.o(.data) for Send_Date_Key
    usart2_protocol.o(.text) refers to usart3_protocol.o(.bss) for USART3_BP_DATA
    usart2_protocol.o(.text) refers to usart5_dma.o(.bss) for SPO2_DATA
    usart2_protocol.o(.text) refers to usart5_dma.o(.data) for SPO2_FLAG
    usart2_protocol.o(.text) refers to encoder.o(.data) for motor_speed
    encoder.o(.text) refers to stm32f10x_gpio.o(.text) for GPIO_Init
    encoder.o(.text) refers to stm32f10x_exti.o(.text) for EXTI_Init
    encoder.o(.text) refers to misc.o(.text) for NVIC_Init
    encoder.o(.text) refers to stm32f10x_tim.o(.text) for TIM_GetCounter
    encoder.o(.text) refers to ffltui.o(.text) for __aeabi_ui2f
    encoder.o(.text) refers to fdiv.o(.text) for __aeabi_fdiv
    encoder.o(.text) refers to encoder.o(.data) for count_now
    rcc.o(.text) refers to stm32f10x_rcc.o(.text) for RCC_APB2PeriphClockCmd
    usart5_dma.o(.text) refers to stm32f10x_gpio.o(.text) for GPIO_Init
    usart5_dma.o(.text) refers to stm32f10x_usart.o(.text) for USART_Init
    usart5_dma.o(.text) refers to misc.o(.text) for NVIC_Init
    usart5_dma.o(.text) refers to memcpya.o(.text) for __aeabi_memcpy
    usart5_dma.o(.text) refers to usart5_protocol.o(.text) for Is_State_Date
    usart5_dma.o(.text) refers to usart5_dma.o(.bss) for UART5_SEND_DATA
    usart5_dma.o(.text) refers to usart5_dma.o(.data) for RxCounter
    usart5_protocol.o(.text) refers to usart5_dma.o(.bss) for SPO2_DATA
    delay.o(.text) refers to misc.o(.text) for SysTick_CLKSourceConfig
    delay.o(.text) refers to system_stm32f10x.o(.data) for SystemCoreClock
    delay.o(.text) refers to delay.o(.data) for fac_us
    startup_stm32f10x_hd.o(RESET) refers to startup_stm32f10x_hd.o(STACK) for __initial_sp
    startup_stm32f10x_hd.o(RESET) refers to startup_stm32f10x_hd.o(.text) for Reset_Handler
    startup_stm32f10x_hd.o(RESET) refers to stm32f10x_it.o(.text) for NMI_Handler
    startup_stm32f10x_hd.o(RESET) refers to encoder.o(.text) for EXTI0_IRQHandler
    startup_stm32f10x_hd.o(RESET) refers to key.o(.text) for EXTI1_IRQHandler
    startup_stm32f10x_hd.o(RESET) refers to usart3_dma.o(.text) for DMA1_Channel2_IRQHandler
    startup_stm32f10x_hd.o(RESET) refers to usart1_dma.o(.text) for DMA1_Channel4_IRQHandler
    startup_stm32f10x_hd.o(RESET) refers to usart2_dma.o(.text) for DMA1_Channel7_IRQHandler
    startup_stm32f10x_hd.o(RESET) refers to usart5_dma.o(.text) for UART5_IRQHandler
    startup_stm32f10x_hd.o(.text) refers to system_stm32f10x.o(.text) for SystemInit
    startup_stm32f10x_hd.o(.text) refers to entry.o(.ARM.Collect$$$$00000000) for __main
    stm32f10x_gpio.o(.text) refers to stm32f10x_rcc.o(.text) for RCC_APB2PeriphResetCmd
    stm32f10x_rcc.o(.text) refers to stm32f10x_rcc.o(.data) for APBAHBPrescTable
    stm32f10x_usart.o(.text) refers to stm32f10x_rcc.o(.text) for RCC_APB2PeriphResetCmd
    stm32f10x_tim.o(.text) refers to stm32f10x_rcc.o(.text) for RCC_APB2PeriphResetCmd
    entry.o(.ARM.Collect$$$$00000000) refers (Special) to entry10a.o(.ARM.Collect$$$$0000000D) for __rt_final_cpp
    entry.o(.ARM.Collect$$$$00000000) refers (Special) to entry11a.o(.ARM.Collect$$$$0000000F) for __rt_final_exit
    entry.o(.ARM.Collect$$$$00000000) refers (Special) to entry7b.o(.ARM.Collect$$$$00000008) for _main_clock
    entry.o(.ARM.Collect$$$$00000000) refers (Special) to entry8b.o(.ARM.Collect$$$$0000000A) for _main_cpp_init
    entry.o(.ARM.Collect$$$$00000000) refers (Special) to entry9a.o(.ARM.Collect$$$$0000000B) for _main_init
    entry.o(.ARM.Collect$$$$00000000) refers (Special) to entry5.o(.ARM.Collect$$$$00000004) for _main_scatterload
    entry.o(.ARM.Collect$$$$00000000) refers (Special) to entry2.o(.ARM.Collect$$$$00000001) for _main_stk
    malloc.o(i.free) refers to mvars.o(.data) for __microlib_freelist
    malloc.o(i.malloc) refers to mvars.o(.data) for __microlib_freelist_initialised
    malloc.o(i.malloc) refers to mvars.o(.data) for __microlib_freelist
    malloc.o(i.malloc) refers to startup_stm32f10x_hd.o(HEAP) for __heap_base
    mallocr.o(i.__free$realloc) refers to mvars.o(.data) for __microlib_freelist
    mallocr.o(i.__malloc$realloc) refers to mallocr.o(i.internal_alloc) for internal_alloc
    mallocr.o(i.__malloc$realloc) refers to mvars.o(.data) for __microlib_freelist_initialised
    mallocr.o(i.__malloc$realloc) refers to startup_stm32f10x_hd.o(HEAP) for __heap_base
    mallocr.o(i.__malloc$realloc) refers to mvars.o(.data) for __microlib_freelist
    mallocr.o(i.internal_alloc) refers to memcpya.o(.text) for __aeabi_memcpy
    mallocr.o(i.internal_alloc) refers to mvars.o(.data) for __microlib_freelist
    mallocr.o(i.realloc) refers to mallocr.o(i.__free$realloc) for __free$realloc
    mallocr.o(i.realloc) refers to mallocr.o(i.internal_alloc) for internal_alloc
    mallocr.o(i.realloc) refers to mallocr.o(i.__malloc$realloc) for __malloc$realloc
    mallocr.o(i.realloc) refers to mvars.o(.data) for __microlib_freelist
    malloca.o(i.__aligned_malloc) refers to mvars.o(.data) for __microlib_freelist_initialised
    malloca.o(i.__aligned_malloc) refers to mvars.o(.data) for __microlib_freelist
    malloca.o(i.__aligned_malloc) refers to startup_stm32f10x_hd.o(HEAP) for __heap_base
    malloca.o(i.__free$memalign) refers to mvars.o(.data) for __microlib_freelist
    malloca.o(i.__malloc$memalign) refers to malloca.o(i.__aligned_malloc) for __aligned_malloc
    mallocra.o(i.__aligned_malloc$realloc) refers to mallocra.o(i.internal_alloc) for internal_alloc
    mallocra.o(i.__aligned_malloc$realloc) refers to mvars.o(.data) for __microlib_freelist_initialised
    mallocra.o(i.__aligned_malloc$realloc) refers to startup_stm32f10x_hd.o(HEAP) for __heap_base
    mallocra.o(i.__aligned_malloc$realloc) refers to mvars.o(.data) for __microlib_freelist
    mallocra.o(i.__free$realloc$memalign) refers to mvars.o(.data) for __microlib_freelist
    mallocra.o(i.__malloc$realloc$memalign) refers to mallocra.o(i.__aligned_malloc$realloc) for __aligned_malloc$realloc
    mallocra.o(i.__realloc$memalign) refers to mallocra.o(i.__free$realloc$memalign) for __free$realloc$memalign
    mallocra.o(i.__realloc$memalign) refers to mallocra.o(i.internal_alloc) for internal_alloc
    mallocra.o(i.__realloc$memalign) refers to mallocra.o(i.__malloc$realloc$memalign) for __malloc$realloc$memalign
    mallocra.o(i.__realloc$memalign) refers to mvars.o(.data) for __microlib_freelist
    mallocra.o(i.internal_alloc) refers to memcpya.o(.text) for __aeabi_memcpy
    mallocra.o(i.internal_alloc) refers to mvars.o(.data) for __microlib_freelist
    fdiv.o(.text) refers (Special) to iusefp.o(.text) for __I$use$fp
    fdiv.o(.text) refers to fepilogue.o(.text) for _float_round
    ffltui.o(.text) refers (Special) to iusefp.o(.text) for __I$use$fp
    ffltui.o(.text) refers to fepilogue.o(.text) for _float_epilogue
    ffixui.o(.text) refers (Special) to iusefp.o(.text) for __I$use$fp
    entry2.o(.ARM.Collect$$$$00000001) refers to entry2.o(.ARM.Collect$$$$00002712) for __lit__00000000
    entry2.o(.ARM.Collect$$$$00002712) refers to startup_stm32f10x_hd.o(STACK) for __initial_sp
    entry2.o(__vectab_stack_and_reset_area) refers to startup_stm32f10x_hd.o(STACK) for __initial_sp
    entry2.o(__vectab_stack_and_reset_area) refers to entry.o(.ARM.Collect$$$$00000000) for __main
    entry5.o(.ARM.Collect$$$$00000004) refers to init.o(.text) for __scatterload
    entry9a.o(.ARM.Collect$$$$0000000B) refers to main.o(.text) for main
    entry9b.o(.ARM.Collect$$$$0000000C) refers to main.o(.text) for main
    init.o(.text) refers to entry5.o(.ARM.Collect$$$$00000004) for __main_after_scatterload
    usart2_protocol.o(i.KEY1_Response) refers to crc_16.o(.text) for usMBCRC16
    usart2_protocol.o(i.KEY1_Response) refers to usart2_dma.o(.text) for USART2_DMA_Send_Once_Data
    usart2_protocol.o(i.KEY1_Response) refers to usart2_protocol.o(.data) for Send_Date_Key


==============================================================================

Removing Unused input sections from the image.

    Removing usart1_protocol.o(.constdata), (512 bytes).
    Removing gpio.o(.text), (228 bytes).
    Removing motor_control.o(.text), (176 bytes).
    Removing usart2_protocol.o(.constdata), (512 bytes).
    Removing sys.o(.emb_text), (6 bytes).
    Removing sys.o(.text), (12 bytes).
    Removing core_cm3.o(.emb_text), (32 bytes).
    Removing stm32f10x_crc.o(.text), (72 bytes).

8 unused section(s) (total 1550 bytes) removed from the image.

==============================================================================

Image Symbol Table

    Local Symbols

    Symbol Name                              Value     Ov Type        Size  Object(Section)

    ../clib/microlib/init/entry.s            0x00000000   Number         0  entry9b.o ABSOLUTE
    ../clib/microlib/init/entry.s            0x00000000   Number         0  entry11a.o ABSOLUTE
    ../clib/microlib/init/entry.s            0x00000000   Number         0  entry10b.o ABSOLUTE
    ../clib/microlib/init/entry.s            0x00000000   Number         0  entry10a.o ABSOLUTE
    ../clib/microlib/init/entry.s            0x00000000   Number         0  entry8b.o ABSOLUTE
    ../clib/microlib/init/entry.s            0x00000000   Number         0  entry8a.o ABSOLUTE
    ../clib/microlib/init/entry.s            0x00000000   Number         0  entry7b.o ABSOLUTE
    ../clib/microlib/init/entry.s            0x00000000   Number         0  entry7a.o ABSOLUTE
    ../clib/microlib/init/entry.s            0x00000000   Number         0  entry11b.o ABSOLUTE
    ../clib/microlib/init/entry.s            0x00000000   Number         0  entry5.o ABSOLUTE
    ../clib/microlib/init/entry.s            0x00000000   Number         0  entry9a.o ABSOLUTE
    ../clib/microlib/init/entry.s            0x00000000   Number         0  entry.o ABSOLUTE
    ../clib/microlib/init/entry.s            0x00000000   Number         0  entry2.o ABSOLUTE
    ../clib/microlib/malloc/malloc.c         0x00000000   Number         0  mallocr.o ABSOLUTE
    ../clib/microlib/malloc/malloc.c         0x00000000   Number         0  malloc.o ABSOLUTE
    ../clib/microlib/malloc/malloc.c         0x00000000   Number         0  mallocra.o ABSOLUTE
    ../clib/microlib/malloc/malloc.c         0x00000000   Number         0  malloca.o ABSOLUTE
    ../clib/microlib/malloc/mvars.c          0x00000000   Number         0  mvars.o ABSOLUTE
    ../clib/microlib/string/memcpy.c         0x00000000   Number         0  memcpyb.o ABSOLUTE
    ../clib/microlib/string/memcpy.c         0x00000000   Number         0  memcpya.o ABSOLUTE
    ../clib/microlib/stubs.s                 0x00000000   Number         0  iusefp.o ABSOLUTE
    ../fplib/microlib/fpdiv.c                0x00000000   Number         0  fdiv.o ABSOLUTE
    ../fplib/microlib/fpepilogue.c           0x00000000   Number         0  fepilogue.o ABSOLUTE
    ../fplib/microlib/fpfix.c                0x00000000   Number         0  ffixui.o ABSOLUTE
    ../fplib/microlib/fpflt.c                0x00000000   Number         0  ffltui.o ABSOLUTE
    ..\CORE\core_cm3.c                       0x00000000   Number         0  core_cm3.o ABSOLUTE
    ..\CORE\startup_stm32f10x_hd.s           0x00000000   Number         0  startup_stm32f10x_hd.o ABSOLUTE
    ..\HARDWARE\CRC_16\crc_16.c              0x00000000   Number         0  crc_16.o ABSOLUTE
    ..\HARDWARE\Encoder\encoder.c            0x00000000   Number         0  encoder.o ABSOLUTE
    ..\HARDWARE\GPIO\gpio.c                  0x00000000   Number         0  gpio.o ABSOLUTE
    ..\HARDWARE\Key\key.c                    0x00000000   Number         0  key.o ABSOLUTE
    ..\HARDWARE\Motor_Control\motor_control.c 0x00000000   Number         0  motor_control.o ABSOLUTE
    ..\HARDWARE\PWM\pwm.c                    0x00000000   Number         0  pwm.o ABSOLUTE
    ..\HARDWARE\RCC\rcc.c                    0x00000000   Number         0  rcc.o ABSOLUTE
    ..\HARDWARE\Usart1_DMA\usart1_dma.c      0x00000000   Number         0  usart1_dma.o ABSOLUTE
    ..\HARDWARE\Usart1_Protocol\usart1_protocol.c 0x00000000   Number         0  usart1_protocol.o ABSOLUTE
    ..\HARDWARE\Usart2_DMA\usart2_dma.c      0x00000000   Number         0  usart2_dma.o ABSOLUTE
    ..\HARDWARE\Usart2_Protocol\usart2_protocol.c 0x00000000   Number         0  usart2_protocol.o ABSOLUTE
    ..\HARDWARE\Usart3_DMA\usart3_dma.c      0x00000000   Number         0  usart3_dma.o ABSOLUTE
    ..\HARDWARE\Usart3_Protocol\usart3_protocol.c 0x00000000   Number         0  usart3_protocol.o ABSOLUTE
    ..\HARDWARE\Usart5_DMA\usart5_dma.c      0x00000000   Number         0  usart5_dma.o ABSOLUTE
    ..\HARDWARE\Usart5_Protocol\usart5_protocol.c 0x00000000   Number         0  usart5_protocol.o ABSOLUTE
    ..\STM32F10x_FWLib\src\misc.c            0x00000000   Number         0  misc.o ABSOLUTE
    ..\STM32F10x_FWLib\src\stm32f10x_crc.c   0x00000000   Number         0  stm32f10x_crc.o ABSOLUTE
    ..\STM32F10x_FWLib\src\stm32f10x_dma.c   0x00000000   Number         0  stm32f10x_dma.o ABSOLUTE
    ..\STM32F10x_FWLib\src\stm32f10x_exti.c  0x00000000   Number         0  stm32f10x_exti.o ABSOLUTE
    ..\STM32F10x_FWLib\src\stm32f10x_gpio.c  0x00000000   Number         0  stm32f10x_gpio.o ABSOLUTE
    ..\STM32F10x_FWLib\src\stm32f10x_rcc.c   0x00000000   Number         0  stm32f10x_rcc.o ABSOLUTE
    ..\STM32F10x_FWLib\src\stm32f10x_tim.c   0x00000000   Number         0  stm32f10x_tim.o ABSOLUTE
    ..\STM32F10x_FWLib\src\stm32f10x_usart.c 0x00000000   Number         0  stm32f10x_usart.o ABSOLUTE
    ..\SYSTEM\delay\delay.c                  0x00000000   Number         0  delay.o ABSOLUTE
    ..\SYSTEM\sys\sys.c                      0x00000000   Number         0  sys.o ABSOLUTE
    ..\\CORE\\core_cm3.c                     0x00000000   Number         0  core_cm3.o ABSOLUTE
    ..\\SYSTEM\\sys\\sys.c                   0x00000000   Number         0  sys.o ABSOLUTE
    dc.s                                     0x00000000   Number         0  dc.o ABSOLUTE
    handlers.s                               0x00000000   Number         0  handlers.o ABSOLUTE
    init.s                                   0x00000000   Number         0  init.o ABSOLUTE
    main.c                                   0x00000000   Number         0  main.o ABSOLUTE
    stm32f10x_it.c                           0x00000000   Number         0  stm32f10x_it.o ABSOLUTE
    system_stm32f10x.c                       0x00000000   Number         0  system_stm32f10x.o ABSOLUTE
    RESET                                    0x08010000   Section      304  startup_stm32f10x_hd.o(RESET)
    .ARM.Collect$$$$00000000                 0x08010130   Section        0  entry.o(.ARM.Collect$$$$00000000)
    .ARM.Collect$$$$00000001                 0x08010130   Section        4  entry2.o(.ARM.Collect$$$$00000001)
    .ARM.Collect$$$$00000004                 0x08010134   Section        4  entry5.o(.ARM.Collect$$$$00000004)
    .ARM.Collect$$$$00000008                 0x08010138   Section        0  entry7b.o(.ARM.Collect$$$$00000008)
    .ARM.Collect$$$$0000000A                 0x08010138   Section        0  entry8b.o(.ARM.Collect$$$$0000000A)
    .ARM.Collect$$$$0000000B                 0x08010138   Section        8  entry9a.o(.ARM.Collect$$$$0000000B)
    .ARM.Collect$$$$0000000D                 0x08010140   Section        0  entry10a.o(.ARM.Collect$$$$0000000D)
    .ARM.Collect$$$$0000000F                 0x08010140   Section        0  entry11a.o(.ARM.Collect$$$$0000000F)
    .ARM.Collect$$$$00002712                 0x08010140   Section        4  entry2.o(.ARM.Collect$$$$00002712)
    __lit__00000000                          0x08010140   Data           4  entry2.o(.ARM.Collect$$$$00002712)
    .text                                    0x08010144   Section        0  main.o(.text)
    .text                                    0x080101e4   Section        0  stm32f10x_it.o(.text)
    .text                                    0x08010200   Section        0  system_stm32f10x.o(.text)
    SetSysClockTo72                          0x08010201   Thumb Code   214  system_stm32f10x.o(.text)
    SetSysClock                              0x080102d7   Thumb Code     8  system_stm32f10x.o(.text)
    .text                                    0x080103e0   Section        0  usart1_dma.o(.text)
    .text                                    0x08010654   Section        0  usart2_dma.o(.text)
    .text                                    0x080108d0   Section        0  usart3_dma.o(.text)
    .text                                    0x08010b58   Section        0  pwm.o(.text)
    .text                                    0x08010cb4   Section        0  key.o(.text)
    .text                                    0x08010fbc   Section        0  crc_16.o(.text)
    .text                                    0x08011018   Section        0  usart3_protocol.o(.text)
    .text                                    0x08011044   Section        0  usart2_protocol.o(.text)
    .text                                    0x08011268   Section        0  encoder.o(.text)
    .text                                    0x08011388   Section        0  rcc.o(.text)
    .text                                    0x08011444   Section        0  usart5_dma.o(.text)
    .text                                    0x080115b4   Section        0  usart5_protocol.o(.text)
    .text                                    0x080115fc   Section        0  delay.o(.text)
    .text                                    0x080116d0   Section       36  startup_stm32f10x_hd.o(.text)
    .text                                    0x080116f4   Section        0  stm32f10x_gpio.o(.text)
    .text                                    0x08011a50   Section        0  stm32f10x_rcc.o(.text)
    .text                                    0x08011df4   Section        0  stm32f10x_usart.o(.text)
    .text                                    0x080121fc   Section        0  misc.o(.text)
    .text                                    0x080122d8   Section        0  stm32f10x_dma.o(.text)
    .text                                    0x0801252c   Section        0  stm32f10x_tim.o(.text)
    TI4_Config                               0x080129d3   Thumb Code   130  stm32f10x_tim.o(.text)
    TI3_Config                               0x08012a67   Thumb Code   122  stm32f10x_tim.o(.text)
    TI2_Config                               0x08012afb   Thumb Code   130  stm32f10x_tim.o(.text)
    TI1_Config                               0x08012b8f   Thumb Code   108  stm32f10x_tim.o(.text)
    .text                                    0x08013348   Section        0  stm32f10x_exti.o(.text)
    .text                                    0x08013464   Section        0  memcpya.o(.text)
    .text                                    0x08013488   Section        0  fdiv.o(.text)
    .text                                    0x08013504   Section        0  ffltui.o(.text)
    .text                                    0x0801350e   Section        0  ffixui.o(.text)
    .text                                    0x08013536   Section        0  iusefp.o(.text)
    .text                                    0x08013536   Section        0  fepilogue.o(.text)
    .text                                    0x080135a4   Section       36  init.o(.text)
    i.KEY1_Response                          0x080135c8   Section        0  usart2_protocol.o(i.KEY1_Response)
    i.__scatterload_copy                     0x080135f8   Section       14  handlers.o(i.__scatterload_copy)
    i.__scatterload_null                     0x08013606   Section        2  handlers.o(i.__scatterload_null)
    i.__scatterload_zeroinit                 0x08013608   Section       14  handlers.o(i.__scatterload_zeroinit)
    i.malloc                                 0x08013618   Section        0  malloc.o(i.malloc)
    .constdata                               0x08013684   Section      512  crc_16.o(.constdata)
    aucCRCHi                                 0x08013684   Data         256  crc_16.o(.constdata)
    aucCRCLo                                 0x08013784   Data         256  crc_16.o(.constdata)
    .data                                    0x20000000   Section       20  system_stm32f10x.o(.data)
    .data                                    0x20000014   Section        1  usart1_dma.o(.data)
    USART1_TX_BUSY                           0x20000014   Data           1  usart1_dma.o(.data)
    .data                                    0x20000015   Section        1  usart2_dma.o(.data)
    USART2_TX_BUSY                           0x20000015   Data           1  usart2_dma.o(.data)
    .data                                    0x20000016   Section        1  usart3_dma.o(.data)
    USART3_TX_BUSY                           0x20000016   Data           1  usart3_dma.o(.data)
    .data                                    0x20000017   Section        2  crc_16.o(.data)
    ucCRCHi                                  0x20000017   Data           1  crc_16.o(.data)
    ucCRCLo                                  0x20000018   Data           1  crc_16.o(.data)
    .data                                    0x20000019   Section       13  usart2_protocol.o(.data)
    .data                                    0x20000028   Section       16  encoder.o(.data)
    count_now                                0x20000028   Data           4  encoder.o(.data)
    count_last                               0x2000002c   Data           4  encoder.o(.data)
    count_diff                               0x20000030   Data           4  encoder.o(.data)
    .data                                    0x20000038   Section        2  usart5_dma.o(.data)
    .data                                    0x2000003a   Section        4  delay.o(.data)
    fac_us                                   0x2000003a   Data           1  delay.o(.data)
    fac_ms                                   0x2000003c   Data           2  delay.o(.data)
    .data                                    0x2000003e   Section       20  stm32f10x_rcc.o(.data)
    APBAHBPrescTable                         0x2000003e   Data          16  stm32f10x_rcc.o(.data)
    ADCPrescTable                            0x2000004e   Data           4  stm32f10x_rcc.o(.data)
    .data                                    0x20000054   Section        4  mvars.o(.data)
    .data                                    0x20000058   Section        4  mvars.o(.data)
    .bss                                     0x2000005c   Section      386  usart1_dma.o(.bss)
    USART1_SEND_DATA                         0x2000005c   Data          64  usart1_dma.o(.bss)
    USART1_RECEIVE_DATA                      0x2000009c   Data          64  usart1_dma.o(.bss)
    .bss                                     0x200001de   Section      386  usart2_dma.o(.bss)
    USART2_SEND_DATA                         0x200001de   Data          64  usart2_dma.o(.bss)
    USART2_RECEIVE_DATA                      0x2000021e   Data          64  usart2_dma.o(.bss)
    .bss                                     0x20000360   Section      386  usart3_dma.o(.bss)
    USART3_SEND_DATA                         0x20000360   Data          64  usart3_dma.o(.bss)
    USART3_RECEIVE_DATA                      0x200003a0   Data          64  usart3_dma.o(.bss)
    .bss                                     0x200004e2   Section       32  usart3_protocol.o(.bss)
    .bss                                     0x20000502   Section      138  usart5_dma.o(.bss)
    UART5_SEND_DATA                          0x20000502   Data          64  usart5_dma.o(.bss)
    UART5_RECEIVE_DATA                       0x20000542   Data          64  usart5_dma.o(.bss)
    HEAP                                     0x20000590   Section      512  startup_stm32f10x_hd.o(HEAP)
    STACK                                    0x20000790   Section     1024  startup_stm32f10x_hd.o(STACK)

    Global Symbols

    Symbol Name                              Value     Ov Type        Size  Object(Section)

    BuildAttributes$$THM_ISAv4$P$D$K$B$S$PE$A:L22UL41UL21$X:L11$S22US41US21$IEEE1$IW$USESV6$~STKCKD$USESV7$~SHL$OTIME$ROPI$EBA8$MICROLIB$REQ8$PRES8$EABIv2 0x00000000   Number         0  anon$$obj.o ABSOLUTE
    __ARM_use_no_argv                        0x00000000   Number         0  main.o ABSOLUTE
    __cpp_initialize__aeabi_                  - Undefined Weak Reference
    __cxa_finalize                            - Undefined Weak Reference
    __decompress                              - Undefined Weak Reference
    _clock_init                               - Undefined Weak Reference
    _microlib_exit                            - Undefined Weak Reference
    __Vectors_Size                           0x00000130   Number         0  startup_stm32f10x_hd.o ABSOLUTE
    __Vectors                                0x08010000   Data           4  startup_stm32f10x_hd.o(RESET)
    __Vectors_End                            0x08010130   Data           0  startup_stm32f10x_hd.o(RESET)
    __main                                   0x08010131   Thumb Code     0  entry.o(.ARM.Collect$$$$00000000)
    _main_stk                                0x08010131   Thumb Code     0  entry2.o(.ARM.Collect$$$$00000001)
    _main_scatterload                        0x08010135   Thumb Code     0  entry5.o(.ARM.Collect$$$$00000004)
    __main_after_scatterload                 0x08010139   Thumb Code     0  entry5.o(.ARM.Collect$$$$00000004)
    _main_clock                              0x08010139   Thumb Code     0  entry7b.o(.ARM.Collect$$$$00000008)
    _main_cpp_init                           0x08010139   Thumb Code     0  entry8b.o(.ARM.Collect$$$$0000000A)
    _main_init                               0x08010139   Thumb Code     0  entry9a.o(.ARM.Collect$$$$0000000B)
    __rt_final_cpp                           0x08010141   Thumb Code     0  entry10a.o(.ARM.Collect$$$$0000000D)
    __rt_final_exit                          0x08010141   Thumb Code     0  entry11a.o(.ARM.Collect$$$$0000000F)
    main                                     0x08010145   Thumb Code   148  main.o(.text)
    NMI_Handler                              0x080101e5   Thumb Code     2  stm32f10x_it.o(.text)
    HardFault_Handler                        0x080101e7   Thumb Code     4  stm32f10x_it.o(.text)
    MemManage_Handler                        0x080101eb   Thumb Code     4  stm32f10x_it.o(.text)
    BusFault_Handler                         0x080101ef   Thumb Code     4  stm32f10x_it.o(.text)
    UsageFault_Handler                       0x080101f3   Thumb Code     4  stm32f10x_it.o(.text)
    SVC_Handler                              0x080101f7   Thumb Code     2  stm32f10x_it.o(.text)
    DebugMon_Handler                         0x080101f9   Thumb Code     2  stm32f10x_it.o(.text)
    PendSV_Handler                           0x080101fb   Thumb Code     2  stm32f10x_it.o(.text)
    SysTick_Handler                          0x080101fd   Thumb Code     2  stm32f10x_it.o(.text)
    SystemInit                               0x080102df   Thumb Code    78  system_stm32f10x.o(.text)
    SystemCoreClockUpdate                    0x0801032d   Thumb Code   142  system_stm32f10x.o(.text)
    USART1_DMA_Init                          0x080103e1   Thumb Code   360  usart1_dma.o(.text)
    USART1_DMA_Send_Once_Data                0x08010549   Thumb Code    58  usart1_dma.o(.text)
    USART1_RX_Finish_IRQ                     0x08010583   Thumb Code    82  usart1_dma.o(.text)
    DMA1_Channel4_IRQHandler                 0x080105d5   Thumb Code    42  usart1_dma.o(.text)
    USART1_IRQHandler                        0x080105ff   Thumb Code    58  usart1_dma.o(.text)
    USART2_DMA_Init                          0x08010655   Thumb Code   358  usart2_dma.o(.text)
    USART2_DMA_Send_Once_Data                0x080107bb   Thumb Code    42  usart2_dma.o(.text)
    USART2_RX_Finish_IRQ                     0x080107e5   Thumb Code    82  usart2_dma.o(.text)
    DMA1_Channel7_IRQHandler                 0x08010837   Thumb Code    42  usart2_dma.o(.text)
    USART2_IRQHandler                        0x08010861   Thumb Code    84  usart2_dma.o(.text)
    USART3_DMA_Init                          0x080108d1   Thumb Code   368  usart3_dma.o(.text)
    USART3_DMA_Send_Once_Data                0x08010a41   Thumb Code    58  usart3_dma.o(.text)
    USART3_RX_Finish_IRQ                     0x08010a7b   Thumb Code    82  usart3_dma.o(.text)
    DMA1_Channel2_IRQHandler                 0x08010acd   Thumb Code    38  usart3_dma.o(.text)
    USART3_IRQHandler                        0x08010af3   Thumb Code    68  usart3_dma.o(.text)
    PWM_Init                                 0x08010b59   Thumb Code   244  pwm.o(.text)
    PWM_Init_Default                         0x08010c4d   Thumb Code    14  pwm.o(.text)
    Set_PWM_CH3_Duty_Cycle                   0x08010c5b   Thumb Code    40  pwm.o(.text)
    Set_PWM_CH4_Duty_Cycle                   0x08010c83   Thumb Code    40  pwm.o(.text)
    KEY_Init                                 0x08010cb5   Thumb Code   594  key.o(.text)
    EXTI1_IRQHandler                         0x08010f07   Thumb Code    28  key.o(.text)
    EXTI9_5_IRQHandler                       0x08010f23   Thumb Code    90  key.o(.text)
    EXTI15_10_IRQHandler                     0x08010f7d   Thumb Code    54  key.o(.text)
    usMBCRC16                                0x08010fbd   Thumb Code    62  crc_16.o(.text)
    Get_ucCRCHi                              0x08010ffb   Thumb Code     6  crc_16.o(.text)
    Get_ucCRCLo                              0x08011001   Thumb Code     6  crc_16.o(.text)
    BP_Order_USART3                          0x08011019   Thumb Code    40  usart3_protocol.o(.text)
    USART2_Key_Init                          0x08011045   Thumb Code    26  usart2_protocol.o(.text)
    KEY6_Response                            0x0801105f   Thumb Code    42  usart2_protocol.o(.text)
    KEY7_Response                            0x08011089   Thumb Code    42  usart2_protocol.o(.text)
    KEY8_Response                            0x080110b3   Thumb Code    42  usart2_protocol.o(.text)
    KEY9_Response                            0x080110dd   Thumb Code    42  usart2_protocol.o(.text)
    KEY10_Response                           0x08011107   Thumb Code    42  usart2_protocol.o(.text)
    KEY11_Response                           0x08011131   Thumb Code    42  usart2_protocol.o(.text)
    Is_BP_Order                              0x0801115b   Thumb Code    22  usart2_protocol.o(.text)
    USART2_BP_Response                       0x08011171   Thumb Code    80  usart2_protocol.o(.text)
    SPO2_Response                            0x080111c1   Thumb Code    42  usart2_protocol.o(.text)
    USART2_Speed_Init                        0x080111eb   Thumb Code    16  usart2_protocol.o(.text)
    Speed_Response                           0x080111fb   Thumb Code    62  usart2_protocol.o(.text)
    Is_Speed_Order                           0x08011239   Thumb Code    22  usart2_protocol.o(.text)
    PC0_Hall_IPD_Init                        0x08011269   Thumb Code    86  encoder.o(.text)
    EXTI0_IRQHandler                         0x080112bf   Thumb Code   108  encoder.o(.text)
    Timer2_Init                              0x0801132b   Thumb Code    58  encoder.o(.text)
    Hall_Senor_Init                          0x08011365   Thumb Code    12  encoder.o(.text)
    RCC_Init                                 0x08011389   Thumb Code   188  rcc.o(.text)
    UART5_Init                               0x08011445   Thumb Code   172  usart5_dma.o(.text)
    UART5_Send_Once_Data                     0x080114f1   Thumb Code    54  usart5_dma.o(.text)
    UART5_IRQHandler                         0x08011527   Thumb Code   110  usart5_dma.o(.text)
    UART5_Sensor_Init                        0x080115b5   Thumb Code    32  usart5_protocol.o(.text)
    Is_State_Date                            0x080115d5   Thumb Code    34  usart5_protocol.o(.text)
    delay_init                               0x080115fd   Thumb Code    50  delay.o(.text)
    delay_us                                 0x0801162f   Thumb Code    72  delay.o(.text)
    delay_ms                                 0x08011677   Thumb Code    72  delay.o(.text)
    Reset_Handler                            0x080116d1   Thumb Code     8  startup_stm32f10x_hd.o(.text)
    ADC1_2_IRQHandler                        0x080116eb   Thumb Code     0  startup_stm32f10x_hd.o(.text)
    ADC3_IRQHandler                          0x080116eb   Thumb Code     0  startup_stm32f10x_hd.o(.text)
    CAN1_RX1_IRQHandler                      0x080116eb   Thumb Code     0  startup_stm32f10x_hd.o(.text)
    CAN1_SCE_IRQHandler                      0x080116eb   Thumb Code     0  startup_stm32f10x_hd.o(.text)
    DMA1_Channel1_IRQHandler                 0x080116eb   Thumb Code     0  startup_stm32f10x_hd.o(.text)
    DMA1_Channel3_IRQHandler                 0x080116eb   Thumb Code     0  startup_stm32f10x_hd.o(.text)
    DMA1_Channel5_IRQHandler                 0x080116eb   Thumb Code     0  startup_stm32f10x_hd.o(.text)
    DMA1_Channel6_IRQHandler                 0x080116eb   Thumb Code     0  startup_stm32f10x_hd.o(.text)
    DMA2_Channel1_IRQHandler                 0x080116eb   Thumb Code     0  startup_stm32f10x_hd.o(.text)
    DMA2_Channel2_IRQHandler                 0x080116eb   Thumb Code     0  startup_stm32f10x_hd.o(.text)
    DMA2_Channel3_IRQHandler                 0x080116eb   Thumb Code     0  startup_stm32f10x_hd.o(.text)
    DMA2_Channel4_5_IRQHandler               0x080116eb   Thumb Code     0  startup_stm32f10x_hd.o(.text)
    EXTI2_IRQHandler                         0x080116eb   Thumb Code     0  startup_stm32f10x_hd.o(.text)
    EXTI3_IRQHandler                         0x080116eb   Thumb Code     0  startup_stm32f10x_hd.o(.text)
    EXTI4_IRQHandler                         0x080116eb   Thumb Code     0  startup_stm32f10x_hd.o(.text)
    FLASH_IRQHandler                         0x080116eb   Thumb Code     0  startup_stm32f10x_hd.o(.text)
    FSMC_IRQHandler                          0x080116eb   Thumb Code     0  startup_stm32f10x_hd.o(.text)
    I2C1_ER_IRQHandler                       0x080116eb   Thumb Code     0  startup_stm32f10x_hd.o(.text)
    I2C1_EV_IRQHandler                       0x080116eb   Thumb Code     0  startup_stm32f10x_hd.o(.text)
    I2C2_ER_IRQHandler                       0x080116eb   Thumb Code     0  startup_stm32f10x_hd.o(.text)
    I2C2_EV_IRQHandler                       0x080116eb   Thumb Code     0  startup_stm32f10x_hd.o(.text)
    PVD_IRQHandler                           0x080116eb   Thumb Code     0  startup_stm32f10x_hd.o(.text)
    RCC_IRQHandler                           0x080116eb   Thumb Code     0  startup_stm32f10x_hd.o(.text)
    RTCAlarm_IRQHandler                      0x080116eb   Thumb Code     0  startup_stm32f10x_hd.o(.text)
    RTC_IRQHandler                           0x080116eb   Thumb Code     0  startup_stm32f10x_hd.o(.text)
    SDIO_IRQHandler                          0x080116eb   Thumb Code     0  startup_stm32f10x_hd.o(.text)
    SPI1_IRQHandler                          0x080116eb   Thumb Code     0  startup_stm32f10x_hd.o(.text)
    SPI2_IRQHandler                          0x080116eb   Thumb Code     0  startup_stm32f10x_hd.o(.text)
    SPI3_IRQHandler                          0x080116eb   Thumb Code     0  startup_stm32f10x_hd.o(.text)
    TAMPER_IRQHandler                        0x080116eb   Thumb Code     0  startup_stm32f10x_hd.o(.text)
    TIM1_BRK_IRQHandler                      0x080116eb   Thumb Code     0  startup_stm32f10x_hd.o(.text)
    TIM1_CC_IRQHandler                       0x080116eb   Thumb Code     0  startup_stm32f10x_hd.o(.text)
    TIM1_TRG_COM_IRQHandler                  0x080116eb   Thumb Code     0  startup_stm32f10x_hd.o(.text)
    TIM1_UP_IRQHandler                       0x080116eb   Thumb Code     0  startup_stm32f10x_hd.o(.text)
    TIM2_IRQHandler                          0x080116eb   Thumb Code     0  startup_stm32f10x_hd.o(.text)
    TIM3_IRQHandler                          0x080116eb   Thumb Code     0  startup_stm32f10x_hd.o(.text)
    TIM4_IRQHandler                          0x080116eb   Thumb Code     0  startup_stm32f10x_hd.o(.text)
    TIM5_IRQHandler                          0x080116eb   Thumb Code     0  startup_stm32f10x_hd.o(.text)
    TIM6_IRQHandler                          0x080116eb   Thumb Code     0  startup_stm32f10x_hd.o(.text)
    TIM7_IRQHandler                          0x080116eb   Thumb Code     0  startup_stm32f10x_hd.o(.text)
    TIM8_BRK_IRQHandler                      0x080116eb   Thumb Code     0  startup_stm32f10x_hd.o(.text)
    TIM8_CC_IRQHandler                       0x080116eb   Thumb Code     0  startup_stm32f10x_hd.o(.text)
    TIM8_TRG_COM_IRQHandler                  0x080116eb   Thumb Code     0  startup_stm32f10x_hd.o(.text)
    TIM8_UP_IRQHandler                       0x080116eb   Thumb Code     0  startup_stm32f10x_hd.o(.text)
    UART4_IRQHandler                         0x080116eb   Thumb Code     0  startup_stm32f10x_hd.o(.text)
    USBWakeUp_IRQHandler                     0x080116eb   Thumb Code     0  startup_stm32f10x_hd.o(.text)
    USB_HP_CAN1_TX_IRQHandler                0x080116eb   Thumb Code     0  startup_stm32f10x_hd.o(.text)
    USB_LP_CAN1_RX0_IRQHandler               0x080116eb   Thumb Code     0  startup_stm32f10x_hd.o(.text)
    WWDG_IRQHandler                          0x080116eb   Thumb Code     0  startup_stm32f10x_hd.o(.text)
    GPIO_DeInit                              0x080116f5   Thumb Code   172  stm32f10x_gpio.o(.text)
    GPIO_AFIODeInit                          0x080117a1   Thumb Code    20  stm32f10x_gpio.o(.text)
    GPIO_Init                                0x080117b5   Thumb Code   278  stm32f10x_gpio.o(.text)
    GPIO_StructInit                          0x080118cb   Thumb Code    16  stm32f10x_gpio.o(.text)
    GPIO_ReadInputDataBit                    0x080118db   Thumb Code    18  stm32f10x_gpio.o(.text)
    GPIO_ReadInputData                       0x080118ed   Thumb Code     8  stm32f10x_gpio.o(.text)
    GPIO_ReadOutputDataBit                   0x080118f5   Thumb Code    18  stm32f10x_gpio.o(.text)
    GPIO_ReadOutputData                      0x08011907   Thumb Code     8  stm32f10x_gpio.o(.text)
    GPIO_SetBits                             0x0801190f   Thumb Code     4  stm32f10x_gpio.o(.text)
    GPIO_ResetBits                           0x08011913   Thumb Code     4  stm32f10x_gpio.o(.text)
    GPIO_WriteBit                            0x08011917   Thumb Code    10  stm32f10x_gpio.o(.text)
    GPIO_Write                               0x08011921   Thumb Code     4  stm32f10x_gpio.o(.text)
    GPIO_PinLockConfig                       0x08011925   Thumb Code    18  stm32f10x_gpio.o(.text)
    GPIO_EventOutputConfig                   0x08011937   Thumb Code    26  stm32f10x_gpio.o(.text)
    GPIO_EventOutputCmd                      0x08011951   Thumb Code     6  stm32f10x_gpio.o(.text)
    GPIO_PinRemapConfig                      0x08011957   Thumb Code   138  stm32f10x_gpio.o(.text)
    GPIO_EXTILineConfig                      0x080119e1   Thumb Code    66  stm32f10x_gpio.o(.text)
    GPIO_ETH_MediaInterfaceConfig            0x08011a23   Thumb Code     8  stm32f10x_gpio.o(.text)
    RCC_DeInit                               0x08011a51   Thumb Code    64  stm32f10x_rcc.o(.text)
    RCC_HSEConfig                            0x08011a91   Thumb Code    70  stm32f10x_rcc.o(.text)
    RCC_GetFlagStatus                        0x08011ad7   Thumb Code    56  stm32f10x_rcc.o(.text)
    RCC_WaitForHSEStartUp                    0x08011b0f   Thumb Code    56  stm32f10x_rcc.o(.text)
    RCC_AdjustHSICalibrationValue            0x08011b47   Thumb Code    20  stm32f10x_rcc.o(.text)
    RCC_HSICmd                               0x08011b5b   Thumb Code     6  stm32f10x_rcc.o(.text)
    RCC_PLLConfig                            0x08011b61   Thumb Code    24  stm32f10x_rcc.o(.text)
    RCC_PLLCmd                               0x08011b79   Thumb Code     6  stm32f10x_rcc.o(.text)
    RCC_SYSCLKConfig                         0x08011b7f   Thumb Code    18  stm32f10x_rcc.o(.text)
    RCC_GetSYSCLKSource                      0x08011b91   Thumb Code    10  stm32f10x_rcc.o(.text)
    RCC_HCLKConfig                           0x08011b9b   Thumb Code    18  stm32f10x_rcc.o(.text)
    RCC_PCLK1Config                          0x08011bad   Thumb Code    18  stm32f10x_rcc.o(.text)
    RCC_PCLK2Config                          0x08011bbf   Thumb Code    20  stm32f10x_rcc.o(.text)
    RCC_ITConfig                             0x08011bd3   Thumb Code    26  stm32f10x_rcc.o(.text)
    RCC_USBCLKConfig                         0x08011bed   Thumb Code     8  stm32f10x_rcc.o(.text)
    RCC_ADCCLKConfig                         0x08011bf5   Thumb Code    18  stm32f10x_rcc.o(.text)
    RCC_LSEConfig                            0x08011c07   Thumb Code    50  stm32f10x_rcc.o(.text)
    RCC_LSICmd                               0x08011c39   Thumb Code     6  stm32f10x_rcc.o(.text)
    RCC_RTCCLKConfig                         0x08011c3f   Thumb Code    12  stm32f10x_rcc.o(.text)
    RCC_RTCCLKCmd                            0x08011c4b   Thumb Code     8  stm32f10x_rcc.o(.text)
    RCC_GetClocksFreq                        0x08011c53   Thumb Code   192  stm32f10x_rcc.o(.text)
    RCC_AHBPeriphClockCmd                    0x08011d13   Thumb Code    26  stm32f10x_rcc.o(.text)
    RCC_APB2PeriphClockCmd                   0x08011d2d   Thumb Code    26  stm32f10x_rcc.o(.text)
    RCC_APB1PeriphClockCmd                   0x08011d47   Thumb Code    26  stm32f10x_rcc.o(.text)
    RCC_APB2PeriphResetCmd                   0x08011d61   Thumb Code    26  stm32f10x_rcc.o(.text)
    RCC_APB1PeriphResetCmd                   0x08011d7b   Thumb Code    26  stm32f10x_rcc.o(.text)
    RCC_BackupResetCmd                       0x08011d95   Thumb Code     8  stm32f10x_rcc.o(.text)
    RCC_ClockSecuritySystemCmd               0x08011d9d   Thumb Code     6  stm32f10x_rcc.o(.text)
    RCC_MCOConfig                            0x08011da3   Thumb Code     6  stm32f10x_rcc.o(.text)
    RCC_ClearFlag                            0x08011da9   Thumb Code    14  stm32f10x_rcc.o(.text)
    RCC_GetITStatus                          0x08011db7   Thumb Code    20  stm32f10x_rcc.o(.text)
    RCC_ClearITPendingBit                    0x08011dcb   Thumb Code     6  stm32f10x_rcc.o(.text)
    USART_DeInit                             0x08011df5   Thumb Code   134  stm32f10x_usart.o(.text)
    USART_Init                               0x08011e7b   Thumb Code   210  stm32f10x_usart.o(.text)
    USART_StructInit                         0x08011f4d   Thumb Code    24  stm32f10x_usart.o(.text)
    USART_ClockInit                          0x08011f65   Thumb Code    34  stm32f10x_usart.o(.text)
    USART_ClockStructInit                    0x08011f87   Thumb Code    12  stm32f10x_usart.o(.text)
    USART_Cmd                                0x08011f93   Thumb Code    24  stm32f10x_usart.o(.text)
    USART_ITConfig                           0x08011fab   Thumb Code    74  stm32f10x_usart.o(.text)
    USART_DMACmd                             0x08011ff5   Thumb Code    18  stm32f10x_usart.o(.text)
    USART_SetAddress                         0x08012007   Thumb Code    18  stm32f10x_usart.o(.text)
    USART_WakeUpConfig                       0x08012019   Thumb Code    18  stm32f10x_usart.o(.text)
    USART_ReceiverWakeUpCmd                  0x0801202b   Thumb Code    24  stm32f10x_usart.o(.text)
    USART_LINBreakDetectLengthConfig         0x08012043   Thumb Code    18  stm32f10x_usart.o(.text)
    USART_LINCmd                             0x08012055   Thumb Code    24  stm32f10x_usart.o(.text)
    USART_SendData                           0x0801206d   Thumb Code     8  stm32f10x_usart.o(.text)
    USART_ReceiveData                        0x08012075   Thumb Code    10  stm32f10x_usart.o(.text)
    USART_SendBreak                          0x0801207f   Thumb Code    10  stm32f10x_usart.o(.text)
    USART_SetGuardTime                       0x08012089   Thumb Code    16  stm32f10x_usart.o(.text)
    USART_SetPrescaler                       0x08012099   Thumb Code    16  stm32f10x_usart.o(.text)
    USART_SmartCardCmd                       0x080120a9   Thumb Code    24  stm32f10x_usart.o(.text)
    USART_SmartCardNACKCmd                   0x080120c1   Thumb Code    24  stm32f10x_usart.o(.text)
    USART_HalfDuplexCmd                      0x080120d9   Thumb Code    24  stm32f10x_usart.o(.text)
    USART_OverSampling8Cmd                   0x080120f1   Thumb Code    22  stm32f10x_usart.o(.text)
    USART_OneBitMethodCmd                    0x08012107   Thumb Code    24  stm32f10x_usart.o(.text)
    USART_IrDAConfig                         0x0801211f   Thumb Code    18  stm32f10x_usart.o(.text)
    USART_IrDACmd                            0x08012131   Thumb Code    24  stm32f10x_usart.o(.text)
    USART_GetFlagStatus                      0x08012149   Thumb Code    26  stm32f10x_usart.o(.text)
    USART_ClearFlag                          0x08012163   Thumb Code    18  stm32f10x_usart.o(.text)
    USART_GetITStatus                        0x08012175   Thumb Code    84  stm32f10x_usart.o(.text)
    USART_ClearITPendingBit                  0x080121c9   Thumb Code    52  stm32f10x_usart.o(.text)
    NVIC_PriorityGroupConfig                 0x080121fd   Thumb Code    10  misc.o(.text)
    NVIC_Init                                0x08012207   Thumb Code   100  misc.o(.text)
    NVIC_SetVectorTable                      0x0801226b   Thumb Code    14  misc.o(.text)
    NVIC_SystemLPConfig                      0x08012279   Thumb Code    34  misc.o(.text)
    SysTick_CLKSourceConfig                  0x0801229b   Thumb Code    40  misc.o(.text)
    DMA_DeInit                               0x080122d9   Thumb Code   324  stm32f10x_dma.o(.text)
    DMA_Init                                 0x0801241d   Thumb Code    60  stm32f10x_dma.o(.text)
    DMA_StructInit                           0x08012459   Thumb Code    26  stm32f10x_dma.o(.text)
    DMA_Cmd                                  0x08012473   Thumb Code    24  stm32f10x_dma.o(.text)
    DMA_ITConfig                             0x0801248b   Thumb Code    18  stm32f10x_dma.o(.text)
    DMA_SetCurrDataCounter                   0x0801249d   Thumb Code     4  stm32f10x_dma.o(.text)
    DMA_GetCurrDataCounter                   0x080124a1   Thumb Code     8  stm32f10x_dma.o(.text)
    DMA_GetFlagStatus                        0x080124a9   Thumb Code    40  stm32f10x_dma.o(.text)
    DMA_ClearFlag                            0x080124d1   Thumb Code    22  stm32f10x_dma.o(.text)
    DMA_GetITStatus                          0x080124e7   Thumb Code    40  stm32f10x_dma.o(.text)
    DMA_ClearITPendingBit                    0x0801250f   Thumb Code    22  stm32f10x_dma.o(.text)
    TIM_DeInit                               0x0801252d   Thumb Code   424  stm32f10x_tim.o(.text)
    TIM_TimeBaseInit                         0x080126d5   Thumb Code   122  stm32f10x_tim.o(.text)
    TIM_OC1Init                              0x0801274f   Thumb Code   132  stm32f10x_tim.o(.text)
    TIM_OC2Init                              0x080127d3   Thumb Code   154  stm32f10x_tim.o(.text)
    TIM_OC3Init                              0x0801286d   Thumb Code   150  stm32f10x_tim.o(.text)
    TIM_OC4Init                              0x08012903   Thumb Code   182  stm32f10x_tim.o(.text)
    TIM_SetIC4Prescaler                      0x080129b9   Thumb Code    26  stm32f10x_tim.o(.text)
    TIM_SetIC3Prescaler                      0x08012a55   Thumb Code    18  stm32f10x_tim.o(.text)
    TIM_SetIC2Prescaler                      0x08012ae1   Thumb Code    26  stm32f10x_tim.o(.text)
    TIM_SetIC1Prescaler                      0x08012b7d   Thumb Code    18  stm32f10x_tim.o(.text)
    TIM_ICInit                               0x08012bfb   Thumb Code   150  stm32f10x_tim.o(.text)
    TIM_PWMIConfig                           0x08012c91   Thumb Code   124  stm32f10x_tim.o(.text)
    TIM_BDTRConfig                           0x08012d0d   Thumb Code    32  stm32f10x_tim.o(.text)
    TIM_TimeBaseStructInit                   0x08012d2d   Thumb Code    18  stm32f10x_tim.o(.text)
    TIM_OCStructInit                         0x08012d3f   Thumb Code    20  stm32f10x_tim.o(.text)
    TIM_ICStructInit                         0x08012d53   Thumb Code    18  stm32f10x_tim.o(.text)
    TIM_BDTRStructInit                       0x08012d65   Thumb Code    40  stm32f10x_tim.o(.text)
    TIM_Cmd                                  0x08012d8d   Thumb Code    24  stm32f10x_tim.o(.text)
    TIM_CtrlPWMOutputs                       0x08012da5   Thumb Code    30  stm32f10x_tim.o(.text)
    TIM_ITConfig                             0x08012dc3   Thumb Code    18  stm32f10x_tim.o(.text)
    TIM_GenerateEvent                        0x08012dd5   Thumb Code     4  stm32f10x_tim.o(.text)
    TIM_DMAConfig                            0x08012dd9   Thumb Code    10  stm32f10x_tim.o(.text)
    TIM_DMACmd                               0x08012de3   Thumb Code    18  stm32f10x_tim.o(.text)
    TIM_InternalClockConfig                  0x08012df5   Thumb Code    12  stm32f10x_tim.o(.text)
    TIM_SelectInputTrigger                   0x08012e01   Thumb Code    18  stm32f10x_tim.o(.text)
    TIM_ITRxExternalClockConfig              0x08012e13   Thumb Code    24  stm32f10x_tim.o(.text)
    TIM_TIxExternalClockConfig               0x08012e2b   Thumb Code    62  stm32f10x_tim.o(.text)
    TIM_ETRConfig                            0x08012e69   Thumb Code    28  stm32f10x_tim.o(.text)
    TIM_ETRClockMode1Config                  0x08012e85   Thumb Code    54  stm32f10x_tim.o(.text)
    TIM_ETRClockMode2Config                  0x08012ebb   Thumb Code    32  stm32f10x_tim.o(.text)
    TIM_PrescalerConfig                      0x08012edb   Thumb Code     6  stm32f10x_tim.o(.text)
    TIM_CounterModeConfig                    0x08012ee1   Thumb Code    18  stm32f10x_tim.o(.text)
    TIM_EncoderInterfaceConfig               0x08012ef3   Thumb Code    66  stm32f10x_tim.o(.text)
    TIM_ForcedOC1Config                      0x08012f35   Thumb Code    18  stm32f10x_tim.o(.text)
    TIM_ForcedOC2Config                      0x08012f47   Thumb Code    26  stm32f10x_tim.o(.text)
    TIM_ForcedOC3Config                      0x08012f61   Thumb Code    18  stm32f10x_tim.o(.text)
    TIM_ForcedOC4Config                      0x08012f73   Thumb Code    26  stm32f10x_tim.o(.text)
    TIM_ARRPreloadConfig                     0x08012f8d   Thumb Code    24  stm32f10x_tim.o(.text)
    TIM_SelectCOM                            0x08012fa5   Thumb Code    24  stm32f10x_tim.o(.text)
    TIM_SelectCCDMA                          0x08012fbd   Thumb Code    24  stm32f10x_tim.o(.text)
    TIM_CCPreloadControl                     0x08012fd5   Thumb Code    24  stm32f10x_tim.o(.text)
    TIM_OC1PreloadConfig                     0x08012fed   Thumb Code    18  stm32f10x_tim.o(.text)
    TIM_OC2PreloadConfig                     0x08012fff   Thumb Code    26  stm32f10x_tim.o(.text)
    TIM_OC3PreloadConfig                     0x08013019   Thumb Code    18  stm32f10x_tim.o(.text)
    TIM_OC4PreloadConfig                     0x0801302b   Thumb Code    26  stm32f10x_tim.o(.text)
    TIM_OC1FastConfig                        0x08013045   Thumb Code    18  stm32f10x_tim.o(.text)
    TIM_OC2FastConfig                        0x08013057   Thumb Code    26  stm32f10x_tim.o(.text)
    TIM_OC3FastConfig                        0x08013071   Thumb Code    18  stm32f10x_tim.o(.text)
    TIM_OC4FastConfig                        0x08013083   Thumb Code    26  stm32f10x_tim.o(.text)
    TIM_ClearOC1Ref                          0x0801309d   Thumb Code    18  stm32f10x_tim.o(.text)
    TIM_ClearOC2Ref                          0x080130af   Thumb Code    24  stm32f10x_tim.o(.text)
    TIM_ClearOC3Ref                          0x080130c7   Thumb Code    18  stm32f10x_tim.o(.text)
    TIM_ClearOC4Ref                          0x080130d9   Thumb Code    24  stm32f10x_tim.o(.text)
    TIM_OC1PolarityConfig                    0x080130f1   Thumb Code    18  stm32f10x_tim.o(.text)
    TIM_OC1NPolarityConfig                   0x08013103   Thumb Code    18  stm32f10x_tim.o(.text)
    TIM_OC2PolarityConfig                    0x08013115   Thumb Code    26  stm32f10x_tim.o(.text)
    TIM_OC2NPolarityConfig                   0x0801312f   Thumb Code    26  stm32f10x_tim.o(.text)
    TIM_OC3PolarityConfig                    0x08013149   Thumb Code    26  stm32f10x_tim.o(.text)
    TIM_OC3NPolarityConfig                   0x08013163   Thumb Code    26  stm32f10x_tim.o(.text)
    TIM_OC4PolarityConfig                    0x0801317d   Thumb Code    26  stm32f10x_tim.o(.text)
    TIM_CCxCmd                               0x08013197   Thumb Code    30  stm32f10x_tim.o(.text)
    TIM_CCxNCmd                              0x080131b5   Thumb Code    30  stm32f10x_tim.o(.text)
    TIM_SelectOCxM                           0x080131d3   Thumb Code    82  stm32f10x_tim.o(.text)
    TIM_UpdateDisableConfig                  0x08013225   Thumb Code    24  stm32f10x_tim.o(.text)
    TIM_UpdateRequestConfig                  0x0801323d   Thumb Code    24  stm32f10x_tim.o(.text)
    TIM_SelectHallSensor                     0x08013255   Thumb Code    24  stm32f10x_tim.o(.text)
    TIM_SelectOnePulseMode                   0x0801326d   Thumb Code    18  stm32f10x_tim.o(.text)
    TIM_SelectOutputTrigger                  0x0801327f   Thumb Code    18  stm32f10x_tim.o(.text)
    TIM_SelectSlaveMode                      0x08013291   Thumb Code    18  stm32f10x_tim.o(.text)
    TIM_SelectMasterSlaveMode                0x080132a3   Thumb Code    18  stm32f10x_tim.o(.text)
    TIM_SetCounter                           0x080132b5   Thumb Code     4  stm32f10x_tim.o(.text)
    TIM_SetAutoreload                        0x080132b9   Thumb Code     4  stm32f10x_tim.o(.text)
    TIM_SetCompare1                          0x080132bd   Thumb Code     4  stm32f10x_tim.o(.text)
    TIM_SetCompare2                          0x080132c1   Thumb Code     4  stm32f10x_tim.o(.text)
    TIM_SetCompare3                          0x080132c5   Thumb Code     4  stm32f10x_tim.o(.text)
    TIM_SetCompare4                          0x080132c9   Thumb Code     6  stm32f10x_tim.o(.text)
    TIM_SetClockDivision                     0x080132cf   Thumb Code    18  stm32f10x_tim.o(.text)
    TIM_GetCapture1                          0x080132e1   Thumb Code     6  stm32f10x_tim.o(.text)
    TIM_GetCapture2                          0x080132e7   Thumb Code     6  stm32f10x_tim.o(.text)
    TIM_GetCapture3                          0x080132ed   Thumb Code     6  stm32f10x_tim.o(.text)
    TIM_GetCapture4                          0x080132f3   Thumb Code     8  stm32f10x_tim.o(.text)
    TIM_GetCounter                           0x080132fb   Thumb Code     6  stm32f10x_tim.o(.text)
    TIM_GetPrescaler                         0x08013301   Thumb Code     6  stm32f10x_tim.o(.text)
    TIM_GetFlagStatus                        0x08013307   Thumb Code    18  stm32f10x_tim.o(.text)
    TIM_ClearFlag                            0x08013319   Thumb Code     6  stm32f10x_tim.o(.text)
    TIM_GetITStatus                          0x0801331f   Thumb Code    34  stm32f10x_tim.o(.text)
    TIM_ClearITPendingBit                    0x08013341   Thumb Code     6  stm32f10x_tim.o(.text)
    EXTI_DeInit                              0x08013349   Thumb Code    28  stm32f10x_exti.o(.text)
    EXTI_Init                                0x08013365   Thumb Code   142  stm32f10x_exti.o(.text)
    EXTI_StructInit                          0x080133f3   Thumb Code    16  stm32f10x_exti.o(.text)
    EXTI_GenerateSWInterrupt                 0x08013403   Thumb Code    16  stm32f10x_exti.o(.text)
    EXTI_GetFlagStatus                       0x08013413   Thumb Code    22  stm32f10x_exti.o(.text)
    EXTI_ClearFlag                           0x08013429   Thumb Code     8  stm32f10x_exti.o(.text)
    EXTI_GetITStatus                         0x08013431   Thumb Code    34  stm32f10x_exti.o(.text)
    EXTI_ClearITPendingBit                   0x08013453   Thumb Code     8  stm32f10x_exti.o(.text)
    __aeabi_memcpy                           0x08013465   Thumb Code    36  memcpya.o(.text)
    __aeabi_memcpy4                          0x08013465   Thumb Code     0  memcpya.o(.text)
    __aeabi_memcpy8                          0x08013465   Thumb Code     0  memcpya.o(.text)
    __aeabi_fdiv                             0x08013489   Thumb Code   124  fdiv.o(.text)
    __aeabi_ui2f                             0x08013505   Thumb Code    10  ffltui.o(.text)
    __aeabi_f2uiz                            0x0801350f   Thumb Code    40  ffixui.o(.text)
    __I$use$fp                               0x08013537   Thumb Code     0  iusefp.o(.text)
    _float_round                             0x08013537   Thumb Code    18  fepilogue.o(.text)
    _float_epilogue                          0x08013549   Thumb Code    92  fepilogue.o(.text)
    __scatterload                            0x080135a5   Thumb Code    28  init.o(.text)
    __scatterload_rt2                        0x080135a5   Thumb Code     0  init.o(.text)
    KEY1_Response                            0x080135c9   Thumb Code    42  usart2_protocol.o(i.KEY1_Response)
    __scatterload_copy                       0x080135f9   Thumb Code    14  handlers.o(i.__scatterload_copy)
    __scatterload_null                       0x08013607   Thumb Code     2  handlers.o(i.__scatterload_null)
    __scatterload_zeroinit                   0x08013609   Thumb Code    14  handlers.o(i.__scatterload_zeroinit)
    malloc                                   0x08013619   Thumb Code    92  malloc.o(i.malloc)
    Region$$Table$$Base                      0x08013884   Number         0  anon$$obj.o(Region$$Table)
    Region$$Table$$Limit                     0x080138a4   Number         0  anon$$obj.o(Region$$Table)
    SystemCoreClock                          0x20000000   Data           4  system_stm32f10x.o(.data)
    AHBPrescTable                            0x20000004   Data          16  system_stm32f10x.o(.data)
    Send_Date_Key                            0x20000019   Data           6  usart2_protocol.o(.data)
    SPEED_DATA                               0x2000001f   Data           7  usart2_protocol.o(.data)
    motor_speed                              0x20000034   Data           4  encoder.o(.data)
    SPO2_FLAG                                0x20000038   Data           1  usart5_dma.o(.data)
    RxCounter                                0x20000039   Data           1  usart5_dma.o(.data)
    __microlib_freelist                      0x20000054   Data           4  mvars.o(.data)
    __microlib_freelist_initialised          0x20000058   Data           4  mvars.o(.data)
    uart1_rx                                 0x200000dc   Data         129  usart1_dma.o(.bss)
    uart1_tx                                 0x2000015d   Data         129  usart1_dma.o(.bss)
    uart2_rx                                 0x2000025e   Data         129  usart2_dma.o(.bss)
    uart2_tx                                 0x200002df   Data         129  usart2_dma.o(.bss)
    uart3_rx                                 0x200003e0   Data         129  usart3_dma.o(.bss)
    uart3_tx                                 0x20000461   Data         129  usart3_dma.o(.bss)
    USART3_BP_DATA                           0x200004e2   Data          32  usart3_protocol.o(.bss)
    SPO2_DATA                                0x20000582   Data          10  usart5_dma.o(.bss)
    __heap_base                              0x20000590   Data           0  startup_stm32f10x_hd.o(HEAP)
    __heap_limit                             0x20000790   Data           0  startup_stm32f10x_hd.o(HEAP)
    __initial_sp                             0x20000b90   Data           0  startup_stm32f10x_hd.o(STACK)



==============================================================================

Memory Map of the image

  Image Entry point : 0x08010131

  Load Region LR_IROM1 (Base: 0x08010000, Size: 0x00003900, Max: 0x00030000, ABSOLUTE)

    Execution Region ER_IROM1 (Exec base: 0x08010000, Load base: 0x08010000, Size: 0x000038a4, Max: 0x00030000, ABSOLUTE)

    Exec Addr    Load Addr    Size         Type   Attr      Idx    E Section Name        Object

    0x08010000   0x08010000   0x00000130   Data   RO          506    RESET               startup_stm32f10x_hd.o
    0x08010130   0x08010130   0x00000000   Code   RO          609  * .ARM.Collect$$$$00000000  mc_w.l(entry.o)
    0x08010130   0x08010130   0x00000004   Code   RO          650    .ARM.Collect$$$$00000001  mc_w.l(entry2.o)
    0x08010134   0x08010134   0x00000004   Code   RO          653    .ARM.Collect$$$$00000004  mc_w.l(entry5.o)
    0x08010138   0x08010138   0x00000000   Code   RO          655    .ARM.Collect$$$$00000008  mc_w.l(entry7b.o)
    0x08010138   0x08010138   0x00000000   Code   RO          657    .ARM.Collect$$$$0000000A  mc_w.l(entry8b.o)
    0x08010138   0x08010138   0x00000008   Code   RO          658    .ARM.Collect$$$$0000000B  mc_w.l(entry9a.o)
    0x08010140   0x08010140   0x00000000   Code   RO          660    .ARM.Collect$$$$0000000D  mc_w.l(entry10a.o)
    0x08010140   0x08010140   0x00000000   Code   RO          662    .ARM.Collect$$$$0000000F  mc_w.l(entry11a.o)
    0x08010140   0x08010140   0x00000004   Code   RO          651    .ARM.Collect$$$$00002712  mc_w.l(entry2.o)
    0x08010144   0x08010144   0x000000a0   Code   RO            1    .text               main.o
    0x080101e4   0x080101e4   0x0000001a   Code   RO          151    .text               stm32f10x_it.o
    0x080101fe   0x080101fe   0x00000002   PAD
    0x08010200   0x08010200   0x000001e0   Code   RO          192    .text               system_stm32f10x.o
    0x080103e0   0x080103e0   0x00000274   Code   RO          210    .text               usart1_dma.o
    0x08010654   0x08010654   0x0000027c   Code   RO          238    .text               usart2_dma.o
    0x080108d0   0x080108d0   0x00000288   Code   RO          257    .text               usart3_dma.o
    0x08010b58   0x08010b58   0x0000015c   Code   RO          279    .text               pwm.o
    0x08010cb4   0x08010cb4   0x00000308   Code   RO          294    .text               key.o
    0x08010fbc   0x08010fbc   0x0000005c   Code   RO          320    .text               crc_16.o
    0x08011018   0x08011018   0x0000002c   Code   RO          335    .text               usart3_protocol.o
    0x08011044   0x08011044   0x00000224   Code   RO          380    .text               usart2_protocol.o
    0x08011268   0x08011268   0x00000120   Code   RO          403    .text               encoder.o
    0x08011388   0x08011388   0x000000bc   Code   RO          422    .text               rcc.o
    0x08011444   0x08011444   0x00000170   Code   RO          434    .text               usart5_dma.o
    0x080115b4   0x080115b4   0x00000048   Code   RO          450    .text               usart5_protocol.o
    0x080115fc   0x080115fc   0x000000d4   Code   RO          463    .text               delay.o
    0x080116d0   0x080116d0   0x00000024   Code   RO          507    .text               startup_stm32f10x_hd.o
    0x080116f4   0x080116f4   0x0000035c   Code   RO          511    .text               stm32f10x_gpio.o
    0x08011a50   0x08011a50   0x000003a4   Code   RO          523    .text               stm32f10x_rcc.o
    0x08011df4   0x08011df4   0x00000408   Code   RO          537    .text               stm32f10x_usart.o
    0x080121fc   0x080121fc   0x000000dc   Code   RO          549    .text               misc.o
    0x080122d8   0x080122d8   0x00000254   Code   RO          561    .text               stm32f10x_dma.o
    0x0801252c   0x0801252c   0x00000e1a   Code   RO          573    .text               stm32f10x_tim.o
    0x08013346   0x08013346   0x00000002   PAD
    0x08013348   0x08013348   0x0000011c   Code   RO          585    .text               stm32f10x_exti.o
    0x08013464   0x08013464   0x00000024   Code   RO          612    .text               mc_w.l(memcpya.o)
    0x08013488   0x08013488   0x0000007c   Code   RO          644    .text               mf_w.l(fdiv.o)
    0x08013504   0x08013504   0x0000000a   Code   RO          646    .text               mf_w.l(ffltui.o)
    0x0801350e   0x0801350e   0x00000028   Code   RO          648    .text               mf_w.l(ffixui.o)
    0x08013536   0x08013536   0x00000000   Code   RO          666    .text               mc_w.l(iusefp.o)
    0x08013536   0x08013536   0x0000006e   Code   RO          667    .text               mf_w.l(fepilogue.o)
    0x080135a4   0x080135a4   0x00000024   Code   RO          669    .text               mc_w.l(init.o)
    0x080135c8   0x080135c8   0x00000030   Code   RO          393    i.KEY1_Response     usart2_protocol.o
    0x080135f8   0x080135f8   0x0000000e   Code   RO          673    i.__scatterload_copy  mc_w.l(handlers.o)
    0x08013606   0x08013606   0x00000002   Code   RO          674    i.__scatterload_null  mc_w.l(handlers.o)
    0x08013608   0x08013608   0x0000000e   Code   RO          675    i.__scatterload_zeroinit  mc_w.l(handlers.o)
    0x08013616   0x08013616   0x00000002   PAD
    0x08013618   0x08013618   0x0000006c   Code   RO          617    i.malloc            mc_w.l(malloc.o)
    0x08013684   0x08013684   0x00000200   Data   RO          321    .constdata          crc_16.o
    0x08013884   0x08013884   0x00000020   Data   RO          671    Region$$Table       anon$$obj.o


    Execution Region RW_IRAM1 (Exec base: 0x20000000, Load base: 0x080138a4, Size: 0x00000b90, Max: 0x0000c000, ABSOLUTE)

    Exec Addr    Load Addr    Size         Type   Attr      Idx    E Section Name        Object

    0x20000000   0x080138a4   0x00000014   Data   RW          193    .data               system_stm32f10x.o
    0x20000014   0x080138b8   0x00000001   Data   RW          212    .data               usart1_dma.o
    0x20000015   0x080138b9   0x00000001   Data   RW          240    .data               usart2_dma.o
    0x20000016   0x080138ba   0x00000001   Data   RW          259    .data               usart3_dma.o
    0x20000017   0x080138bb   0x00000002   Data   RW          322    .data               crc_16.o
    0x20000019   0x080138bd   0x0000000d   Data   RW          382    .data               usart2_protocol.o
    0x20000026   0x080138ca   0x00000002   PAD
    0x20000028   0x080138cc   0x00000010   Data   RW          404    .data               encoder.o
    0x20000038   0x080138dc   0x00000002   Data   RW          436    .data               usart5_dma.o
    0x2000003a   0x080138de   0x00000004   Data   RW          464    .data               delay.o
    0x2000003e   0x080138e2   0x00000014   Data   RW          524    .data               stm32f10x_rcc.o
    0x20000052   0x080138f6   0x00000002   PAD
    0x20000054   0x080138f8   0x00000004   Data   RW          664    .data               mc_w.l(mvars.o)
    0x20000058   0x080138fc   0x00000004   Data   RW          665    .data               mc_w.l(mvars.o)
    0x2000005c        -       0x00000182   Zero   RW          211    .bss                usart1_dma.o
    0x200001de        -       0x00000182   Zero   RW          239    .bss                usart2_dma.o
    0x20000360        -       0x00000182   Zero   RW          258    .bss                usart3_dma.o
    0x200004e2        -       0x00000020   Zero   RW          336    .bss                usart3_protocol.o
    0x20000502        -       0x0000008a   Zero   RW          435    .bss                usart5_dma.o
    0x2000058c   0x08013900   0x00000004   PAD
    0x20000590        -       0x00000200   Zero   RW          505    HEAP                startup_stm32f10x_hd.o
    0x20000790        -       0x00000400   Zero   RW          504    STACK               startup_stm32f10x_hd.o


==============================================================================

Image component sizes


      Code (inc. data)   RO Data    RW Data    ZI Data      Debug   Object Name

        92         18        512          2          0       1356   crc_16.o
       212         18          0          4          0        963   delay.o
       288         24          0         16          0       1339   encoder.o
       776         10          0          0          0       1452   key.o
       160         12          0          0          0     265863   main.o
       220         22          0          0          0       1721   misc.o
       348         10          0          0          0       1302   pwm.o
       188          0          0          0          0        499   rcc.o
        36          8        304          0       1536        752   startup_stm32f10x_hd.o
       596          8          0          0          0       4282   stm32f10x_dma.o
       284         10          0          0          0       2175   stm32f10x_exti.o
       860         38          0          0          0       5653   stm32f10x_gpio.o
        26          0          0          0          0       1138   stm32f10x_it.o
       932         36          0         20          0       8788   stm32f10x_rcc.o
      3610         88          0          0          0      22760   stm32f10x_tim.o
      1032         22          0          0          0       8376   stm32f10x_usart.o
         0          0          0          0          0         32   sys.o
       480         38          0         20          0       1619   system_stm32f10x.o
       628         28          0          1        386       3084   usart1_dma.o
         0          0          0          0          0        308   usart1_protocol.o
       636         28          0          1        386       3084   usart2_dma.o
       596         32          0         13          0       3929   usart2_protocol.o
       648         34          0          1        386       2920   usart3_dma.o
        44          4          0          0         32       1251   usart3_protocol.o
       368         32          0          2        138       2063   usart5_dma.o
        72          6          0          0          0       1142   usart5_protocol.o

    ----------------------------------------------------------------------
     13136        526        848         84       2868     347851   Object Totals
         0          0         32          0          0          0   (incl. Generated)
         4          0          0          4          4          0   (incl. Padding)

    ----------------------------------------------------------------------

      Code (inc. data)   RO Data    RW Data    ZI Data      Debug   Library Member Name

         0          0          0          0          0          0   entry.o
         0          0          0          0          0          0   entry10a.o
         0          0          0          0          0          0   entry11a.o
         8          4          0          0          0          0   entry2.o
         4          0          0          0          0          0   entry5.o
         0          0          0          0          0          0   entry7b.o
         0          0          0          0          0          0   entry8b.o
         8          4          0          0          0          0   entry9a.o
        30          0          0          0          0          0   handlers.o
        36          8          0          0          0         68   init.o
         0          0          0          0          0          0   iusefp.o
       108         16          0          0          0         84   malloc.o
        36          0          0          0          0         68   memcpya.o
         0          0          0          8          0          0   mvars.o
       124          0          0          0          0         88   fdiv.o
       110          0          0          0          0        168   fepilogue.o
        40          0          0          0          0         68   ffixui.o
        10          0          0          0          0         68   ffltui.o

    ----------------------------------------------------------------------
       516         32          0          8          0        612   Library Totals
         2          0          0          0          0          0   (incl. Padding)

    ----------------------------------------------------------------------

      Code (inc. data)   RO Data    RW Data    ZI Data      Debug   Library Name

       230         32          0          8          0        220   mc_w.l
       284          0          0          0          0        392   mf_w.l

    ----------------------------------------------------------------------
       516         32          0          8          0        612   Library Totals

    ----------------------------------------------------------------------

==============================================================================


      Code (inc. data)   RO Data    RW Data    ZI Data      Debug   

     13652        558        848         92       2868     346535   Grand Totals
     13652        558        848         92       2868     346535   ELF Image Totals
     13652        558        848         92          0          0   ROM Totals

==============================================================================

    Total RO  Size (Code + RO Data)                14500 (  14.16kB)
    Total RW  Size (RW Data + ZI Data)              2960 (   2.89kB)
    Total ROM Size (Code + RO Data + RW Data)      14592 (  14.25kB)

==============================================================================

