Component: ARM Compiler 5.06 update 4 (build 422) Tool: armlink [4d35d2]

==============================================================================

Section Cross References

    main.o(.text) refers to delay.o(.text) for delay_init
    main.o(.text) refers to rcc.o(.text) for RCC_Init
    main.o(.text) refers to key.o(.text) for KEY_Init
    main.o(.text) refers to usart2_protocol.o(.text) for USART2_Key_Init
    main.o(.text) refers to usart5_protocol.o(.text) for UART5_Sensor_Init
    main.o(.text) refers to misc.o(.text) for NVIC_PriorityGroupConfig
    main.o(.text) refers to usart1_dma.o(.text) for USART1_DMA_Init
    main.o(.text) refers to usart2_dma.o(.text) for USART2_DMA_Init
    main.o(.text) refers to usart3_dma.o(.text) for USART3_DMA_Init
    main.o(.text) refers to usart5_dma.o(.text) for UART5_Init
    main.o(.text) refers to adc.o(.text) for ADC_Sensor_Init
    main.o(.text) refers to flash.o(.text) for Flash_Buffer_Init
    main.o(.text) refers to spi.o(.text) for SPI2_Init
    main.o(.text) refers to encoder.o(.text) for Hall_Senor_Init
    main.o(.text) refers to malloc.o(i.malloc) for malloc
    main.o(.text) refers to malloc.o(.text) for mem_init
    main.o(.text) refers to usart5_dma.o(.data) for SPO2_FLAG
    main.o(.text) refers to motor_control.o(.data) for SEAT_FLAG
    main.o(.text) refers to flash.o(.data) for FLASH_FLAG
    system_stm32f10x.o(.text) refers to system_stm32f10x.o(.data) for SystemCoreClock
    usart1_dma.o(.text) refers to stm32f10x_gpio.o(.text) for GPIO_Init
    usart1_dma.o(.text) refers to stm32f10x_usart.o(.text) for USART_Init
    usart1_dma.o(.text) refers to misc.o(.text) for NVIC_Init
    usart1_dma.o(.text) refers to stm32f10x_dma.o(.text) for DMA_DeInit
    usart1_dma.o(.text) refers to memcpya.o(.text) for __aeabi_memcpy
    usart1_dma.o(.text) refers to usart1_dma.o(.bss) for USART1_SEND_DATA
    usart1_dma.o(.text) refers to usart1_dma.o(.data) for USART1_TX_BUSY
    usart2_dma.o(.text) refers to stm32f10x_gpio.o(.text) for GPIO_Init
    usart2_dma.o(.text) refers to stm32f10x_usart.o(.text) for USART_Init
    usart2_dma.o(.text) refers to misc.o(.text) for NVIC_Init
    usart2_dma.o(.text) refers to stm32f10x_dma.o(.text) for DMA_DeInit
    usart2_dma.o(.text) refers to memcpya.o(.text) for __aeabi_memcpy
    usart2_dma.o(.text) refers to usart2_protocol.o(.text) for Is_BP_Order
    usart2_dma.o(.text) refers to usart3_protocol.o(.text) for BP_Order_USART3
    usart2_dma.o(.text) refers to usart2_dma.o(.bss) for USART2_SEND_DATA
    usart2_dma.o(.text) refers to usart2_dma.o(.data) for USART2_TX_BUSY
    usart3_dma.o(.text) refers to stm32f10x_gpio.o(.text) for GPIO_PinRemapConfig
    usart3_dma.o(.text) refers to stm32f10x_usart.o(.text) for USART_Init
    usart3_dma.o(.text) refers to misc.o(.text) for NVIC_Init
    usart3_dma.o(.text) refers to stm32f10x_dma.o(.text) for DMA_DeInit
    usart3_dma.o(.text) refers to memcpya.o(.text) for __aeabi_memcpy
    usart3_dma.o(.text) refers to usart2_protocol.o(.text) for USART2_BP_Response
    usart3_dma.o(.text) refers to usart3_dma.o(.bss) for USART3_SEND_DATA
    usart3_dma.o(.text) refers to usart3_dma.o(.data) for USART3_TX_BUSY
    pwm.o(.text) refers to stm32f10x_gpio.o(.text) for GPIO_Init
    pwm.o(.text) refers to stm32f10x_tim.o(.text) for TIM_TimeBaseInit
    key.o(.text) refers to stm32f10x_gpio.o(.text) for GPIO_Init
    key.o(.text) refers to stm32f10x_exti.o(.text) for EXTI_Init
    key.o(.text) refers to misc.o(.text) for NVIC_Init
    key.o(.text) refers to delay.o(.text) for delay_ms
    key.o(.text) refers to usart2_protocol.o(i.KEY1_Response) for KEY1_Response
    key.o(.text) refers to usart2_protocol.o(.text) for KEY6_Response
    crc_16.o(.text) refers to crc_16.o(.data) for ucCRCHi
    crc_16.o(.text) refers to crc_16.o(.constdata) for aucCRCHi
    usart3_protocol.o(.text) refers to usart3_dma.o(.text) for USART3_DMA_Send_Once_Data
    usart3_protocol.o(.text) refers to usart3_protocol.o(.bss) for USART3_BP_DATA
    gpio.o(.text) refers to stm32f10x_gpio.o(.text) for GPIO_Init
    motor_control.o(.text) refers to gpio.o(.text) for ACTUATOR_GPIO_Init
    motor_control.o(.text) refers to pwm.o(.text) for PWM_Init_Default
    motor_control.o(.text) refers to motor_control.o(.data) for seat_height
    usart2_protocol.o(.text) refers to crc_16.o(.text) for usMBCRC16
    usart2_protocol.o(.text) refers to usart2_dma.o(.text) for USART2_DMA_Send_Once_Data
    usart2_protocol.o(.text) refers to ffixui.o(.text) for __aeabi_f2uiz
    usart2_protocol.o(.text) refers to usart2_protocol.o(.data) for Send_Date_Key
    usart2_protocol.o(.text) refers to usart3_protocol.o(.bss) for USART3_BP_DATA
    usart2_protocol.o(.text) refers to usart5_dma.o(.bss) for SPO2_DATA
    usart2_protocol.o(.text) refers to encoder.o(.data) for motor_speed
    encoder.o(.text) refers to stm32f10x_gpio.o(.text) for GPIO_Init
    encoder.o(.text) refers to stm32f10x_exti.o(.text) for EXTI_Init
    encoder.o(.text) refers to misc.o(.text) for NVIC_Init
    encoder.o(.text) refers to stm32f10x_tim.o(.text) for TIM_GetCounter
    encoder.o(.text) refers to ffltui.o(.text) for __aeabi_ui2f
    encoder.o(.text) refers to fdiv.o(.text) for __aeabi_fdiv
    encoder.o(.text) refers to encoder.o(.data) for count_now
    rcc.o(.text) refers to stm32f10x_rcc.o(.text) for RCC_APB2PeriphClockCmd
    usart5_dma.o(.text) refers to stm32f10x_gpio.o(.text) for GPIO_Init
    usart5_dma.o(.text) refers to stm32f10x_usart.o(.text) for USART_Init
    usart5_dma.o(.text) refers to misc.o(.text) for NVIC_Init
    usart5_dma.o(.text) refers to memcpya.o(.text) for __aeabi_memcpy
    usart5_dma.o(.text) refers to usart5_protocol.o(.text) for Is_State_Date
    usart5_dma.o(.text) refers to usart5_dma.o(.bss) for UART5_SEND_DATA
    usart5_dma.o(.text) refers to usart5_dma.o(.data) for RxCounter
    usart5_protocol.o(.text) refers to usart5_dma.o(.bss) for SPO2_DATA
    adc.o(.text) refers to stm32f10x_gpio.o(.text) for GPIO_Init
    adc.o(.text) refers to stm32f10x_dma.o(.text) for DMA_DeInit
    adc.o(.text) refers to stm32f10x_adc.o(.text) for ADC_Init
    adc.o(.text) refers to stm32f10x_rcc.o(.text) for RCC_ADCCLKConfig
    adc.o(.text) refers to adc.o(.bss) for adc_value
    spi.o(.text) refers to stm32f10x_spi.o(.text) for SPI_I2S_GetFlagStatus
    spi.o(.text) refers to stm32f10x_gpio.o(.text) for GPIO_Init
    flash.o(.text) refers to stm32f10x_flash.o(.text) for FLASH_ProgramHalfWord
    flash.o(.text) refers to malloc.o(.text) for mymalloc
    flash.o(.text) refers to motor_control.o(.text) for Get_Seat_Height
    flash.o(.text) refers to flash.o(.data) for Flash_Buffer
    flash.o(.text) refers to motor_control.o(.data) for SEAT_FLAG
    malloc.o(.text) refers to malloc.o(.data) for mallco_dev
    malloc.o(.data) refers to malloc.o(.text) for mem_init
    malloc.o(.data) refers to malloc.o(.bss) for membase
    delay.o(.text) refers to misc.o(.text) for SysTick_CLKSourceConfig
    delay.o(.text) refers to system_stm32f10x.o(.data) for SystemCoreClock
    delay.o(.text) refers to delay.o(.data) for fac_us
    startup_stm32f10x_hd.o(RESET) refers to startup_stm32f10x_hd.o(STACK) for __initial_sp
    startup_stm32f10x_hd.o(RESET) refers to startup_stm32f10x_hd.o(.text) for Reset_Handler
    startup_stm32f10x_hd.o(RESET) refers to stm32f10x_it.o(.text) for NMI_Handler
    startup_stm32f10x_hd.o(RESET) refers to encoder.o(.text) for EXTI0_IRQHandler
    startup_stm32f10x_hd.o(RESET) refers to key.o(.text) for EXTI1_IRQHandler
    startup_stm32f10x_hd.o(RESET) refers to usart3_dma.o(.text) for DMA1_Channel2_IRQHandler
    startup_stm32f10x_hd.o(RESET) refers to usart1_dma.o(.text) for DMA1_Channel4_IRQHandler
    startup_stm32f10x_hd.o(RESET) refers to usart2_dma.o(.text) for DMA1_Channel7_IRQHandler
    startup_stm32f10x_hd.o(RESET) refers to usart5_dma.o(.text) for UART5_IRQHandler
    startup_stm32f10x_hd.o(.text) refers to system_stm32f10x.o(.text) for SystemInit
    startup_stm32f10x_hd.o(.text) refers to entry.o(.ARM.Collect$$$$00000000) for __main
    stm32f10x_gpio.o(.text) refers to stm32f10x_rcc.o(.text) for RCC_APB2PeriphResetCmd
    stm32f10x_rcc.o(.text) refers to stm32f10x_rcc.o(.data) for APBAHBPrescTable
    stm32f10x_usart.o(.text) refers to stm32f10x_rcc.o(.text) for RCC_APB2PeriphResetCmd
    stm32f10x_tim.o(.text) refers to stm32f10x_rcc.o(.text) for RCC_APB2PeriphResetCmd
    stm32f10x_adc.o(.text) refers to stm32f10x_rcc.o(.text) for RCC_APB2PeriphResetCmd
    stm32f10x_spi.o(.text) refers to stm32f10x_rcc.o(.text) for RCC_APB2PeriphResetCmd
    entry.o(.ARM.Collect$$$$00000000) refers (Special) to entry10a.o(.ARM.Collect$$$$0000000D) for __rt_final_cpp
    entry.o(.ARM.Collect$$$$00000000) refers (Special) to entry11a.o(.ARM.Collect$$$$0000000F) for __rt_final_exit
    entry.o(.ARM.Collect$$$$00000000) refers (Special) to entry7b.o(.ARM.Collect$$$$00000008) for _main_clock
    entry.o(.ARM.Collect$$$$00000000) refers (Special) to entry8b.o(.ARM.Collect$$$$0000000A) for _main_cpp_init
    entry.o(.ARM.Collect$$$$00000000) refers (Special) to entry9a.o(.ARM.Collect$$$$0000000B) for _main_init
    entry.o(.ARM.Collect$$$$00000000) refers (Special) to entry5.o(.ARM.Collect$$$$00000004) for _main_scatterload
    entry.o(.ARM.Collect$$$$00000000) refers (Special) to entry2.o(.ARM.Collect$$$$00000001) for _main_stk
    malloc.o(i.free) refers to mvars.o(.data) for __microlib_freelist
    malloc.o(i.malloc) refers to mvars.o(.data) for __microlib_freelist_initialised
    malloc.o(i.malloc) refers to mvars.o(.data) for __microlib_freelist
    malloc.o(i.malloc) refers to startup_stm32f10x_hd.o(HEAP) for __heap_base
    mallocr.o(i.__free$realloc) refers to mvars.o(.data) for __microlib_freelist
    mallocr.o(i.__malloc$realloc) refers to mallocr.o(i.internal_alloc) for internal_alloc
    mallocr.o(i.__malloc$realloc) refers to mvars.o(.data) for __microlib_freelist_initialised
    mallocr.o(i.__malloc$realloc) refers to startup_stm32f10x_hd.o(HEAP) for __heap_base
    mallocr.o(i.__malloc$realloc) refers to mvars.o(.data) for __microlib_freelist
    mallocr.o(i.internal_alloc) refers to memcpya.o(.text) for __aeabi_memcpy
    mallocr.o(i.internal_alloc) refers to mvars.o(.data) for __microlib_freelist
    mallocr.o(i.realloc) refers to mallocr.o(i.__free$realloc) for __free$realloc
    mallocr.o(i.realloc) refers to mallocr.o(i.internal_alloc) for internal_alloc
    mallocr.o(i.realloc) refers to mallocr.o(i.__malloc$realloc) for __malloc$realloc
    mallocr.o(i.realloc) refers to mvars.o(.data) for __microlib_freelist
    malloca.o(i.__aligned_malloc) refers to mvars.o(.data) for __microlib_freelist_initialised
    malloca.o(i.__aligned_malloc) refers to mvars.o(.data) for __microlib_freelist
    malloca.o(i.__aligned_malloc) refers to startup_stm32f10x_hd.o(HEAP) for __heap_base
    malloca.o(i.__free$memalign) refers to mvars.o(.data) for __microlib_freelist
    malloca.o(i.__malloc$memalign) refers to malloca.o(i.__aligned_malloc) for __aligned_malloc
    mallocra.o(i.__aligned_malloc$realloc) refers to mallocra.o(i.internal_alloc) for internal_alloc
    mallocra.o(i.__aligned_malloc$realloc) refers to mvars.o(.data) for __microlib_freelist_initialised
    mallocra.o(i.__aligned_malloc$realloc) refers to startup_stm32f10x_hd.o(HEAP) for __heap_base
    mallocra.o(i.__aligned_malloc$realloc) refers to mvars.o(.data) for __microlib_freelist
    mallocra.o(i.__free$realloc$memalign) refers to mvars.o(.data) for __microlib_freelist
    mallocra.o(i.__malloc$realloc$memalign) refers to mallocra.o(i.__aligned_malloc$realloc) for __aligned_malloc$realloc
    mallocra.o(i.__realloc$memalign) refers to mallocra.o(i.__free$realloc$memalign) for __free$realloc$memalign
    mallocra.o(i.__realloc$memalign) refers to mallocra.o(i.internal_alloc) for internal_alloc
    mallocra.o(i.__realloc$memalign) refers to mallocra.o(i.__malloc$realloc$memalign) for __malloc$realloc$memalign
    mallocra.o(i.__realloc$memalign) refers to mvars.o(.data) for __microlib_freelist
    mallocra.o(i.internal_alloc) refers to memcpya.o(.text) for __aeabi_memcpy
    mallocra.o(i.internal_alloc) refers to mvars.o(.data) for __microlib_freelist
    fdiv.o(.text) refers (Special) to iusefp.o(.text) for __I$use$fp
    fdiv.o(.text) refers to fepilogue.o(.text) for _float_round
    ffltui.o(.text) refers (Special) to iusefp.o(.text) for __I$use$fp
    ffltui.o(.text) refers to fepilogue.o(.text) for _float_epilogue
    ffixui.o(.text) refers (Special) to iusefp.o(.text) for __I$use$fp
    entry2.o(.ARM.Collect$$$$00000001) refers to entry2.o(.ARM.Collect$$$$00002712) for __lit__00000000
    entry2.o(.ARM.Collect$$$$00002712) refers to startup_stm32f10x_hd.o(STACK) for __initial_sp
    entry2.o(__vectab_stack_and_reset_area) refers to startup_stm32f10x_hd.o(STACK) for __initial_sp
    entry2.o(__vectab_stack_and_reset_area) refers to entry.o(.ARM.Collect$$$$00000000) for __main
    entry5.o(.ARM.Collect$$$$00000004) refers to init.o(.text) for __scatterload
    entry9a.o(.ARM.Collect$$$$0000000B) refers to main.o(.text) for main
    entry9b.o(.ARM.Collect$$$$0000000C) refers to main.o(.text) for main
    init.o(.text) refers to entry5.o(.ARM.Collect$$$$00000004) for __main_after_scatterload
    usart2_protocol.o(i.KEY1_Response) refers to crc_16.o(.text) for usMBCRC16
    usart2_protocol.o(i.KEY1_Response) refers to usart2_dma.o(.text) for USART2_DMA_Send_Once_Data
    usart2_protocol.o(i.KEY1_Response) refers to usart2_protocol.o(.data) for Send_Date_Key


==============================================================================

Removing Unused input sections from the image.

    Removing usart1_protocol.o(.constdata), (512 bytes).
    Removing usart2_protocol.o(.constdata), (512 bytes).
    Removing malloc.o(.constdata), (12 bytes).
    Removing sys.o(.emb_text), (6 bytes).
    Removing sys.o(.text), (12 bytes).
    Removing core_cm3.o(.emb_text), (32 bytes).
    Removing stm32f10x_crc.o(.text), (72 bytes).

7 unused section(s) (total 1158 bytes) removed from the image.

==============================================================================

Image Symbol Table

    Local Symbols

    Symbol Name                              Value     Ov Type        Size  Object(Section)

    ../clib/microlib/init/entry.s            0x00000000   Number         0  entry.o ABSOLUTE
    ../clib/microlib/init/entry.s            0x00000000   Number         0  entry9a.o ABSOLUTE
    ../clib/microlib/init/entry.s            0x00000000   Number         0  entry7a.o ABSOLUTE
    ../clib/microlib/init/entry.s            0x00000000   Number         0  entry10a.o ABSOLUTE
    ../clib/microlib/init/entry.s            0x00000000   Number         0  entry9b.o ABSOLUTE
    ../clib/microlib/init/entry.s            0x00000000   Number         0  entry5.o ABSOLUTE
    ../clib/microlib/init/entry.s            0x00000000   Number         0  entry7b.o ABSOLUTE
    ../clib/microlib/init/entry.s            0x00000000   Number         0  entry8a.o ABSOLUTE
    ../clib/microlib/init/entry.s            0x00000000   Number         0  entry2.o ABSOLUTE
    ../clib/microlib/init/entry.s            0x00000000   Number         0  entry11b.o ABSOLUTE
    ../clib/microlib/init/entry.s            0x00000000   Number         0  entry8b.o ABSOLUTE
    ../clib/microlib/init/entry.s            0x00000000   Number         0  entry11a.o ABSOLUTE
    ../clib/microlib/init/entry.s            0x00000000   Number         0  entry10b.o ABSOLUTE
    ../clib/microlib/malloc/malloc.c         0x00000000   Number         0  malloc.o ABSOLUTE
    ../clib/microlib/malloc/malloc.c         0x00000000   Number         0  malloca.o ABSOLUTE
    ../clib/microlib/malloc/malloc.c         0x00000000   Number         0  mallocr.o ABSOLUTE
    ../clib/microlib/malloc/malloc.c         0x00000000   Number         0  mallocra.o ABSOLUTE
    ../clib/microlib/malloc/mvars.c          0x00000000   Number         0  mvars.o ABSOLUTE
    ../clib/microlib/string/memcpy.c         0x00000000   Number         0  memcpya.o ABSOLUTE
    ../clib/microlib/string/memcpy.c         0x00000000   Number         0  memcpyb.o ABSOLUTE
    ../clib/microlib/stubs.s                 0x00000000   Number         0  iusefp.o ABSOLUTE
    ../fplib/microlib/fpdiv.c                0x00000000   Number         0  fdiv.o ABSOLUTE
    ../fplib/microlib/fpepilogue.c           0x00000000   Number         0  fepilogue.o ABSOLUTE
    ../fplib/microlib/fpfix.c                0x00000000   Number         0  ffixui.o ABSOLUTE
    ../fplib/microlib/fpflt.c                0x00000000   Number         0  ffltui.o ABSOLUTE
    ..\CORE\core_cm3.c                       0x00000000   Number         0  core_cm3.o ABSOLUTE
    ..\CORE\startup_stm32f10x_hd.s           0x00000000   Number         0  startup_stm32f10x_hd.o ABSOLUTE
    ..\HARDWARE\ADC\adc.c                    0x00000000   Number         0  adc.o ABSOLUTE
    ..\HARDWARE\CRC_16\crc_16.c              0x00000000   Number         0  crc_16.o ABSOLUTE
    ..\HARDWARE\Encoder\encoder.c            0x00000000   Number         0  encoder.o ABSOLUTE
    ..\HARDWARE\Flash\flash.c                0x00000000   Number         0  flash.o ABSOLUTE
    ..\HARDWARE\GPIO\gpio.c                  0x00000000   Number         0  gpio.o ABSOLUTE
    ..\HARDWARE\Key\key.c                    0x00000000   Number         0  key.o ABSOLUTE
    ..\HARDWARE\MALLOC\malloc.c              0x00000000   Number         0  malloc.o ABSOLUTE
    ..\HARDWARE\Motor_Control\motor_control.c 0x00000000   Number         0  motor_control.o ABSOLUTE
    ..\HARDWARE\PWM\pwm.c                    0x00000000   Number         0  pwm.o ABSOLUTE
    ..\HARDWARE\RCC\rcc.c                    0x00000000   Number         0  rcc.o ABSOLUTE
    ..\HARDWARE\SPI\spi.c                    0x00000000   Number         0  spi.o ABSOLUTE
    ..\HARDWARE\Usart1_DMA\usart1_dma.c      0x00000000   Number         0  usart1_dma.o ABSOLUTE
    ..\HARDWARE\Usart1_Protocol\usart1_protocol.c 0x00000000   Number         0  usart1_protocol.o ABSOLUTE
    ..\HARDWARE\Usart2_DMA\usart2_dma.c      0x00000000   Number         0  usart2_dma.o ABSOLUTE
    ..\HARDWARE\Usart2_Protocol\usart2_protocol.c 0x00000000   Number         0  usart2_protocol.o ABSOLUTE
    ..\HARDWARE\Usart3_DMA\usart3_dma.c      0x00000000   Number         0  usart3_dma.o ABSOLUTE
    ..\HARDWARE\Usart3_Protocol\usart3_protocol.c 0x00000000   Number         0  usart3_protocol.o ABSOLUTE
    ..\HARDWARE\Usart5_DMA\usart5_dma.c      0x00000000   Number         0  usart5_dma.o ABSOLUTE
    ..\HARDWARE\Usart5_Protocol\usart5_protocol.c 0x00000000   Number         0  usart5_protocol.o ABSOLUTE
    ..\STM32F10x_FWLib\src\misc.c            0x00000000   Number         0  misc.o ABSOLUTE
    ..\STM32F10x_FWLib\src\stm32f10x_adc.c   0x00000000   Number         0  stm32f10x_adc.o ABSOLUTE
    ..\STM32F10x_FWLib\src\stm32f10x_crc.c   0x00000000   Number         0  stm32f10x_crc.o ABSOLUTE
    ..\STM32F10x_FWLib\src\stm32f10x_dma.c   0x00000000   Number         0  stm32f10x_dma.o ABSOLUTE
    ..\STM32F10x_FWLib\src\stm32f10x_exti.c  0x00000000   Number         0  stm32f10x_exti.o ABSOLUTE
    ..\STM32F10x_FWLib\src\stm32f10x_flash.c 0x00000000   Number         0  stm32f10x_flash.o ABSOLUTE
    ..\STM32F10x_FWLib\src\stm32f10x_gpio.c  0x00000000   Number         0  stm32f10x_gpio.o ABSOLUTE
    ..\STM32F10x_FWLib\src\stm32f10x_rcc.c   0x00000000   Number         0  stm32f10x_rcc.o ABSOLUTE
    ..\STM32F10x_FWLib\src\stm32f10x_spi.c   0x00000000   Number         0  stm32f10x_spi.o ABSOLUTE
    ..\STM32F10x_FWLib\src\stm32f10x_tim.c   0x00000000   Number         0  stm32f10x_tim.o ABSOLUTE
    ..\STM32F10x_FWLib\src\stm32f10x_usart.c 0x00000000   Number         0  stm32f10x_usart.o ABSOLUTE
    ..\SYSTEM\delay\delay.c                  0x00000000   Number         0  delay.o ABSOLUTE
    ..\SYSTEM\sys\sys.c                      0x00000000   Number         0  sys.o ABSOLUTE
    ..\\CORE\\core_cm3.c                     0x00000000   Number         0  core_cm3.o ABSOLUTE
    ..\\SYSTEM\\sys\\sys.c                   0x00000000   Number         0  sys.o ABSOLUTE
    dc.s                                     0x00000000   Number         0  dc.o ABSOLUTE
    handlers.s                               0x00000000   Number         0  handlers.o ABSOLUTE
    init.s                                   0x00000000   Number         0  init.o ABSOLUTE
    main.c                                   0x00000000   Number         0  main.o ABSOLUTE
    stm32f10x_it.c                           0x00000000   Number         0  stm32f10x_it.o ABSOLUTE
    system_stm32f10x.c                       0x00000000   Number         0  system_stm32f10x.o ABSOLUTE
    RESET                                    0x08010000   Section      304  startup_stm32f10x_hd.o(RESET)
    .ARM.Collect$$$$00000000                 0x08010130   Section        0  entry.o(.ARM.Collect$$$$00000000)
    .ARM.Collect$$$$00000001                 0x08010130   Section        4  entry2.o(.ARM.Collect$$$$00000001)
    .ARM.Collect$$$$00000004                 0x08010134   Section        4  entry5.o(.ARM.Collect$$$$00000004)
    .ARM.Collect$$$$00000008                 0x08010138   Section        0  entry7b.o(.ARM.Collect$$$$00000008)
    .ARM.Collect$$$$0000000A                 0x08010138   Section        0  entry8b.o(.ARM.Collect$$$$0000000A)
    .ARM.Collect$$$$0000000B                 0x08010138   Section        8  entry9a.o(.ARM.Collect$$$$0000000B)
    .ARM.Collect$$$$0000000D                 0x08010140   Section        0  entry10a.o(.ARM.Collect$$$$0000000D)
    .ARM.Collect$$$$0000000F                 0x08010140   Section        0  entry11a.o(.ARM.Collect$$$$0000000F)
    .ARM.Collect$$$$00002712                 0x08010140   Section        4  entry2.o(.ARM.Collect$$$$00002712)
    __lit__00000000                          0x08010140   Data           4  entry2.o(.ARM.Collect$$$$00002712)
    .text                                    0x08010144   Section        0  main.o(.text)
    .text                                    0x08010220   Section        0  stm32f10x_it.o(.text)
    .text                                    0x0801023c   Section        0  system_stm32f10x.o(.text)
    SetSysClockTo72                          0x0801023d   Thumb Code   214  system_stm32f10x.o(.text)
    SetSysClock                              0x08010313   Thumb Code     8  system_stm32f10x.o(.text)
    .text                                    0x0801041c   Section        0  usart1_dma.o(.text)
    .text                                    0x08010690   Section        0  usart2_dma.o(.text)
    .text                                    0x0801090c   Section        0  usart3_dma.o(.text)
    .text                                    0x08010b94   Section        0  pwm.o(.text)
    .text                                    0x08010cf0   Section        0  key.o(.text)
    .text                                    0x08010ff8   Section        0  crc_16.o(.text)
    .text                                    0x08011054   Section        0  usart3_protocol.o(.text)
    .text                                    0x08011080   Section        0  gpio.o(.text)
    .text                                    0x080111cc   Section        0  motor_control.o(.text)
    .text                                    0x080112d8   Section        0  usart2_protocol.o(.text)
    .text                                    0x080114f0   Section        0  encoder.o(.text)
    .text                                    0x08011610   Section        0  rcc.o(.text)
    .text                                    0x08011730   Section        0  usart5_dma.o(.text)
    .text                                    0x080118a0   Section        0  usart5_protocol.o(.text)
    .text                                    0x080118e8   Section        0  adc.o(.text)
    .text                                    0x08011a00   Section        0  spi.o(.text)
    .text                                    0x08011b1c   Section        0  flash.o(.text)
    .text                                    0x08011cc8   Section        0  malloc.o(.text)
    .text                                    0x08011e68   Section        0  delay.o(.text)
    .text                                    0x08011f3c   Section       36  startup_stm32f10x_hd.o(.text)
    .text                                    0x08011f60   Section        0  stm32f10x_gpio.o(.text)
    .text                                    0x080122bc   Section        0  stm32f10x_rcc.o(.text)
    .text                                    0x08012660   Section        0  stm32f10x_usart.o(.text)
    .text                                    0x08012a68   Section        0  misc.o(.text)
    .text                                    0x08012b44   Section        0  stm32f10x_dma.o(.text)
    .text                                    0x08012d98   Section        0  stm32f10x_tim.o(.text)
    TI4_Config                               0x0801323f   Thumb Code   130  stm32f10x_tim.o(.text)
    TI3_Config                               0x080132d3   Thumb Code   122  stm32f10x_tim.o(.text)
    TI2_Config                               0x08013367   Thumb Code   130  stm32f10x_tim.o(.text)
    TI1_Config                               0x080133fb   Thumb Code   108  stm32f10x_tim.o(.text)
    .text                                    0x08013bb4   Section        0  stm32f10x_exti.o(.text)
    .text                                    0x08013cd0   Section        0  stm32f10x_adc.o(.text)
    .text                                    0x08014120   Section        0  stm32f10x_spi.o(.text)
    .text                                    0x0801442c   Section        0  stm32f10x_flash.o(.text)
    .text                                    0x080149e8   Section        0  memcpya.o(.text)
    .text                                    0x08014a0c   Section        0  fdiv.o(.text)
    .text                                    0x08014a88   Section        0  ffltui.o(.text)
    .text                                    0x08014a92   Section        0  ffixui.o(.text)
    .text                                    0x08014aba   Section        0  iusefp.o(.text)
    .text                                    0x08014aba   Section        0  fepilogue.o(.text)
    .text                                    0x08014b28   Section       36  init.o(.text)
    i.KEY1_Response                          0x08014b4c   Section        0  usart2_protocol.o(i.KEY1_Response)
    i.__scatterload_copy                     0x08014b7c   Section       14  handlers.o(i.__scatterload_copy)
    i.__scatterload_null                     0x08014b8a   Section        2  handlers.o(i.__scatterload_null)
    i.__scatterload_zeroinit                 0x08014b8c   Section       14  handlers.o(i.__scatterload_zeroinit)
    i.malloc                                 0x08014b9c   Section        0  malloc.o(i.malloc)
    .constdata                               0x08014c08   Section      512  crc_16.o(.constdata)
    aucCRCHi                                 0x08014c08   Data         256  crc_16.o(.constdata)
    aucCRCLo                                 0x08014d08   Data         256  crc_16.o(.constdata)
    .data                                    0x20000000   Section       20  system_stm32f10x.o(.data)
    .data                                    0x20000014   Section        1  usart1_dma.o(.data)
    USART1_TX_BUSY                           0x20000014   Data           1  usart1_dma.o(.data)
    .data                                    0x20000015   Section        1  usart2_dma.o(.data)
    USART2_TX_BUSY                           0x20000015   Data           1  usart2_dma.o(.data)
    .data                                    0x20000016   Section        1  usart3_dma.o(.data)
    USART3_TX_BUSY                           0x20000016   Data           1  usart3_dma.o(.data)
    .data                                    0x20000017   Section        2  crc_16.o(.data)
    ucCRCHi                                  0x20000017   Data           1  crc_16.o(.data)
    ucCRCLo                                  0x20000018   Data           1  crc_16.o(.data)
    .data                                    0x2000001a   Section        3  motor_control.o(.data)
    seat_height                              0x2000001a   Data           2  motor_control.o(.data)
    .data                                    0x2000001d   Section       13  usart2_protocol.o(.data)
    .data                                    0x2000002c   Section       16  encoder.o(.data)
    count_now                                0x2000002c   Data           4  encoder.o(.data)
    count_last                               0x20000030   Data           4  encoder.o(.data)
    count_diff                               0x20000034   Data           4  encoder.o(.data)
    .data                                    0x2000003c   Section        2  usart5_dma.o(.data)
    .data                                    0x2000003e   Section        6  flash.o(.data)
    Flash_Buffer                             0x20000040   Data           4  flash.o(.data)
    .data                                    0x20000044   Section       20  malloc.o(.data)
    .data                                    0x20000058   Section        4  delay.o(.data)
    fac_us                                   0x20000058   Data           1  delay.o(.data)
    fac_ms                                   0x2000005a   Data           2  delay.o(.data)
    .data                                    0x2000005c   Section       20  stm32f10x_rcc.o(.data)
    APBAHBPrescTable                         0x2000005c   Data          16  stm32f10x_rcc.o(.data)
    ADCPrescTable                            0x2000006c   Data           4  stm32f10x_rcc.o(.data)
    .data                                    0x20000070   Section        4  mvars.o(.data)
    .data                                    0x20000074   Section        4  mvars.o(.data)
    .bss                                     0x20000078   Section      386  usart1_dma.o(.bss)
    USART1_SEND_DATA                         0x20000078   Data          64  usart1_dma.o(.bss)
    USART1_RECEIVE_DATA                      0x200000b8   Data          64  usart1_dma.o(.bss)
    .bss                                     0x200001fa   Section      386  usart2_dma.o(.bss)
    USART2_SEND_DATA                         0x200001fa   Data          64  usart2_dma.o(.bss)
    USART2_RECEIVE_DATA                      0x2000023a   Data          64  usart2_dma.o(.bss)
    .bss                                     0x2000037c   Section      386  usart3_dma.o(.bss)
    USART3_SEND_DATA                         0x2000037c   Data          64  usart3_dma.o(.bss)
    USART3_RECEIVE_DATA                      0x200003bc   Data          64  usart3_dma.o(.bss)
    .bss                                     0x200004fe   Section       32  usart3_protocol.o(.bss)
    .bss                                     0x2000051e   Section      138  usart5_dma.o(.bss)
    UART5_SEND_DATA                          0x2000051e   Data          64  usart5_dma.o(.bss)
    UART5_RECEIVE_DATA                       0x2000055e   Data          64  usart5_dma.o(.bss)
    .bss                                     0x200005a8   Section       14  adc.o(.bss)
    .bss                                     0x200005b8   Section    21760  malloc.o(.bss)
    HEAP                                     0x20005ab8   Section      512  startup_stm32f10x_hd.o(HEAP)
    STACK                                    0x20005cb8   Section     1024  startup_stm32f10x_hd.o(STACK)

    Global Symbols

    Symbol Name                              Value     Ov Type        Size  Object(Section)

    BuildAttributes$$THM_ISAv4$P$D$K$B$S$PE$A:L22UL41UL21$X:L11$S22US41US21$IEEE1$IW$USESV6$~STKCKD$USESV7$~SHL$OTIME$ROPI$EBA8$MICROLIB$REQ8$PRES8$EABIv2 0x00000000   Number         0  anon$$obj.o ABSOLUTE
    __ARM_use_no_argv                        0x00000000   Number         0  main.o ABSOLUTE
    __cpp_initialize__aeabi_                  - Undefined Weak Reference
    __cxa_finalize                            - Undefined Weak Reference
    __decompress                              - Undefined Weak Reference
    _clock_init                               - Undefined Weak Reference
    _microlib_exit                            - Undefined Weak Reference
    __Vectors_Size                           0x00000130   Number         0  startup_stm32f10x_hd.o ABSOLUTE
    __Vectors                                0x08010000   Data           4  startup_stm32f10x_hd.o(RESET)
    __Vectors_End                            0x08010130   Data           0  startup_stm32f10x_hd.o(RESET)
    __main                                   0x08010131   Thumb Code     0  entry.o(.ARM.Collect$$$$00000000)
    _main_stk                                0x08010131   Thumb Code     0  entry2.o(.ARM.Collect$$$$00000001)
    _main_scatterload                        0x08010135   Thumb Code     0  entry5.o(.ARM.Collect$$$$00000004)
    __main_after_scatterload                 0x08010139   Thumb Code     0  entry5.o(.ARM.Collect$$$$00000004)
    _main_clock                              0x08010139   Thumb Code     0  entry7b.o(.ARM.Collect$$$$00000008)
    _main_cpp_init                           0x08010139   Thumb Code     0  entry8b.o(.ARM.Collect$$$$0000000A)
    _main_init                               0x08010139   Thumb Code     0  entry9a.o(.ARM.Collect$$$$0000000B)
    __rt_final_cpp                           0x08010141   Thumb Code     0  entry10a.o(.ARM.Collect$$$$0000000D)
    __rt_final_exit                          0x08010141   Thumb Code     0  entry11a.o(.ARM.Collect$$$$0000000F)
    main                                     0x08010145   Thumb Code   200  main.o(.text)
    NMI_Handler                              0x08010221   Thumb Code     2  stm32f10x_it.o(.text)
    HardFault_Handler                        0x08010223   Thumb Code     4  stm32f10x_it.o(.text)
    MemManage_Handler                        0x08010227   Thumb Code     4  stm32f10x_it.o(.text)
    BusFault_Handler                         0x0801022b   Thumb Code     4  stm32f10x_it.o(.text)
    UsageFault_Handler                       0x0801022f   Thumb Code     4  stm32f10x_it.o(.text)
    SVC_Handler                              0x08010233   Thumb Code     2  stm32f10x_it.o(.text)
    DebugMon_Handler                         0x08010235   Thumb Code     2  stm32f10x_it.o(.text)
    PendSV_Handler                           0x08010237   Thumb Code     2  stm32f10x_it.o(.text)
    SysTick_Handler                          0x08010239   Thumb Code     2  stm32f10x_it.o(.text)
    SystemInit                               0x0801031b   Thumb Code    78  system_stm32f10x.o(.text)
    SystemCoreClockUpdate                    0x08010369   Thumb Code   142  system_stm32f10x.o(.text)
    USART1_DMA_Init                          0x0801041d   Thumb Code   360  usart1_dma.o(.text)
    USART1_DMA_Send_Once_Data                0x08010585   Thumb Code    58  usart1_dma.o(.text)
    USART1_RX_Finish_IRQ                     0x080105bf   Thumb Code    82  usart1_dma.o(.text)
    DMA1_Channel4_IRQHandler                 0x08010611   Thumb Code    42  usart1_dma.o(.text)
    USART1_IRQHandler                        0x0801063b   Thumb Code    58  usart1_dma.o(.text)
    USART2_DMA_Init                          0x08010691   Thumb Code   358  usart2_dma.o(.text)
    USART2_DMA_Send_Once_Data                0x080107f7   Thumb Code    42  usart2_dma.o(.text)
    USART2_RX_Finish_IRQ                     0x08010821   Thumb Code    82  usart2_dma.o(.text)
    DMA1_Channel7_IRQHandler                 0x08010873   Thumb Code    42  usart2_dma.o(.text)
    USART2_IRQHandler                        0x0801089d   Thumb Code    84  usart2_dma.o(.text)
    USART3_DMA_Init                          0x0801090d   Thumb Code   368  usart3_dma.o(.text)
    USART3_DMA_Send_Once_Data                0x08010a7d   Thumb Code    58  usart3_dma.o(.text)
    USART3_RX_Finish_IRQ                     0x08010ab7   Thumb Code    82  usart3_dma.o(.text)
    DMA1_Channel2_IRQHandler                 0x08010b09   Thumb Code    38  usart3_dma.o(.text)
    USART3_IRQHandler                        0x08010b2f   Thumb Code    68  usart3_dma.o(.text)
    PWM_Init                                 0x08010b95   Thumb Code   244  pwm.o(.text)
    PWM_Init_Default                         0x08010c89   Thumb Code    14  pwm.o(.text)
    Set_PWM_CH3_Duty_Cycle                   0x08010c97   Thumb Code    40  pwm.o(.text)
    Set_PWM_CH4_Duty_Cycle                   0x08010cbf   Thumb Code    40  pwm.o(.text)
    KEY_Init                                 0x08010cf1   Thumb Code   594  key.o(.text)
    EXTI1_IRQHandler                         0x08010f43   Thumb Code    28  key.o(.text)
    EXTI9_5_IRQHandler                       0x08010f5f   Thumb Code    90  key.o(.text)
    EXTI15_10_IRQHandler                     0x08010fb9   Thumb Code    54  key.o(.text)
    CRC16_Init                               0x08010ff9   Thumb Code     2  crc_16.o(.text)
    usMBCRC16                                0x08010ffb   Thumb Code    62  crc_16.o(.text)
    Get_ucCRCHi                              0x08011039   Thumb Code     6  crc_16.o(.text)
    Get_ucCRCLo                              0x0801103f   Thumb Code     6  crc_16.o(.text)
    BP_Order_USART3                          0x08011055   Thumb Code    40  usart3_protocol.o(.text)
    Internet_GPIO_Init                       0x08011081   Thumb Code    54  gpio.o(.text)
    BP_RESET_Init                            0x080110b7   Thumb Code    32  gpio.o(.text)
    SPO2_SLEEP_Init                          0x080110d7   Thumb Code    32  gpio.o(.text)
    BACKUP_GPIO_Init                         0x080110f7   Thumb Code    58  gpio.o(.text)
    MOTOR_GPIO_Init                          0x08011131   Thumb Code    28  gpio.o(.text)
    LED_GPIO_Init                            0x0801114d   Thumb Code    30  gpio.o(.text)
    ACTUATOR_GPIO_Init                       0x0801116b   Thumb Code    56  gpio.o(.text)
    OE_GPIO_Init                             0x080111a3   Thumb Code    30  gpio.o(.text)
    Get_Seat_Height                          0x080111cd   Thumb Code     6  motor_control.o(.text)
    Set_Seat_Height                          0x080111d3   Thumb Code     6  motor_control.o(.text)
    Actuator_Init                            0x080111d9   Thumb Code    12  motor_control.o(.text)
    Actuator_Break                           0x080111e5   Thumb Code    22  motor_control.o(.text)
    Actuator_Positive                        0x080111fb   Thumb Code    26  motor_control.o(.text)
    Actuator_Negative                        0x08011215   Thumb Code    26  motor_control.o(.text)
    Seat_High                                0x0801122f   Thumb Code    30  motor_control.o(.text)
    Seat_Low                                 0x0801124d   Thumb Code    26  motor_control.o(.text)
    Backup_Init                              0x08011267   Thumb Code    12  motor_control.o(.text)
    Backup_Break                             0x08011273   Thumb Code    24  motor_control.o(.text)
    Backup_Positive                          0x0801128b   Thumb Code    28  motor_control.o(.text)
    Backup_Negative                          0x080112a7   Thumb Code    28  motor_control.o(.text)
    USART2_Key_Init                          0x080112d9   Thumb Code    26  usart2_protocol.o(.text)
    KEY6_Response                            0x080112f3   Thumb Code    42  usart2_protocol.o(.text)
    KEY7_Response                            0x0801131d   Thumb Code    42  usart2_protocol.o(.text)
    KEY8_Response                            0x08011347   Thumb Code    42  usart2_protocol.o(.text)
    KEY9_Response                            0x08011371   Thumb Code    42  usart2_protocol.o(.text)
    KEY10_Response                           0x0801139b   Thumb Code    42  usart2_protocol.o(.text)
    KEY11_Response                           0x080113c5   Thumb Code    42  usart2_protocol.o(.text)
    Is_BP_Order                              0x080113ef   Thumb Code    22  usart2_protocol.o(.text)
    USART2_BP_Response                       0x08011405   Thumb Code    80  usart2_protocol.o(.text)
    SPO2_Response                            0x08011455   Thumb Code    36  usart2_protocol.o(.text)
    USART2_Speed_Init                        0x08011479   Thumb Code    16  usart2_protocol.o(.text)
    Speed_Response                           0x08011489   Thumb Code    62  usart2_protocol.o(.text)
    Is_Speed_Order                           0x080114c7   Thumb Code    22  usart2_protocol.o(.text)
    PC0_Hall_IPD_Init                        0x080114f1   Thumb Code    86  encoder.o(.text)
    EXTI0_IRQHandler                         0x08011547   Thumb Code   108  encoder.o(.text)
    Timer2_Init                              0x080115b3   Thumb Code    58  encoder.o(.text)
    Hall_Senor_Init                          0x080115ed   Thumb Code    12  encoder.o(.text)
    RCC_Init                                 0x08011611   Thumb Code   286  rcc.o(.text)
    UART5_Init                               0x08011731   Thumb Code   172  usart5_dma.o(.text)
    UART5_Send_Once_Data                     0x080117dd   Thumb Code    54  usart5_dma.o(.text)
    UART5_IRQHandler                         0x08011813   Thumb Code   110  usart5_dma.o(.text)
    UART5_Sensor_Init                        0x080118a1   Thumb Code    32  usart5_protocol.o(.text)
    Is_State_Date                            0x080118c1   Thumb Code    34  usart5_protocol.o(.text)
    ADC_Sensor_Init                          0x080118e9   Thumb Code   230  adc.o(.text)
    Average                                  0x080119cf   Thumb Code    34  adc.o(.text)
    SPI2_Send                                0x08011a01   Thumb Code    58  spi.o(.text)
    SPI2_Init                                0x08011a3b   Thumb Code   212  spi.o(.text)
    STMFLASH_ReadHalfWord                    0x08011b1d   Thumb Code     6  flash.o(.text)
    STMFLASH_Write_NoCheck                   0x08011b23   Thumb Code    38  flash.o(.text)
    STMFLASH_Read                            0x08011b49   Thumb Code    34  flash.o(.text)
    STMFLASH_Write                           0x08011b6b   Thumb Code   246  flash.o(.text)
    Flash_Buffer_Init                        0x08011c61   Thumb Code    20  flash.o(.text)
    Set_Flash_Buffer                         0x08011c75   Thumb Code    36  flash.o(.text)
    Get_Flash_Buffer                         0x08011c99   Thumb Code    30  flash.o(.text)
    mymemcpy                                 0x08011cc9   Thumb Code    26  malloc.o(.text)
    mymemset                                 0x08011ce3   Thumb Code    20  malloc.o(.text)
    mem_init                                 0x08011cf7   Thumb Code    38  malloc.o(.text)
    mem_perused                              0x08011d1d   Thumb Code    42  malloc.o(.text)
    mem_malloc                               0x08011d47   Thumb Code   116  malloc.o(.text)
    mem_free                                 0x08011dbb   Thumb Code    66  malloc.o(.text)
    myfree                                   0x08011dfd   Thumb Code    24  malloc.o(.text)
    mymalloc                                 0x08011e15   Thumb Code    28  malloc.o(.text)
    myrealloc                                0x08011e31   Thumb Code    50  malloc.o(.text)
    delay_init                               0x08011e69   Thumb Code    50  delay.o(.text)
    delay_us                                 0x08011e9b   Thumb Code    72  delay.o(.text)
    delay_ms                                 0x08011ee3   Thumb Code    72  delay.o(.text)
    Reset_Handler                            0x08011f3d   Thumb Code     8  startup_stm32f10x_hd.o(.text)
    ADC1_2_IRQHandler                        0x08011f57   Thumb Code     0  startup_stm32f10x_hd.o(.text)
    ADC3_IRQHandler                          0x08011f57   Thumb Code     0  startup_stm32f10x_hd.o(.text)
    CAN1_RX1_IRQHandler                      0x08011f57   Thumb Code     0  startup_stm32f10x_hd.o(.text)
    CAN1_SCE_IRQHandler                      0x08011f57   Thumb Code     0  startup_stm32f10x_hd.o(.text)
    DMA1_Channel1_IRQHandler                 0x08011f57   Thumb Code     0  startup_stm32f10x_hd.o(.text)
    DMA1_Channel3_IRQHandler                 0x08011f57   Thumb Code     0  startup_stm32f10x_hd.o(.text)
    DMA1_Channel5_IRQHandler                 0x08011f57   Thumb Code     0  startup_stm32f10x_hd.o(.text)
    DMA1_Channel6_IRQHandler                 0x08011f57   Thumb Code     0  startup_stm32f10x_hd.o(.text)
    DMA2_Channel1_IRQHandler                 0x08011f57   Thumb Code     0  startup_stm32f10x_hd.o(.text)
    DMA2_Channel2_IRQHandler                 0x08011f57   Thumb Code     0  startup_stm32f10x_hd.o(.text)
    DMA2_Channel3_IRQHandler                 0x08011f57   Thumb Code     0  startup_stm32f10x_hd.o(.text)
    DMA2_Channel4_5_IRQHandler               0x08011f57   Thumb Code     0  startup_stm32f10x_hd.o(.text)
    EXTI2_IRQHandler                         0x08011f57   Thumb Code     0  startup_stm32f10x_hd.o(.text)
    EXTI3_IRQHandler                         0x08011f57   Thumb Code     0  startup_stm32f10x_hd.o(.text)
    EXTI4_IRQHandler                         0x08011f57   Thumb Code     0  startup_stm32f10x_hd.o(.text)
    FLASH_IRQHandler                         0x08011f57   Thumb Code     0  startup_stm32f10x_hd.o(.text)
    FSMC_IRQHandler                          0x08011f57   Thumb Code     0  startup_stm32f10x_hd.o(.text)
    I2C1_ER_IRQHandler                       0x08011f57   Thumb Code     0  startup_stm32f10x_hd.o(.text)
    I2C1_EV_IRQHandler                       0x08011f57   Thumb Code     0  startup_stm32f10x_hd.o(.text)
    I2C2_ER_IRQHandler                       0x08011f57   Thumb Code     0  startup_stm32f10x_hd.o(.text)
    I2C2_EV_IRQHandler                       0x08011f57   Thumb Code     0  startup_stm32f10x_hd.o(.text)
    PVD_IRQHandler                           0x08011f57   Thumb Code     0  startup_stm32f10x_hd.o(.text)
    RCC_IRQHandler                           0x08011f57   Thumb Code     0  startup_stm32f10x_hd.o(.text)
    RTCAlarm_IRQHandler                      0x08011f57   Thumb Code     0  startup_stm32f10x_hd.o(.text)
    RTC_IRQHandler                           0x08011f57   Thumb Code     0  startup_stm32f10x_hd.o(.text)
    SDIO_IRQHandler                          0x08011f57   Thumb Code     0  startup_stm32f10x_hd.o(.text)
    SPI1_IRQHandler                          0x08011f57   Thumb Code     0  startup_stm32f10x_hd.o(.text)
    SPI2_IRQHandler                          0x08011f57   Thumb Code     0  startup_stm32f10x_hd.o(.text)
    SPI3_IRQHandler                          0x08011f57   Thumb Code     0  startup_stm32f10x_hd.o(.text)
    TAMPER_IRQHandler                        0x08011f57   Thumb Code     0  startup_stm32f10x_hd.o(.text)
    TIM1_BRK_IRQHandler                      0x08011f57   Thumb Code     0  startup_stm32f10x_hd.o(.text)
    TIM1_CC_IRQHandler                       0x08011f57   Thumb Code     0  startup_stm32f10x_hd.o(.text)
    TIM1_TRG_COM_IRQHandler                  0x08011f57   Thumb Code     0  startup_stm32f10x_hd.o(.text)
    TIM1_UP_IRQHandler                       0x08011f57   Thumb Code     0  startup_stm32f10x_hd.o(.text)
    TIM2_IRQHandler                          0x08011f57   Thumb Code     0  startup_stm32f10x_hd.o(.text)
    TIM3_IRQHandler                          0x08011f57   Thumb Code     0  startup_stm32f10x_hd.o(.text)
    TIM4_IRQHandler                          0x08011f57   Thumb Code     0  startup_stm32f10x_hd.o(.text)
    TIM5_IRQHandler                          0x08011f57   Thumb Code     0  startup_stm32f10x_hd.o(.text)
    TIM6_IRQHandler                          0x08011f57   Thumb Code     0  startup_stm32f10x_hd.o(.text)
    TIM7_IRQHandler                          0x08011f57   Thumb Code     0  startup_stm32f10x_hd.o(.text)
    TIM8_BRK_IRQHandler                      0x08011f57   Thumb Code     0  startup_stm32f10x_hd.o(.text)
    TIM8_CC_IRQHandler                       0x08011f57   Thumb Code     0  startup_stm32f10x_hd.o(.text)
    TIM8_TRG_COM_IRQHandler                  0x08011f57   Thumb Code     0  startup_stm32f10x_hd.o(.text)
    TIM8_UP_IRQHandler                       0x08011f57   Thumb Code     0  startup_stm32f10x_hd.o(.text)
    UART4_IRQHandler                         0x08011f57   Thumb Code     0  startup_stm32f10x_hd.o(.text)
    USBWakeUp_IRQHandler                     0x08011f57   Thumb Code     0  startup_stm32f10x_hd.o(.text)
    USB_HP_CAN1_TX_IRQHandler                0x08011f57   Thumb Code     0  startup_stm32f10x_hd.o(.text)
    USB_LP_CAN1_RX0_IRQHandler               0x08011f57   Thumb Code     0  startup_stm32f10x_hd.o(.text)
    WWDG_IRQHandler                          0x08011f57   Thumb Code     0  startup_stm32f10x_hd.o(.text)
    GPIO_DeInit                              0x08011f61   Thumb Code   172  stm32f10x_gpio.o(.text)
    GPIO_AFIODeInit                          0x0801200d   Thumb Code    20  stm32f10x_gpio.o(.text)
    GPIO_Init                                0x08012021   Thumb Code   278  stm32f10x_gpio.o(.text)
    GPIO_StructInit                          0x08012137   Thumb Code    16  stm32f10x_gpio.o(.text)
    GPIO_ReadInputDataBit                    0x08012147   Thumb Code    18  stm32f10x_gpio.o(.text)
    GPIO_ReadInputData                       0x08012159   Thumb Code     8  stm32f10x_gpio.o(.text)
    GPIO_ReadOutputDataBit                   0x08012161   Thumb Code    18  stm32f10x_gpio.o(.text)
    GPIO_ReadOutputData                      0x08012173   Thumb Code     8  stm32f10x_gpio.o(.text)
    GPIO_SetBits                             0x0801217b   Thumb Code     4  stm32f10x_gpio.o(.text)
    GPIO_ResetBits                           0x0801217f   Thumb Code     4  stm32f10x_gpio.o(.text)
    GPIO_WriteBit                            0x08012183   Thumb Code    10  stm32f10x_gpio.o(.text)
    GPIO_Write                               0x0801218d   Thumb Code     4  stm32f10x_gpio.o(.text)
    GPIO_PinLockConfig                       0x08012191   Thumb Code    18  stm32f10x_gpio.o(.text)
    GPIO_EventOutputConfig                   0x080121a3   Thumb Code    26  stm32f10x_gpio.o(.text)
    GPIO_EventOutputCmd                      0x080121bd   Thumb Code     6  stm32f10x_gpio.o(.text)
    GPIO_PinRemapConfig                      0x080121c3   Thumb Code   138  stm32f10x_gpio.o(.text)
    GPIO_EXTILineConfig                      0x0801224d   Thumb Code    66  stm32f10x_gpio.o(.text)
    GPIO_ETH_MediaInterfaceConfig            0x0801228f   Thumb Code     8  stm32f10x_gpio.o(.text)
    RCC_DeInit                               0x080122bd   Thumb Code    64  stm32f10x_rcc.o(.text)
    RCC_HSEConfig                            0x080122fd   Thumb Code    70  stm32f10x_rcc.o(.text)
    RCC_GetFlagStatus                        0x08012343   Thumb Code    56  stm32f10x_rcc.o(.text)
    RCC_WaitForHSEStartUp                    0x0801237b   Thumb Code    56  stm32f10x_rcc.o(.text)
    RCC_AdjustHSICalibrationValue            0x080123b3   Thumb Code    20  stm32f10x_rcc.o(.text)
    RCC_HSICmd                               0x080123c7   Thumb Code     6  stm32f10x_rcc.o(.text)
    RCC_PLLConfig                            0x080123cd   Thumb Code    24  stm32f10x_rcc.o(.text)
    RCC_PLLCmd                               0x080123e5   Thumb Code     6  stm32f10x_rcc.o(.text)
    RCC_SYSCLKConfig                         0x080123eb   Thumb Code    18  stm32f10x_rcc.o(.text)
    RCC_GetSYSCLKSource                      0x080123fd   Thumb Code    10  stm32f10x_rcc.o(.text)
    RCC_HCLKConfig                           0x08012407   Thumb Code    18  stm32f10x_rcc.o(.text)
    RCC_PCLK1Config                          0x08012419   Thumb Code    18  stm32f10x_rcc.o(.text)
    RCC_PCLK2Config                          0x0801242b   Thumb Code    20  stm32f10x_rcc.o(.text)
    RCC_ITConfig                             0x0801243f   Thumb Code    26  stm32f10x_rcc.o(.text)
    RCC_USBCLKConfig                         0x08012459   Thumb Code     8  stm32f10x_rcc.o(.text)
    RCC_ADCCLKConfig                         0x08012461   Thumb Code    18  stm32f10x_rcc.o(.text)
    RCC_LSEConfig                            0x08012473   Thumb Code    50  stm32f10x_rcc.o(.text)
    RCC_LSICmd                               0x080124a5   Thumb Code     6  stm32f10x_rcc.o(.text)
    RCC_RTCCLKConfig                         0x080124ab   Thumb Code    12  stm32f10x_rcc.o(.text)
    RCC_RTCCLKCmd                            0x080124b7   Thumb Code     8  stm32f10x_rcc.o(.text)
    RCC_GetClocksFreq                        0x080124bf   Thumb Code   192  stm32f10x_rcc.o(.text)
    RCC_AHBPeriphClockCmd                    0x0801257f   Thumb Code    26  stm32f10x_rcc.o(.text)
    RCC_APB2PeriphClockCmd                   0x08012599   Thumb Code    26  stm32f10x_rcc.o(.text)
    RCC_APB1PeriphClockCmd                   0x080125b3   Thumb Code    26  stm32f10x_rcc.o(.text)
    RCC_APB2PeriphResetCmd                   0x080125cd   Thumb Code    26  stm32f10x_rcc.o(.text)
    RCC_APB1PeriphResetCmd                   0x080125e7   Thumb Code    26  stm32f10x_rcc.o(.text)
    RCC_BackupResetCmd                       0x08012601   Thumb Code     8  stm32f10x_rcc.o(.text)
    RCC_ClockSecuritySystemCmd               0x08012609   Thumb Code     6  stm32f10x_rcc.o(.text)
    RCC_MCOConfig                            0x0801260f   Thumb Code     6  stm32f10x_rcc.o(.text)
    RCC_ClearFlag                            0x08012615   Thumb Code    14  stm32f10x_rcc.o(.text)
    RCC_GetITStatus                          0x08012623   Thumb Code    20  stm32f10x_rcc.o(.text)
    RCC_ClearITPendingBit                    0x08012637   Thumb Code     6  stm32f10x_rcc.o(.text)
    USART_DeInit                             0x08012661   Thumb Code   134  stm32f10x_usart.o(.text)
    USART_Init                               0x080126e7   Thumb Code   210  stm32f10x_usart.o(.text)
    USART_StructInit                         0x080127b9   Thumb Code    24  stm32f10x_usart.o(.text)
    USART_ClockInit                          0x080127d1   Thumb Code    34  stm32f10x_usart.o(.text)
    USART_ClockStructInit                    0x080127f3   Thumb Code    12  stm32f10x_usart.o(.text)
    USART_Cmd                                0x080127ff   Thumb Code    24  stm32f10x_usart.o(.text)
    USART_ITConfig                           0x08012817   Thumb Code    74  stm32f10x_usart.o(.text)
    USART_DMACmd                             0x08012861   Thumb Code    18  stm32f10x_usart.o(.text)
    USART_SetAddress                         0x08012873   Thumb Code    18  stm32f10x_usart.o(.text)
    USART_WakeUpConfig                       0x08012885   Thumb Code    18  stm32f10x_usart.o(.text)
    USART_ReceiverWakeUpCmd                  0x08012897   Thumb Code    24  stm32f10x_usart.o(.text)
    USART_LINBreakDetectLengthConfig         0x080128af   Thumb Code    18  stm32f10x_usart.o(.text)
    USART_LINCmd                             0x080128c1   Thumb Code    24  stm32f10x_usart.o(.text)
    USART_SendData                           0x080128d9   Thumb Code     8  stm32f10x_usart.o(.text)
    USART_ReceiveData                        0x080128e1   Thumb Code    10  stm32f10x_usart.o(.text)
    USART_SendBreak                          0x080128eb   Thumb Code    10  stm32f10x_usart.o(.text)
    USART_SetGuardTime                       0x080128f5   Thumb Code    16  stm32f10x_usart.o(.text)
    USART_SetPrescaler                       0x08012905   Thumb Code    16  stm32f10x_usart.o(.text)
    USART_SmartCardCmd                       0x08012915   Thumb Code    24  stm32f10x_usart.o(.text)
    USART_SmartCardNACKCmd                   0x0801292d   Thumb Code    24  stm32f10x_usart.o(.text)
    USART_HalfDuplexCmd                      0x08012945   Thumb Code    24  stm32f10x_usart.o(.text)
    USART_OverSampling8Cmd                   0x0801295d   Thumb Code    22  stm32f10x_usart.o(.text)
    USART_OneBitMethodCmd                    0x08012973   Thumb Code    24  stm32f10x_usart.o(.text)
    USART_IrDAConfig                         0x0801298b   Thumb Code    18  stm32f10x_usart.o(.text)
    USART_IrDACmd                            0x0801299d   Thumb Code    24  stm32f10x_usart.o(.text)
    USART_GetFlagStatus                      0x080129b5   Thumb Code    26  stm32f10x_usart.o(.text)
    USART_ClearFlag                          0x080129cf   Thumb Code    18  stm32f10x_usart.o(.text)
    USART_GetITStatus                        0x080129e1   Thumb Code    84  stm32f10x_usart.o(.text)
    USART_ClearITPendingBit                  0x08012a35   Thumb Code    52  stm32f10x_usart.o(.text)
    NVIC_PriorityGroupConfig                 0x08012a69   Thumb Code    10  misc.o(.text)
    NVIC_Init                                0x08012a73   Thumb Code   100  misc.o(.text)
    NVIC_SetVectorTable                      0x08012ad7   Thumb Code    14  misc.o(.text)
    NVIC_SystemLPConfig                      0x08012ae5   Thumb Code    34  misc.o(.text)
    SysTick_CLKSourceConfig                  0x08012b07   Thumb Code    40  misc.o(.text)
    DMA_DeInit                               0x08012b45   Thumb Code   324  stm32f10x_dma.o(.text)
    DMA_Init                                 0x08012c89   Thumb Code    60  stm32f10x_dma.o(.text)
    DMA_StructInit                           0x08012cc5   Thumb Code    26  stm32f10x_dma.o(.text)
    DMA_Cmd                                  0x08012cdf   Thumb Code    24  stm32f10x_dma.o(.text)
    DMA_ITConfig                             0x08012cf7   Thumb Code    18  stm32f10x_dma.o(.text)
    DMA_SetCurrDataCounter                   0x08012d09   Thumb Code     4  stm32f10x_dma.o(.text)
    DMA_GetCurrDataCounter                   0x08012d0d   Thumb Code     8  stm32f10x_dma.o(.text)
    DMA_GetFlagStatus                        0x08012d15   Thumb Code    40  stm32f10x_dma.o(.text)
    DMA_ClearFlag                            0x08012d3d   Thumb Code    22  stm32f10x_dma.o(.text)
    DMA_GetITStatus                          0x08012d53   Thumb Code    40  stm32f10x_dma.o(.text)
    DMA_ClearITPendingBit                    0x08012d7b   Thumb Code    22  stm32f10x_dma.o(.text)
    TIM_DeInit                               0x08012d99   Thumb Code   424  stm32f10x_tim.o(.text)
    TIM_TimeBaseInit                         0x08012f41   Thumb Code   122  stm32f10x_tim.o(.text)
    TIM_OC1Init                              0x08012fbb   Thumb Code   132  stm32f10x_tim.o(.text)
    TIM_OC2Init                              0x0801303f   Thumb Code   154  stm32f10x_tim.o(.text)
    TIM_OC3Init                              0x080130d9   Thumb Code   150  stm32f10x_tim.o(.text)
    TIM_OC4Init                              0x0801316f   Thumb Code   182  stm32f10x_tim.o(.text)
    TIM_SetIC4Prescaler                      0x08013225   Thumb Code    26  stm32f10x_tim.o(.text)
    TIM_SetIC3Prescaler                      0x080132c1   Thumb Code    18  stm32f10x_tim.o(.text)
    TIM_SetIC2Prescaler                      0x0801334d   Thumb Code    26  stm32f10x_tim.o(.text)
    TIM_SetIC1Prescaler                      0x080133e9   Thumb Code    18  stm32f10x_tim.o(.text)
    TIM_ICInit                               0x08013467   Thumb Code   150  stm32f10x_tim.o(.text)
    TIM_PWMIConfig                           0x080134fd   Thumb Code   124  stm32f10x_tim.o(.text)
    TIM_BDTRConfig                           0x08013579   Thumb Code    32  stm32f10x_tim.o(.text)
    TIM_TimeBaseStructInit                   0x08013599   Thumb Code    18  stm32f10x_tim.o(.text)
    TIM_OCStructInit                         0x080135ab   Thumb Code    20  stm32f10x_tim.o(.text)
    TIM_ICStructInit                         0x080135bf   Thumb Code    18  stm32f10x_tim.o(.text)
    TIM_BDTRStructInit                       0x080135d1   Thumb Code    40  stm32f10x_tim.o(.text)
    TIM_Cmd                                  0x080135f9   Thumb Code    24  stm32f10x_tim.o(.text)
    TIM_CtrlPWMOutputs                       0x08013611   Thumb Code    30  stm32f10x_tim.o(.text)
    TIM_ITConfig                             0x0801362f   Thumb Code    18  stm32f10x_tim.o(.text)
    TIM_GenerateEvent                        0x08013641   Thumb Code     4  stm32f10x_tim.o(.text)
    TIM_DMAConfig                            0x08013645   Thumb Code    10  stm32f10x_tim.o(.text)
    TIM_DMACmd                               0x0801364f   Thumb Code    18  stm32f10x_tim.o(.text)
    TIM_InternalClockConfig                  0x08013661   Thumb Code    12  stm32f10x_tim.o(.text)
    TIM_SelectInputTrigger                   0x0801366d   Thumb Code    18  stm32f10x_tim.o(.text)
    TIM_ITRxExternalClockConfig              0x0801367f   Thumb Code    24  stm32f10x_tim.o(.text)
    TIM_TIxExternalClockConfig               0x08013697   Thumb Code    62  stm32f10x_tim.o(.text)
    TIM_ETRConfig                            0x080136d5   Thumb Code    28  stm32f10x_tim.o(.text)
    TIM_ETRClockMode1Config                  0x080136f1   Thumb Code    54  stm32f10x_tim.o(.text)
    TIM_ETRClockMode2Config                  0x08013727   Thumb Code    32  stm32f10x_tim.o(.text)
    TIM_PrescalerConfig                      0x08013747   Thumb Code     6  stm32f10x_tim.o(.text)
    TIM_CounterModeConfig                    0x0801374d   Thumb Code    18  stm32f10x_tim.o(.text)
    TIM_EncoderInterfaceConfig               0x0801375f   Thumb Code    66  stm32f10x_tim.o(.text)
    TIM_ForcedOC1Config                      0x080137a1   Thumb Code    18  stm32f10x_tim.o(.text)
    TIM_ForcedOC2Config                      0x080137b3   Thumb Code    26  stm32f10x_tim.o(.text)
    TIM_ForcedOC3Config                      0x080137cd   Thumb Code    18  stm32f10x_tim.o(.text)
    TIM_ForcedOC4Config                      0x080137df   Thumb Code    26  stm32f10x_tim.o(.text)
    TIM_ARRPreloadConfig                     0x080137f9   Thumb Code    24  stm32f10x_tim.o(.text)
    TIM_SelectCOM                            0x08013811   Thumb Code    24  stm32f10x_tim.o(.text)
    TIM_SelectCCDMA                          0x08013829   Thumb Code    24  stm32f10x_tim.o(.text)
    TIM_CCPreloadControl                     0x08013841   Thumb Code    24  stm32f10x_tim.o(.text)
    TIM_OC1PreloadConfig                     0x08013859   Thumb Code    18  stm32f10x_tim.o(.text)
    TIM_OC2PreloadConfig                     0x0801386b   Thumb Code    26  stm32f10x_tim.o(.text)
    TIM_OC3PreloadConfig                     0x08013885   Thumb Code    18  stm32f10x_tim.o(.text)
    TIM_OC4PreloadConfig                     0x08013897   Thumb Code    26  stm32f10x_tim.o(.text)
    TIM_OC1FastConfig                        0x080138b1   Thumb Code    18  stm32f10x_tim.o(.text)
    TIM_OC2FastConfig                        0x080138c3   Thumb Code    26  stm32f10x_tim.o(.text)
    TIM_OC3FastConfig                        0x080138dd   Thumb Code    18  stm32f10x_tim.o(.text)
    TIM_OC4FastConfig                        0x080138ef   Thumb Code    26  stm32f10x_tim.o(.text)
    TIM_ClearOC1Ref                          0x08013909   Thumb Code    18  stm32f10x_tim.o(.text)
    TIM_ClearOC2Ref                          0x0801391b   Thumb Code    24  stm32f10x_tim.o(.text)
    TIM_ClearOC3Ref                          0x08013933   Thumb Code    18  stm32f10x_tim.o(.text)
    TIM_ClearOC4Ref                          0x08013945   Thumb Code    24  stm32f10x_tim.o(.text)
    TIM_OC1PolarityConfig                    0x0801395d   Thumb Code    18  stm32f10x_tim.o(.text)
    TIM_OC1NPolarityConfig                   0x0801396f   Thumb Code    18  stm32f10x_tim.o(.text)
    TIM_OC2PolarityConfig                    0x08013981   Thumb Code    26  stm32f10x_tim.o(.text)
    TIM_OC2NPolarityConfig                   0x0801399b   Thumb Code    26  stm32f10x_tim.o(.text)
    TIM_OC3PolarityConfig                    0x080139b5   Thumb Code    26  stm32f10x_tim.o(.text)
    TIM_OC3NPolarityConfig                   0x080139cf   Thumb Code    26  stm32f10x_tim.o(.text)
    TIM_OC4PolarityConfig                    0x080139e9   Thumb Code    26  stm32f10x_tim.o(.text)
    TIM_CCxCmd                               0x08013a03   Thumb Code    30  stm32f10x_tim.o(.text)
    TIM_CCxNCmd                              0x08013a21   Thumb Code    30  stm32f10x_tim.o(.text)
    TIM_SelectOCxM                           0x08013a3f   Thumb Code    82  stm32f10x_tim.o(.text)
    TIM_UpdateDisableConfig                  0x08013a91   Thumb Code    24  stm32f10x_tim.o(.text)
    TIM_UpdateRequestConfig                  0x08013aa9   Thumb Code    24  stm32f10x_tim.o(.text)
    TIM_SelectHallSensor                     0x08013ac1   Thumb Code    24  stm32f10x_tim.o(.text)
    TIM_SelectOnePulseMode                   0x08013ad9   Thumb Code    18  stm32f10x_tim.o(.text)
    TIM_SelectOutputTrigger                  0x08013aeb   Thumb Code    18  stm32f10x_tim.o(.text)
    TIM_SelectSlaveMode                      0x08013afd   Thumb Code    18  stm32f10x_tim.o(.text)
    TIM_SelectMasterSlaveMode                0x08013b0f   Thumb Code    18  stm32f10x_tim.o(.text)
    TIM_SetCounter                           0x08013b21   Thumb Code     4  stm32f10x_tim.o(.text)
    TIM_SetAutoreload                        0x08013b25   Thumb Code     4  stm32f10x_tim.o(.text)
    TIM_SetCompare1                          0x08013b29   Thumb Code     4  stm32f10x_tim.o(.text)
    TIM_SetCompare2                          0x08013b2d   Thumb Code     4  stm32f10x_tim.o(.text)
    TIM_SetCompare3                          0x08013b31   Thumb Code     4  stm32f10x_tim.o(.text)
    TIM_SetCompare4                          0x08013b35   Thumb Code     6  stm32f10x_tim.o(.text)
    TIM_SetClockDivision                     0x08013b3b   Thumb Code    18  stm32f10x_tim.o(.text)
    TIM_GetCapture1                          0x08013b4d   Thumb Code     6  stm32f10x_tim.o(.text)
    TIM_GetCapture2                          0x08013b53   Thumb Code     6  stm32f10x_tim.o(.text)
    TIM_GetCapture3                          0x08013b59   Thumb Code     6  stm32f10x_tim.o(.text)
    TIM_GetCapture4                          0x08013b5f   Thumb Code     8  stm32f10x_tim.o(.text)
    TIM_GetCounter                           0x08013b67   Thumb Code     6  stm32f10x_tim.o(.text)
    TIM_GetPrescaler                         0x08013b6d   Thumb Code     6  stm32f10x_tim.o(.text)
    TIM_GetFlagStatus                        0x08013b73   Thumb Code    18  stm32f10x_tim.o(.text)
    TIM_ClearFlag                            0x08013b85   Thumb Code     6  stm32f10x_tim.o(.text)
    TIM_GetITStatus                          0x08013b8b   Thumb Code    34  stm32f10x_tim.o(.text)
    TIM_ClearITPendingBit                    0x08013bad   Thumb Code     6  stm32f10x_tim.o(.text)
    EXTI_DeInit                              0x08013bb5   Thumb Code    28  stm32f10x_exti.o(.text)
    EXTI_Init                                0x08013bd1   Thumb Code   142  stm32f10x_exti.o(.text)
    EXTI_StructInit                          0x08013c5f   Thumb Code    16  stm32f10x_exti.o(.text)
    EXTI_GenerateSWInterrupt                 0x08013c6f   Thumb Code    16  stm32f10x_exti.o(.text)
    EXTI_GetFlagStatus                       0x08013c7f   Thumb Code    22  stm32f10x_exti.o(.text)
    EXTI_ClearFlag                           0x08013c95   Thumb Code     8  stm32f10x_exti.o(.text)
    EXTI_GetITStatus                         0x08013c9d   Thumb Code    34  stm32f10x_exti.o(.text)
    EXTI_ClearITPendingBit                   0x08013cbf   Thumb Code     8  stm32f10x_exti.o(.text)
    ADC_DeInit                               0x08013cd1   Thumb Code    78  stm32f10x_adc.o(.text)
    ADC_Init                                 0x08013d1f   Thumb Code    70  stm32f10x_adc.o(.text)
    ADC_StructInit                           0x08013d65   Thumb Code    18  stm32f10x_adc.o(.text)
    ADC_Cmd                                  0x08013d77   Thumb Code    22  stm32f10x_adc.o(.text)
    ADC_DMACmd                               0x08013d8d   Thumb Code    22  stm32f10x_adc.o(.text)
    ADC_ITConfig                             0x08013da3   Thumb Code    24  stm32f10x_adc.o(.text)
    ADC_ResetCalibration                     0x08013dbb   Thumb Code    10  stm32f10x_adc.o(.text)
    ADC_GetResetCalibrationStatus            0x08013dc5   Thumb Code    20  stm32f10x_adc.o(.text)
    ADC_StartCalibration                     0x08013dd9   Thumb Code    10  stm32f10x_adc.o(.text)
    ADC_GetCalibrationStatus                 0x08013de3   Thumb Code    20  stm32f10x_adc.o(.text)
    ADC_SoftwareStartConvCmd                 0x08013df7   Thumb Code    22  stm32f10x_adc.o(.text)
    ADC_GetSoftwareStartConvStatus           0x08013e0d   Thumb Code    20  stm32f10x_adc.o(.text)
    ADC_DiscModeChannelCountConfig           0x08013e21   Thumb Code    24  stm32f10x_adc.o(.text)
    ADC_DiscModeCmd                          0x08013e39   Thumb Code    22  stm32f10x_adc.o(.text)
    ADC_RegularChannelConfig                 0x08013e4f   Thumb Code   184  stm32f10x_adc.o(.text)
    ADC_ExternalTrigConvCmd                  0x08013f07   Thumb Code    22  stm32f10x_adc.o(.text)
    ADC_GetConversionValue                   0x08013f1d   Thumb Code     8  stm32f10x_adc.o(.text)
    ADC_GetDualModeConversionValue           0x08013f25   Thumb Code     8  stm32f10x_adc.o(.text)
    ADC_AutoInjectedConvCmd                  0x08013f2d   Thumb Code    22  stm32f10x_adc.o(.text)
    ADC_InjectedDiscModeCmd                  0x08013f43   Thumb Code    22  stm32f10x_adc.o(.text)
    ADC_ExternalTrigInjectedConvConfig       0x08013f59   Thumb Code    16  stm32f10x_adc.o(.text)
    ADC_ExternalTrigInjectedConvCmd          0x08013f69   Thumb Code    22  stm32f10x_adc.o(.text)
    ADC_SoftwareStartInjectedConvCmd         0x08013f7f   Thumb Code    22  stm32f10x_adc.o(.text)
    ADC_GetSoftwareStartInjectedConvCmdStatus 0x08013f95   Thumb Code    20  stm32f10x_adc.o(.text)
    ADC_InjectedChannelConfig                0x08013fa9   Thumb Code   130  stm32f10x_adc.o(.text)
    ADC_InjectedSequencerLengthConfig        0x0801402b   Thumb Code    24  stm32f10x_adc.o(.text)
    ADC_SetInjectedOffset                    0x08014043   Thumb Code    20  stm32f10x_adc.o(.text)
    ADC_GetInjectedConversionValue           0x08014057   Thumb Code    28  stm32f10x_adc.o(.text)
    ADC_AnalogWatchdogCmd                    0x08014073   Thumb Code    16  stm32f10x_adc.o(.text)
    ADC_AnalogWatchdogThresholdsConfig       0x08014083   Thumb Code     6  stm32f10x_adc.o(.text)
    ADC_AnalogWatchdogSingleChannelConfig    0x08014089   Thumb Code    16  stm32f10x_adc.o(.text)
    ADC_TempSensorVrefintCmd                 0x08014099   Thumb Code    64  stm32f10x_adc.o(.text)
    ADC_GetFlagStatus                        0x080140d9   Thumb Code    18  stm32f10x_adc.o(.text)
    ADC_ClearFlag                            0x080140eb   Thumb Code     6  stm32f10x_adc.o(.text)
    ADC_GetITStatus                          0x080140f1   Thumb Code    36  stm32f10x_adc.o(.text)
    ADC_ClearITPendingBit                    0x08014115   Thumb Code    10  stm32f10x_adc.o(.text)
    SPI_I2S_DeInit                           0x08014121   Thumb Code    76  stm32f10x_spi.o(.text)
    SPI_Init                                 0x0801416d   Thumb Code    60  stm32f10x_spi.o(.text)
    I2S_Init                                 0x080141a9   Thumb Code   226  stm32f10x_spi.o(.text)
    SPI_StructInit                           0x0801428b   Thumb Code    24  stm32f10x_spi.o(.text)
    I2S_StructInit                           0x080142a3   Thumb Code    20  stm32f10x_spi.o(.text)
    SPI_Cmd                                  0x080142b7   Thumb Code    24  stm32f10x_spi.o(.text)
    I2S_Cmd                                  0x080142cf   Thumb Code    24  stm32f10x_spi.o(.text)
    SPI_I2S_ITConfig                         0x080142e7   Thumb Code    32  stm32f10x_spi.o(.text)
    SPI_I2S_DMACmd                           0x08014307   Thumb Code    18  stm32f10x_spi.o(.text)
    SPI_I2S_SendData                         0x08014319   Thumb Code     4  stm32f10x_spi.o(.text)
    SPI_I2S_ReceiveData                      0x0801431d   Thumb Code     6  stm32f10x_spi.o(.text)
    SPI_NSSInternalSoftwareConfig            0x08014323   Thumb Code    30  stm32f10x_spi.o(.text)
    SPI_SSOutputCmd                          0x08014341   Thumb Code    24  stm32f10x_spi.o(.text)
    SPI_DataSizeConfig                       0x08014359   Thumb Code    18  stm32f10x_spi.o(.text)
    SPI_TransmitCRC                          0x0801436b   Thumb Code    10  stm32f10x_spi.o(.text)
    SPI_CalculateCRC                         0x08014375   Thumb Code    24  stm32f10x_spi.o(.text)
    SPI_GetCRC                               0x0801438d   Thumb Code    16  stm32f10x_spi.o(.text)
    SPI_GetCRCPolynomial                     0x0801439d   Thumb Code     6  stm32f10x_spi.o(.text)
    SPI_BiDirectionalLineConfig              0x080143a3   Thumb Code    28  stm32f10x_spi.o(.text)
    SPI_I2S_GetFlagStatus                    0x080143bf   Thumb Code    18  stm32f10x_spi.o(.text)
    SPI_I2S_ClearFlag                        0x080143d1   Thumb Code     6  stm32f10x_spi.o(.text)
    SPI_I2S_GetITStatus                      0x080143d7   Thumb Code    52  stm32f10x_spi.o(.text)
    SPI_I2S_ClearITPendingBit                0x0801440b   Thumb Code    20  stm32f10x_spi.o(.text)
    FLASH_SetLatency                         0x0801442d   Thumb Code    18  stm32f10x_flash.o(.text)
    FLASH_HalfCycleAccessCmd                 0x0801443f   Thumb Code    22  stm32f10x_flash.o(.text)
    FLASH_PrefetchBufferCmd                  0x08014455   Thumb Code    22  stm32f10x_flash.o(.text)
    FLASH_Unlock                             0x0801446b   Thumb Code    12  stm32f10x_flash.o(.text)
    FLASH_UnlockBank1                        0x08014477   Thumb Code    12  stm32f10x_flash.o(.text)
    FLASH_Lock                               0x08014483   Thumb Code    14  stm32f10x_flash.o(.text)
    FLASH_LockBank1                          0x08014491   Thumb Code    14  stm32f10x_flash.o(.text)
    FLASH_GetBank1Status                     0x0801449f   Thumb Code    48  stm32f10x_flash.o(.text)
    FLASH_WaitForLastOperation               0x080144cf   Thumb Code    38  stm32f10x_flash.o(.text)
    FLASH_ErasePage                          0x080144f5   Thumb Code    72  stm32f10x_flash.o(.text)
    FLASH_EraseAllPages                      0x0801453d   Thumb Code    68  stm32f10x_flash.o(.text)
    FLASH_WaitForLastBank1Operation          0x08014581   Thumb Code    38  stm32f10x_flash.o(.text)
    FLASH_EraseAllBank1Pages                 0x080145a7   Thumb Code    68  stm32f10x_flash.o(.text)
    FLASH_GetReadOutProtectionStatus         0x080145eb   Thumb Code    20  stm32f10x_flash.o(.text)
    FLASH_EraseOptionBytes                   0x080145ff   Thumb Code   150  stm32f10x_flash.o(.text)
    FLASH_ProgramWord                        0x08014695   Thumb Code   102  stm32f10x_flash.o(.text)
    FLASH_ProgramHalfWord                    0x080146fb   Thumb Code    60  stm32f10x_flash.o(.text)
    FLASH_ProgramOptionByteData              0x08014737   Thumb Code    72  stm32f10x_flash.o(.text)
    FLASH_EnableWriteProtection              0x0801477f   Thumb Code   200  stm32f10x_flash.o(.text)
    FLASH_ReadOutProtection                  0x08014847   Thumb Code   156  stm32f10x_flash.o(.text)
    FLASH_UserOptionByteConfig               0x080148e3   Thumb Code    88  stm32f10x_flash.o(.text)
    FLASH_GetUserOptionByte                  0x0801493b   Thumb Code     8  stm32f10x_flash.o(.text)
    FLASH_GetWriteProtectionOptionByte       0x08014943   Thumb Code     6  stm32f10x_flash.o(.text)
    FLASH_GetPrefetchBufferStatus            0x08014949   Thumb Code    20  stm32f10x_flash.o(.text)
    FLASH_ITConfig                           0x0801495d   Thumb Code    26  stm32f10x_flash.o(.text)
    FLASH_GetFlagStatus                      0x08014977   Thumb Code    42  stm32f10x_flash.o(.text)
    FLASH_ClearFlag                          0x080149a1   Thumb Code     6  stm32f10x_flash.o(.text)
    FLASH_GetStatus                          0x080149a7   Thumb Code    48  stm32f10x_flash.o(.text)
    __aeabi_memcpy                           0x080149e9   Thumb Code    36  memcpya.o(.text)
    __aeabi_memcpy4                          0x080149e9   Thumb Code     0  memcpya.o(.text)
    __aeabi_memcpy8                          0x080149e9   Thumb Code     0  memcpya.o(.text)
    __aeabi_fdiv                             0x08014a0d   Thumb Code   124  fdiv.o(.text)
    __aeabi_ui2f                             0x08014a89   Thumb Code    10  ffltui.o(.text)
    __aeabi_f2uiz                            0x08014a93   Thumb Code    40  ffixui.o(.text)
    __I$use$fp                               0x08014abb   Thumb Code     0  iusefp.o(.text)
    _float_round                             0x08014abb   Thumb Code    18  fepilogue.o(.text)
    _float_epilogue                          0x08014acd   Thumb Code    92  fepilogue.o(.text)
    __scatterload                            0x08014b29   Thumb Code    28  init.o(.text)
    __scatterload_rt2                        0x08014b29   Thumb Code     0  init.o(.text)
    KEY1_Response                            0x08014b4d   Thumb Code    42  usart2_protocol.o(i.KEY1_Response)
    __scatterload_copy                       0x08014b7d   Thumb Code    14  handlers.o(i.__scatterload_copy)
    __scatterload_null                       0x08014b8b   Thumb Code     2  handlers.o(i.__scatterload_null)
    __scatterload_zeroinit                   0x08014b8d   Thumb Code    14  handlers.o(i.__scatterload_zeroinit)
    malloc                                   0x08014b9d   Thumb Code    92  malloc.o(i.malloc)
    Region$$Table$$Base                      0x08014e08   Number         0  anon$$obj.o(Region$$Table)
    Region$$Table$$Limit                     0x08014e28   Number         0  anon$$obj.o(Region$$Table)
    SystemCoreClock                          0x20000000   Data           4  system_stm32f10x.o(.data)
    AHBPrescTable                            0x20000004   Data          16  system_stm32f10x.o(.data)
    SEAT_FLAG                                0x2000001c   Data           1  motor_control.o(.data)
    Send_Date_Key                            0x2000001d   Data           6  usart2_protocol.o(.data)
    SPEED_DATA                               0x20000023   Data           7  usart2_protocol.o(.data)
    motor_speed                              0x20000038   Data           4  encoder.o(.data)
    SPO2_FLAG                                0x2000003c   Data           1  usart5_dma.o(.data)
    RxCounter                                0x2000003d   Data           1  usart5_dma.o(.data)
    FLASH_FLAG                               0x2000003e   Data           1  flash.o(.data)
    mallco_dev                               0x20000044   Data          20  malloc.o(.data)
    __microlib_freelist                      0x20000070   Data           4  mvars.o(.data)
    __microlib_freelist_initialised          0x20000074   Data           4  mvars.o(.data)
    uart1_rx                                 0x200000f8   Data         129  usart1_dma.o(.bss)
    uart1_tx                                 0x20000179   Data         129  usart1_dma.o(.bss)
    uart2_rx                                 0x2000027a   Data         129  usart2_dma.o(.bss)
    uart2_tx                                 0x200002fb   Data         129  usart2_dma.o(.bss)
    uart3_rx                                 0x200003fc   Data         129  usart3_dma.o(.bss)
    uart3_tx                                 0x2000047d   Data         129  usart3_dma.o(.bss)
    USART3_BP_DATA                           0x200004fe   Data          32  usart3_protocol.o(.bss)
    SPO2_DATA                                0x2000059e   Data          10  usart5_dma.o(.bss)
    adc_value                                0x200005a8   Data          14  adc.o(.bss)
    membase                                  0x200005b8   Data       20480  malloc.o(.bss)
    memmapbase                               0x200055b8   Data        1280  malloc.o(.bss)
    __heap_base                              0x20005ab8   Data           0  startup_stm32f10x_hd.o(HEAP)
    __heap_limit                             0x20005cb8   Data           0  startup_stm32f10x_hd.o(HEAP)
    __initial_sp                             0x200060b8   Data           0  startup_stm32f10x_hd.o(STACK)



==============================================================================

Memory Map of the image

  Image Entry point : 0x08010131

  Load Region LR_IROM1 (Base: 0x08010000, Size: 0x00004ea0, Max: 0x00030000, ABSOLUTE)

    Execution Region ER_IROM1 (Base: 0x08010000, Size: 0x00004e28, Max: 0x00030000, ABSOLUTE)

    Base Addr    Size         Type   Attr      Idx    E Section Name        Object

    0x08010000   0x00000130   Data   RO          607    RESET               startup_stm32f10x_hd.o
    0x08010130   0x00000000   Code   RO          746  * .ARM.Collect$$$$00000000  mc_w.l(entry.o)
    0x08010130   0x00000004   Code   RO          787    .ARM.Collect$$$$00000001  mc_w.l(entry2.o)
    0x08010134   0x00000004   Code   RO          790    .ARM.Collect$$$$00000004  mc_w.l(entry5.o)
    0x08010138   0x00000000   Code   RO          792    .ARM.Collect$$$$00000008  mc_w.l(entry7b.o)
    0x08010138   0x00000000   Code   RO          794    .ARM.Collect$$$$0000000A  mc_w.l(entry8b.o)
    0x08010138   0x00000008   Code   RO          795    .ARM.Collect$$$$0000000B  mc_w.l(entry9a.o)
    0x08010140   0x00000000   Code   RO          797    .ARM.Collect$$$$0000000D  mc_w.l(entry10a.o)
    0x08010140   0x00000000   Code   RO          799    .ARM.Collect$$$$0000000F  mc_w.l(entry11a.o)
    0x08010140   0x00000004   Code   RO          788    .ARM.Collect$$$$00002712  mc_w.l(entry2.o)
    0x08010144   0x000000dc   Code   RO            1    .text               main.o
    0x08010220   0x0000001a   Code   RO          167    .text               stm32f10x_it.o
    0x0801023a   0x00000002   PAD
    0x0801023c   0x000001e0   Code   RO          208    .text               system_stm32f10x.o
    0x0801041c   0x00000274   Code   RO          226    .text               usart1_dma.o
    0x08010690   0x0000027c   Code   RO          257    .text               usart2_dma.o
    0x0801090c   0x00000288   Code   RO          276    .text               usart3_dma.o
    0x08010b94   0x0000015c   Code   RO          301    .text               pwm.o
    0x08010cf0   0x00000308   Code   RO          319    .text               key.o
    0x08010ff8   0x0000005c   Code   RO          348    .text               crc_16.o
    0x08011054   0x0000002c   Code   RO          363    .text               usart3_protocol.o
    0x08011080   0x0000014c   Code   RO          378    .text               gpio.o
    0x080111cc   0x0000010c   Code   RO          399    .text               motor_control.o
    0x080112d8   0x00000218   Code   RO          414    .text               usart2_protocol.o
    0x080114f0   0x00000120   Code   RO          437    .text               encoder.o
    0x08011610   0x0000011e   Code   RO          456    .text               rcc.o
    0x0801172e   0x00000002   PAD
    0x08011730   0x00000170   Code   RO          468    .text               usart5_dma.o
    0x080118a0   0x00000048   Code   RO          484    .text               usart5_protocol.o
    0x080118e8   0x00000118   Code   RO          497    .text               adc.o
    0x08011a00   0x0000011c   Code   RO          512    .text               spi.o
    0x08011b1c   0x000001ac   Code   RO          524    .text               flash.o
    0x08011cc8   0x000001a0   Code   RO          544    .text               malloc.o
    0x08011e68   0x000000d4   Code   RO          564    .text               delay.o
    0x08011f3c   0x00000024   Code   RO          608    .text               startup_stm32f10x_hd.o
    0x08011f60   0x0000035c   Code   RO          612    .text               stm32f10x_gpio.o
    0x080122bc   0x000003a4   Code   RO          624    .text               stm32f10x_rcc.o
    0x08012660   0x00000408   Code   RO          638    .text               stm32f10x_usart.o
    0x08012a68   0x000000dc   Code   RO          650    .text               misc.o
    0x08012b44   0x00000254   Code   RO          662    .text               stm32f10x_dma.o
    0x08012d98   0x00000e1a   Code   RO          674    .text               stm32f10x_tim.o
    0x08013bb2   0x00000002   PAD
    0x08013bb4   0x0000011c   Code   RO          686    .text               stm32f10x_exti.o
    0x08013cd0   0x0000044e   Code   RO          710    .text               stm32f10x_adc.o
    0x0801411e   0x00000002   PAD
    0x08014120   0x0000030c   Code   RO          722    .text               stm32f10x_spi.o
    0x0801442c   0x000005bc   Code   RO          734    .text               stm32f10x_flash.o
    0x080149e8   0x00000024   Code   RO          749    .text               mc_w.l(memcpya.o)
    0x08014a0c   0x0000007c   Code   RO          781    .text               mf_w.l(fdiv.o)
    0x08014a88   0x0000000a   Code   RO          783    .text               mf_w.l(ffltui.o)
    0x08014a92   0x00000028   Code   RO          785    .text               mf_w.l(ffixui.o)
    0x08014aba   0x00000000   Code   RO          803    .text               mc_w.l(iusefp.o)
    0x08014aba   0x0000006e   Code   RO          804    .text               mf_w.l(fepilogue.o)
    0x08014b28   0x00000024   Code   RO          806    .text               mc_w.l(init.o)
    0x08014b4c   0x00000030   Code   RO          427    i.KEY1_Response     usart2_protocol.o
    0x08014b7c   0x0000000e   Code   RO          810    i.__scatterload_copy  mc_w.l(handlers.o)
    0x08014b8a   0x00000002   Code   RO          811    i.__scatterload_null  mc_w.l(handlers.o)
    0x08014b8c   0x0000000e   Code   RO          812    i.__scatterload_zeroinit  mc_w.l(handlers.o)
    0x08014b9a   0x00000002   PAD
    0x08014b9c   0x0000006c   Code   RO          754    i.malloc            mc_w.l(malloc.o)
    0x08014c08   0x00000200   Data   RO          349    .constdata          crc_16.o
    0x08014e08   0x00000020   Data   RO          808    Region$$Table       anon$$obj.o


    Execution Region RW_IRAM1 (Base: 0x20000000, Size: 0x000060b8, Max: 0x0000c000, ABSOLUTE)

    Base Addr    Size         Type   Attr      Idx    E Section Name        Object

    0x20000000   0x00000014   Data   RW          209    .data               system_stm32f10x.o
    0x20000014   0x00000001   Data   RW          228    .data               usart1_dma.o
    0x20000015   0x00000001   Data   RW          259    .data               usart2_dma.o
    0x20000016   0x00000001   Data   RW          278    .data               usart3_dma.o
    0x20000017   0x00000002   Data   RW          350    .data               crc_16.o
    0x20000019   0x00000001   PAD
    0x2000001a   0x00000003   Data   RW          400    .data               motor_control.o
    0x2000001d   0x0000000d   Data   RW          416    .data               usart2_protocol.o
    0x2000002a   0x00000002   PAD
    0x2000002c   0x00000010   Data   RW          438    .data               encoder.o
    0x2000003c   0x00000002   Data   RW          470    .data               usart5_dma.o
    0x2000003e   0x00000006   Data   RW          525    .data               flash.o
    0x20000044   0x00000014   Data   RW          547    .data               malloc.o
    0x20000058   0x00000004   Data   RW          565    .data               delay.o
    0x2000005c   0x00000014   Data   RW          625    .data               stm32f10x_rcc.o
    0x20000070   0x00000004   Data   RW          801    .data               mc_w.l(mvars.o)
    0x20000074   0x00000004   Data   RW          802    .data               mc_w.l(mvars.o)
    0x20000078   0x00000182   Zero   RW          227    .bss                usart1_dma.o
    0x200001fa   0x00000182   Zero   RW          258    .bss                usart2_dma.o
    0x2000037c   0x00000182   Zero   RW          277    .bss                usart3_dma.o
    0x200004fe   0x00000020   Zero   RW          364    .bss                usart3_protocol.o
    0x2000051e   0x0000008a   Zero   RW          469    .bss                usart5_dma.o
    0x200005a8   0x0000000e   Zero   RW          498    .bss                adc.o
    0x200005b6   0x00000002   PAD
    0x200005b8   0x00005500   Zero   RW          545    .bss                malloc.o
    0x20005ab8   0x00000200   Zero   RW          606    HEAP                startup_stm32f10x_hd.o
    0x20005cb8   0x00000400   Zero   RW          605    STACK               startup_stm32f10x_hd.o


==============================================================================

Image component sizes


      Code (inc. data)   RO Data    RW Data    ZI Data      Debug   Object Name

       280         16          0          0         14       1502   adc.o
        92         16        512          2          0       1539   crc_16.o
       212         18          0          4          0        995   delay.o
       288         24          0         16          0       1347   encoder.o
       428         18          0          6          0       3361   flash.o
       332         12          0          0          0       1674   gpio.o
       776         10          0          0          0       1472   key.o
       220         20          0          0          0     288520   main.o
       416          6          0         20      21760       3961   malloc.o
       220         22          0          0          0       1753   misc.o
       268         22          0          3          0       2407   motor_control.o
       348         10          0          0          0       1322   pwm.o
       286          0          0          0          0        579   rcc.o
       284         14          0          0          0        906   spi.o
        36          8        304          0       1536        772   startup_stm32f10x_hd.o
      1102         26          0          0          0      10993   stm32f10x_adc.o
       596          8          0          0          0       4318   stm32f10x_dma.o
       284         10          0          0          0       2207   stm32f10x_exti.o
      1468         34          0          0          0       8162   stm32f10x_flash.o
       860         38          0          0          0       5685   stm32f10x_gpio.o
        26          0          0          0          0       1158   stm32f10x_it.o
       932         36          0         20          0       8840   stm32f10x_rcc.o
       780         14          0          0          0       6566   stm32f10x_spi.o
      3610         88          0          0          0      22792   stm32f10x_tim.o
      1032         22          0          0          0       8412   stm32f10x_usart.o
         0          0          0          0          0         32   sys.o
       480         38          0         20          0       1671   system_stm32f10x.o
       628         28          0          1        386       3156   usart1_dma.o
         0          0          0          0          0        324   usart1_protocol.o
       636         28          0          1        386       3156   usart2_dma.o
       584         26          0         13          0       3963   usart2_protocol.o
       648         34          0          1        386       2992   usart3_dma.o
        44          4          0          0         32       1307   usart3_protocol.o
       368         32          0          2        138       2119   usart5_dma.o
        72          6          0          0          0       1178   usart5_protocol.o

    ----------------------------------------------------------------------
     18644        688        848        112      24640     411141   Object Totals
         0          0         32          0          0          0   (incl. Generated)
         8          0          0          3          2          0   (incl. Padding)

    ----------------------------------------------------------------------

      Code (inc. data)   RO Data    RW Data    ZI Data      Debug   Library Member Name

         0          0          0          0          0          0   entry.o
         0          0          0          0          0          0   entry10a.o
         0          0          0          0          0          0   entry11a.o
         8          4          0          0          0          0   entry2.o
         4          0          0          0          0          0   entry5.o
         0          0          0          0          0          0   entry7b.o
         0          0          0          0          0          0   entry8b.o
         8          4          0          0          0          0   entry9a.o
        30          0          0          0          0          0   handlers.o
        36          8          0          0          0         68   init.o
         0          0          0          0          0          0   iusefp.o
       108         16          0          0          0         84   malloc.o
        36          0          0          0          0         68   memcpya.o
         0          0          0          8          0          0   mvars.o
       124          0          0          0          0         88   fdiv.o
       110          0          0          0          0        168   fepilogue.o
        40          0          0          0          0         68   ffixui.o
        10          0          0          0          0         68   ffltui.o

    ----------------------------------------------------------------------
       516         32          0          8          0        612   Library Totals
         2          0          0          0          0          0   (incl. Padding)

    ----------------------------------------------------------------------

      Code (inc. data)   RO Data    RW Data    ZI Data      Debug   Library Name

       230         32          0          8          0        220   mc_w.l
       284          0          0          0          0        392   mf_w.l

    ----------------------------------------------------------------------
       516         32          0          8          0        612   Library Totals

    ----------------------------------------------------------------------

==============================================================================


      Code (inc. data)   RO Data    RW Data    ZI Data      Debug   

     19160        720        848        120      24640     408629   Grand Totals
     19160        720        848        120      24640     408629   ELF Image Totals
     19160        720        848        120          0          0   ROM Totals

==============================================================================

    Total RO  Size (Code + RO Data)                20008 (  19.54kB)
    Total RW  Size (RW Data + ZI Data)             24760 (  24.18kB)
    Total ROM Size (Code + RO Data + RW Data)      20128 (  19.66kB)

==============================================================================

