Component: ARM Compiler 5.06 update 6 (build 750) Tool: armlink [4d35ed]

==============================================================================

Section Cross References

    main.o(.text) refers to delay.o(.text) for delay_init
    main.o(.text) refers to led.o(.text) for LED_Init
    main.o(.text) refers to key.o(.text) for KEY_Init
    main.o(.text) refers to usart1_protocol.o(.text) for USART1_Key_Init
    main.o(.text) refers to misc.o(.text) for NVIC_PriorityGroupConfig
    main.o(.text) refers to usart1_dma.o(.text) for USART1_DMA_Init
    main.o(.text) refers to pwm.o(.text) for PWM_Init_Default
    main.o(.text) refers to malloc.o(i.malloc) for malloc
    system_stm32f10x.o(.text) refers to system_stm32f10x.o(.data) for SystemCoreClock
    led.o(.text) refers to stm32f10x_rcc.o(.text) for RCC_APB2PeriphClockCmd
    led.o(.text) refers to stm32f10x_gpio.o(.text) for GPIO_Init
    usart1_dma.o(.text) refers to stm32f10x_rcc.o(.text) for RCC_APB2PeriphClockCmd
    usart1_dma.o(.text) refers to stm32f10x_gpio.o(.text) for GPIO_Init
    usart1_dma.o(.text) refers to stm32f10x_usart.o(.text) for USART_Init
    usart1_dma.o(.text) refers to misc.o(.text) for NVIC_Init
    usart1_dma.o(.text) refers to stm32f10x_dma.o(.text) for DMA_DeInit
    usart1_dma.o(.text) refers to memcpya.o(.text) for __aeabi_memcpy
    usart1_dma.o(.text) refers to usart1_dma.o(.bss) for USART1_SEND_DATA
    usart1_dma.o(.text) refers to usart1_dma.o(.data) for USART1_TX_BUSY
    usart2_dma.o(.text) refers to stm32f10x_rcc.o(.text) for RCC_APB2PeriphClockCmd
    usart2_dma.o(.text) refers to stm32f10x_gpio.o(.text) for GPIO_Init
    usart2_dma.o(.text) refers to stm32f10x_usart.o(.text) for USART_Init
    usart2_dma.o(.text) refers to misc.o(.text) for NVIC_Init
    usart2_dma.o(.text) refers to stm32f10x_dma.o(.text) for DMA_DeInit
    usart2_dma.o(.text) refers to memcpya.o(.text) for __aeabi_memcpy
    usart2_dma.o(.text) refers to usart2_dma.o(.bss) for USART2_SEND_DATA
    usart2_dma.o(.text) refers to usart2_dma.o(.data) for USART2_TX_BUSY
    usart3_dma.o(.text) refers to stm32f10x_rcc.o(.text) for RCC_APB2PeriphClockCmd
    usart3_dma.o(.text) refers to stm32f10x_gpio.o(.text) for GPIO_Init
    usart3_dma.o(.text) refers to stm32f10x_usart.o(.text) for USART_Init
    usart3_dma.o(.text) refers to misc.o(.text) for NVIC_Init
    usart3_dma.o(.text) refers to stm32f10x_dma.o(.text) for DMA_DeInit
    usart3_dma.o(.text) refers to memcpya.o(.text) for __aeabi_memcpy
    usart3_dma.o(.text) refers to usart3_dma.o(.bss) for USART3_SEND_DATA
    usart3_dma.o(.text) refers to usart3_dma.o(.data) for USART3_TX_BUSY
    pwm.o(.text) refers to stm32f10x_rcc.o(.text) for RCC_APB1PeriphClockCmd
    pwm.o(.text) refers to stm32f10x_gpio.o(.text) for GPIO_Init
    pwm.o(.text) refers to stm32f10x_tim.o(.text) for TIM_TimeBaseInit
    key.o(.text) refers to stm32f10x_rcc.o(.text) for RCC_APB2PeriphClockCmd
    key.o(.text) refers to stm32f10x_gpio.o(.text) for GPIO_Init
    key.o(.text) refers to stm32f10x_exti.o(.text) for EXTI_Init
    key.o(.text) refers to misc.o(.text) for NVIC_Init
    key.o(.text) refers to delay.o(.text) for delay_ms
    key.o(.text) refers to usart1_protocol.o(i.KEY0_Response) for KEY0_Response
    key.o(.text) refers to usart1_protocol.o(i.KEY1_Response) for KEY1_Response
    key.o(.text) refers to usart1_protocol.o(.text) for KEY3_Response
    usart1_protocol.o(.text) refers to crc_16.o(.text) for usMBCRC16
    usart1_protocol.o(.text) refers to usart1_dma.o(.text) for USART1_DMA_Send_Once_Data
    usart1_protocol.o(.text) refers to usart1_protocol.o(.data) for Send_Date_Key
    crc_16.o(.text) refers to crc_16.o(.data) for ucCRCHi
    crc_16.o(.text) refers to crc_16.o(.constdata) for aucCRCHi
    delay.o(.text) refers to misc.o(.text) for SysTick_CLKSourceConfig
    delay.o(.text) refers to system_stm32f10x.o(.data) for SystemCoreClock
    delay.o(.text) refers to delay.o(.data) for fac_us
    startup_stm32f10x_hd.o(RESET) refers to startup_stm32f10x_hd.o(STACK) for __initial_sp
    startup_stm32f10x_hd.o(RESET) refers to startup_stm32f10x_hd.o(.text) for Reset_Handler
    startup_stm32f10x_hd.o(RESET) refers to stm32f10x_it.o(.text) for NMI_Handler
    startup_stm32f10x_hd.o(RESET) refers to key.o(.text) for EXTI0_IRQHandler
    startup_stm32f10x_hd.o(RESET) refers to usart3_dma.o(.text) for DMA1_Channel2_IRQHandler
    startup_stm32f10x_hd.o(RESET) refers to usart1_dma.o(.text) for DMA1_Channel4_IRQHandler
    startup_stm32f10x_hd.o(RESET) refers to usart2_dma.o(.text) for DMA1_Channel7_IRQHandler
    startup_stm32f10x_hd.o(.text) refers to system_stm32f10x.o(.text) for SystemInit
    startup_stm32f10x_hd.o(.text) refers to entry.o(.ARM.Collect$$$$00000000) for __main
    stm32f10x_gpio.o(.text) refers to stm32f10x_rcc.o(.text) for RCC_APB2PeriphResetCmd
    stm32f10x_rcc.o(.text) refers to stm32f10x_rcc.o(.data) for APBAHBPrescTable
    stm32f10x_usart.o(.text) refers to stm32f10x_rcc.o(.text) for RCC_APB2PeriphResetCmd
    stm32f10x_tim.o(.text) refers to stm32f10x_rcc.o(.text) for RCC_APB2PeriphResetCmd
    entry.o(.ARM.Collect$$$$00000000) refers (Special) to entry10a.o(.ARM.Collect$$$$0000000D) for __rt_final_cpp
    entry.o(.ARM.Collect$$$$00000000) refers (Special) to entry11a.o(.ARM.Collect$$$$0000000F) for __rt_final_exit
    entry.o(.ARM.Collect$$$$00000000) refers (Special) to entry7b.o(.ARM.Collect$$$$00000008) for _main_clock
    entry.o(.ARM.Collect$$$$00000000) refers (Special) to entry8b.o(.ARM.Collect$$$$0000000A) for _main_cpp_init
    entry.o(.ARM.Collect$$$$00000000) refers (Special) to entry9a.o(.ARM.Collect$$$$0000000B) for _main_init
    entry.o(.ARM.Collect$$$$00000000) refers (Special) to entry5.o(.ARM.Collect$$$$00000004) for _main_scatterload
    entry.o(.ARM.Collect$$$$00000000) refers (Special) to entry2.o(.ARM.Collect$$$$00000001) for _main_stk
    malloc.o(i.free) refers to mvars.o(.data) for __microlib_freelist
    malloc.o(i.malloc) refers to mvars.o(.data) for __microlib_freelist_initialised
    malloc.o(i.malloc) refers to mvars.o(.data) for __microlib_freelist
    malloc.o(i.malloc) refers to startup_stm32f10x_hd.o(HEAP) for __heap_base
    mallocr.o(i.__free$realloc) refers to mvars.o(.data) for __microlib_freelist
    mallocr.o(i.__malloc$realloc) refers to mallocr.o(i.internal_alloc) for internal_alloc
    mallocr.o(i.__malloc$realloc) refers to mvars.o(.data) for __microlib_freelist_initialised
    mallocr.o(i.__malloc$realloc) refers to startup_stm32f10x_hd.o(HEAP) for __heap_base
    mallocr.o(i.__malloc$realloc) refers to mvars.o(.data) for __microlib_freelist
    mallocr.o(i.internal_alloc) refers to memcpya.o(.text) for __aeabi_memcpy
    mallocr.o(i.internal_alloc) refers to mvars.o(.data) for __microlib_freelist
    mallocr.o(i.realloc) refers to mallocr.o(i.__free$realloc) for __free$realloc
    mallocr.o(i.realloc) refers to mallocr.o(i.internal_alloc) for internal_alloc
    mallocr.o(i.realloc) refers to mallocr.o(i.__malloc$realloc) for __malloc$realloc
    mallocr.o(i.realloc) refers to mvars.o(.data) for __microlib_freelist
    malloca.o(i.__aligned_malloc) refers to mvars.o(.data) for __microlib_freelist_initialised
    malloca.o(i.__aligned_malloc) refers to mvars.o(.data) for __microlib_freelist
    malloca.o(i.__aligned_malloc) refers to startup_stm32f10x_hd.o(HEAP) for __heap_base
    malloca.o(i.__free$memalign) refers to mvars.o(.data) for __microlib_freelist
    malloca.o(i.__malloc$memalign) refers to malloca.o(i.__aligned_malloc) for __aligned_malloc
    mallocra.o(i.__aligned_malloc$realloc) refers to mallocra.o(i.internal_alloc) for internal_alloc
    mallocra.o(i.__aligned_malloc$realloc) refers to mvars.o(.data) for __microlib_freelist_initialised
    mallocra.o(i.__aligned_malloc$realloc) refers to startup_stm32f10x_hd.o(HEAP) for __heap_base
    mallocra.o(i.__aligned_malloc$realloc) refers to mvars.o(.data) for __microlib_freelist
    mallocra.o(i.__free$realloc$memalign) refers to mvars.o(.data) for __microlib_freelist
    mallocra.o(i.__malloc$realloc$memalign) refers to mallocra.o(i.__aligned_malloc$realloc) for __aligned_malloc$realloc
    mallocra.o(i.__realloc$memalign) refers to mallocra.o(i.__free$realloc$memalign) for __free$realloc$memalign
    mallocra.o(i.__realloc$memalign) refers to mallocra.o(i.internal_alloc) for internal_alloc
    mallocra.o(i.__realloc$memalign) refers to mallocra.o(i.__malloc$realloc$memalign) for __malloc$realloc$memalign
    mallocra.o(i.__realloc$memalign) refers to mvars.o(.data) for __microlib_freelist
    mallocra.o(i.internal_alloc) refers to memcpya.o(.text) for __aeabi_memcpy
    mallocra.o(i.internal_alloc) refers to mvars.o(.data) for __microlib_freelist
    entry2.o(.ARM.Collect$$$$00000001) refers to entry2.o(.ARM.Collect$$$$00002712) for __lit__00000000
    entry2.o(.ARM.Collect$$$$00002712) refers to startup_stm32f10x_hd.o(STACK) for __initial_sp
    entry2.o(__vectab_stack_and_reset_area) refers to startup_stm32f10x_hd.o(STACK) for __initial_sp
    entry2.o(__vectab_stack_and_reset_area) refers to entry.o(.ARM.Collect$$$$00000000) for __main
    entry5.o(.ARM.Collect$$$$00000004) refers to init.o(.text) for __scatterload
    entry9a.o(.ARM.Collect$$$$0000000B) refers to main.o(.text) for main
    entry9b.o(.ARM.Collect$$$$0000000C) refers to main.o(.text) for main
    init.o(.text) refers to entry5.o(.ARM.Collect$$$$00000004) for __main_after_scatterload
    usart1_protocol.o(i.KEY0_Response) refers to crc_16.o(.text) for usMBCRC16
    usart1_protocol.o(i.KEY0_Response) refers to usart1_dma.o(.text) for USART1_DMA_Send_Once_Data
    usart1_protocol.o(i.KEY0_Response) refers to usart1_protocol.o(.data) for Send_Date_Key
    usart1_protocol.o(i.KEY1_Response) refers to crc_16.o(.text) for usMBCRC16
    usart1_protocol.o(i.KEY1_Response) refers to usart1_dma.o(.text) for USART1_DMA_Send_Once_Data
    usart1_protocol.o(i.KEY1_Response) refers to usart1_protocol.o(.data) for Send_Date_Key


==============================================================================

Removing Unused input sections from the image.

    Removing usart1_protocol.o(.constdata), (512 bytes).
    Removing sys.o(.emb_text), (6 bytes).
    Removing sys.o(.text), (12 bytes).
    Removing core_cm3.o(.emb_text), (32 bytes).
    Removing stm32f10x_crc.o(.text), (72 bytes).

5 unused section(s) (total 634 bytes) removed from the image.

==============================================================================

Image Symbol Table

    Local Symbols

    Symbol Name                              Value     Ov Type        Size  Object(Section)

    ../clib/microlib/init/entry.s            0x00000000   Number         0  entry8b.o ABSOLUTE
    ../clib/microlib/init/entry.s            0x00000000   Number         0  entry2.o ABSOLUTE
    ../clib/microlib/init/entry.s            0x00000000   Number         0  entry11b.o ABSOLUTE
    ../clib/microlib/init/entry.s            0x00000000   Number         0  entry11a.o ABSOLUTE
    ../clib/microlib/init/entry.s            0x00000000   Number         0  entry10b.o ABSOLUTE
    ../clib/microlib/init/entry.s            0x00000000   Number         0  entry9a.o ABSOLUTE
    ../clib/microlib/init/entry.s            0x00000000   Number         0  entry8a.o ABSOLUTE
    ../clib/microlib/init/entry.s            0x00000000   Number         0  entry9b.o ABSOLUTE
    ../clib/microlib/init/entry.s            0x00000000   Number         0  entry7b.o ABSOLUTE
    ../clib/microlib/init/entry.s            0x00000000   Number         0  entry7a.o ABSOLUTE
    ../clib/microlib/init/entry.s            0x00000000   Number         0  entry.o ABSOLUTE
    ../clib/microlib/init/entry.s            0x00000000   Number         0  entry5.o ABSOLUTE
    ../clib/microlib/init/entry.s            0x00000000   Number         0  entry10a.o ABSOLUTE
    ../clib/microlib/malloc/malloc.c         0x00000000   Number         0  mallocra.o ABSOLUTE
    ../clib/microlib/malloc/malloc.c         0x00000000   Number         0  malloca.o ABSOLUTE
    ../clib/microlib/malloc/malloc.c         0x00000000   Number         0  malloc.o ABSOLUTE
    ../clib/microlib/malloc/malloc.c         0x00000000   Number         0  mallocr.o ABSOLUTE
    ../clib/microlib/malloc/mvars.c          0x00000000   Number         0  mvars.o ABSOLUTE
    ../clib/microlib/string/memcpy.c         0x00000000   Number         0  memcpya.o ABSOLUTE
    ../clib/microlib/string/memcpy.c         0x00000000   Number         0  memcpyb.o ABSOLUTE
    ..\CORE\core_cm3.c                       0x00000000   Number         0  core_cm3.o ABSOLUTE
    ..\CORE\startup_stm32f10x_hd.s           0x00000000   Number         0  startup_stm32f10x_hd.o ABSOLUTE
    ..\HARDWARE\CRC_16\crc_16.c              0x00000000   Number         0  crc_16.o ABSOLUTE
    ..\HARDWARE\Key\key.c                    0x00000000   Number         0  key.o ABSOLUTE
    ..\HARDWARE\LED\led.c                    0x00000000   Number         0  led.o ABSOLUTE
    ..\HARDWARE\PWM\pwm.c                    0x00000000   Number         0  pwm.o ABSOLUTE
    ..\HARDWARE\Usart1_DMA\usart1_dma.c      0x00000000   Number         0  usart1_dma.o ABSOLUTE
    ..\HARDWARE\Usart1_Protocol\usart1_protocol.c 0x00000000   Number         0  usart1_protocol.o ABSOLUTE
    ..\HARDWARE\Usart2_DMA\usart2_dma.c      0x00000000   Number         0  usart2_dma.o ABSOLUTE
    ..\HARDWARE\Usart3_DMA\usart3_dma.c      0x00000000   Number         0  usart3_dma.o ABSOLUTE
    ..\STM32F10x_FWLib\src\misc.c            0x00000000   Number         0  misc.o ABSOLUTE
    ..\STM32F10x_FWLib\src\stm32f10x_crc.c   0x00000000   Number         0  stm32f10x_crc.o ABSOLUTE
    ..\STM32F10x_FWLib\src\stm32f10x_dma.c   0x00000000   Number         0  stm32f10x_dma.o ABSOLUTE
    ..\STM32F10x_FWLib\src\stm32f10x_exti.c  0x00000000   Number         0  stm32f10x_exti.o ABSOLUTE
    ..\STM32F10x_FWLib\src\stm32f10x_gpio.c  0x00000000   Number         0  stm32f10x_gpio.o ABSOLUTE
    ..\STM32F10x_FWLib\src\stm32f10x_rcc.c   0x00000000   Number         0  stm32f10x_rcc.o ABSOLUTE
    ..\STM32F10x_FWLib\src\stm32f10x_tim.c   0x00000000   Number         0  stm32f10x_tim.o ABSOLUTE
    ..\STM32F10x_FWLib\src\stm32f10x_usart.c 0x00000000   Number         0  stm32f10x_usart.o ABSOLUTE
    ..\SYSTEM\delay\delay.c                  0x00000000   Number         0  delay.o ABSOLUTE
    ..\SYSTEM\sys\sys.c                      0x00000000   Number         0  sys.o ABSOLUTE
    ..\\CORE\\core_cm3.c                     0x00000000   Number         0  core_cm3.o ABSOLUTE
    ..\\SYSTEM\\sys\\sys.c                   0x00000000   Number         0  sys.o ABSOLUTE
    dc.s                                     0x00000000   Number         0  dc.o ABSOLUTE
    handlers.s                               0x00000000   Number         0  handlers.o ABSOLUTE
    init.s                                   0x00000000   Number         0  init.o ABSOLUTE
    main.c                                   0x00000000   Number         0  main.o ABSOLUTE
    stm32f10x_it.c                           0x00000000   Number         0  stm32f10x_it.o ABSOLUTE
    system_stm32f10x.c                       0x00000000   Number         0  system_stm32f10x.o ABSOLUTE
    RESET                                    0x08000000   Section      304  startup_stm32f10x_hd.o(RESET)
    .ARM.Collect$$$$00000000                 0x08000130   Section        0  entry.o(.ARM.Collect$$$$00000000)
    .ARM.Collect$$$$00000001                 0x08000130   Section        4  entry2.o(.ARM.Collect$$$$00000001)
    .ARM.Collect$$$$00000004                 0x08000134   Section        4  entry5.o(.ARM.Collect$$$$00000004)
    .ARM.Collect$$$$00000008                 0x08000138   Section        0  entry7b.o(.ARM.Collect$$$$00000008)
    .ARM.Collect$$$$0000000A                 0x08000138   Section        0  entry8b.o(.ARM.Collect$$$$0000000A)
    .ARM.Collect$$$$0000000B                 0x08000138   Section        8  entry9a.o(.ARM.Collect$$$$0000000B)
    .ARM.Collect$$$$0000000D                 0x08000140   Section        0  entry10a.o(.ARM.Collect$$$$0000000D)
    .ARM.Collect$$$$0000000F                 0x08000140   Section        0  entry11a.o(.ARM.Collect$$$$0000000F)
    .ARM.Collect$$$$00002712                 0x08000140   Section        4  entry2.o(.ARM.Collect$$$$00002712)
    __lit__00000000                          0x08000140   Data           4  entry2.o(.ARM.Collect$$$$00002712)
    .text                                    0x08000144   Section        0  main.o(.text)
    .text                                    0x080001b4   Section        0  stm32f10x_it.o(.text)
    .text                                    0x080001d0   Section        0  system_stm32f10x.o(.text)
    SetSysClockTo72                          0x080001d1   Thumb Code   214  system_stm32f10x.o(.text)
    SetSysClock                              0x080002a7   Thumb Code     8  system_stm32f10x.o(.text)
    .text                                    0x080003b0   Section        0  led.o(.text)
    .text                                    0x08000400   Section        0  usart1_dma.o(.text)
    .text                                    0x08000684   Section        0  usart2_dma.o(.text)
    .text                                    0x08000918   Section        0  usart3_dma.o(.text)
    .text                                    0x08000ba8   Section        0  pwm.o(.text)
    .text                                    0x08000d20   Section        0  key.o(.text)
    .text                                    0x0800102c   Section        0  usart1_protocol.o(.text)
    .text                                    0x0800111c   Section        0  crc_16.o(.text)
    .text                                    0x08001178   Section        0  delay.o(.text)
    .text                                    0x0800124c   Section       36  startup_stm32f10x_hd.o(.text)
    .text                                    0x08001270   Section        0  stm32f10x_gpio.o(.text)
    .text                                    0x080015cc   Section        0  stm32f10x_rcc.o(.text)
    .text                                    0x08001970   Section        0  stm32f10x_usart.o(.text)
    .text                                    0x08001d78   Section        0  misc.o(.text)
    .text                                    0x08001e54   Section        0  stm32f10x_dma.o(.text)
    .text                                    0x080020a8   Section        0  stm32f10x_tim.o(.text)
    TI4_Config                               0x0800254f   Thumb Code   130  stm32f10x_tim.o(.text)
    TI3_Config                               0x080025e3   Thumb Code   122  stm32f10x_tim.o(.text)
    TI2_Config                               0x08002677   Thumb Code   130  stm32f10x_tim.o(.text)
    TI1_Config                               0x0800270b   Thumb Code   108  stm32f10x_tim.o(.text)
    .text                                    0x08002ec4   Section        0  stm32f10x_exti.o(.text)
    .text                                    0x08002fe0   Section        0  memcpya.o(.text)
    .text                                    0x08003004   Section       36  init.o(.text)
    i.KEY0_Response                          0x08003028   Section        0  usart1_protocol.o(i.KEY0_Response)
    i.KEY1_Response                          0x08003058   Section        0  usart1_protocol.o(i.KEY1_Response)
    i.__scatterload_copy                     0x08003088   Section       14  handlers.o(i.__scatterload_copy)
    i.__scatterload_null                     0x08003096   Section        2  handlers.o(i.__scatterload_null)
    i.__scatterload_zeroinit                 0x08003098   Section       14  handlers.o(i.__scatterload_zeroinit)
    i.malloc                                 0x080030a8   Section        0  malloc.o(i.malloc)
    .constdata                               0x08003114   Section      512  crc_16.o(.constdata)
    aucCRCHi                                 0x08003114   Data         256  crc_16.o(.constdata)
    aucCRCLo                                 0x08003214   Data         256  crc_16.o(.constdata)
    .data                                    0x20000000   Section       20  system_stm32f10x.o(.data)
    .data                                    0x20000014   Section        1  usart1_dma.o(.data)
    .data                                    0x20000015   Section        1  usart2_dma.o(.data)
    .data                                    0x20000016   Section        1  usart3_dma.o(.data)
    .data                                    0x20000017   Section        6  usart1_protocol.o(.data)
    .data                                    0x2000001d   Section        2  crc_16.o(.data)
    ucCRCHi                                  0x2000001d   Data           1  crc_16.o(.data)
    ucCRCLo                                  0x2000001e   Data           1  crc_16.o(.data)
    .data                                    0x20000020   Section        4  delay.o(.data)
    fac_us                                   0x20000020   Data           1  delay.o(.data)
    fac_ms                                   0x20000022   Data           2  delay.o(.data)
    .data                                    0x20000024   Section       20  stm32f10x_rcc.o(.data)
    APBAHBPrescTable                         0x20000024   Data          16  stm32f10x_rcc.o(.data)
    ADCPrescTable                            0x20000034   Data           4  stm32f10x_rcc.o(.data)
    .data                                    0x20000038   Section        4  mvars.o(.data)
    .data                                    0x2000003c   Section        4  mvars.o(.data)
    .bss                                     0x20000040   Section      386  usart1_dma.o(.bss)
    .bss                                     0x200001c2   Section      386  usart2_dma.o(.bss)
    .bss                                     0x20000344   Section      386  usart3_dma.o(.bss)
    HEAP                                     0x200004c8   Section      512  startup_stm32f10x_hd.o(HEAP)
    STACK                                    0x200006c8   Section     1024  startup_stm32f10x_hd.o(STACK)

    Global Symbols

    Symbol Name                              Value     Ov Type        Size  Object(Section)

    BuildAttributes$$THM_ISAv4$P$D$K$B$S$PE$A:L22UL41UL21$X:L11$S22US41US21$IEEE1$IW$USESV6$~STKCKD$USESV7$~SHL$OSPACE$EBA8$MICROLIB$REQ8$PRES8$EABIv2 0x00000000   Number         0  anon$$obj.o ABSOLUTE
    __ARM_use_no_argv                        0x00000000   Number         0  main.o ABSOLUTE
    __cpp_initialize__aeabi_                  - Undefined Weak Reference
    __cxa_finalize                            - Undefined Weak Reference
    __decompress                              - Undefined Weak Reference
    _clock_init                               - Undefined Weak Reference
    _microlib_exit                            - Undefined Weak Reference
    __Vectors_Size                           0x00000130   Number         0  startup_stm32f10x_hd.o ABSOLUTE
    __Vectors                                0x08000000   Data           4  startup_stm32f10x_hd.o(RESET)
    __Vectors_End                            0x08000130   Data           0  startup_stm32f10x_hd.o(RESET)
    __main                                   0x08000131   Thumb Code     0  entry.o(.ARM.Collect$$$$00000000)
    _main_stk                                0x08000131   Thumb Code     0  entry2.o(.ARM.Collect$$$$00000001)
    _main_scatterload                        0x08000135   Thumb Code     0  entry5.o(.ARM.Collect$$$$00000004)
    __main_after_scatterload                 0x08000139   Thumb Code     0  entry5.o(.ARM.Collect$$$$00000004)
    _main_clock                              0x08000139   Thumb Code     0  entry7b.o(.ARM.Collect$$$$00000008)
    _main_cpp_init                           0x08000139   Thumb Code     0  entry8b.o(.ARM.Collect$$$$0000000A)
    _main_init                               0x08000139   Thumb Code     0  entry9a.o(.ARM.Collect$$$$0000000B)
    __rt_final_cpp                           0x08000141   Thumb Code     0  entry10a.o(.ARM.Collect$$$$0000000D)
    __rt_final_exit                          0x08000141   Thumb Code     0  entry11a.o(.ARM.Collect$$$$0000000F)
    main                                     0x08000145   Thumb Code   104  main.o(.text)
    NMI_Handler                              0x080001b5   Thumb Code     2  stm32f10x_it.o(.text)
    HardFault_Handler                        0x080001b7   Thumb Code     4  stm32f10x_it.o(.text)
    MemManage_Handler                        0x080001bb   Thumb Code     4  stm32f10x_it.o(.text)
    BusFault_Handler                         0x080001bf   Thumb Code     4  stm32f10x_it.o(.text)
    UsageFault_Handler                       0x080001c3   Thumb Code     4  stm32f10x_it.o(.text)
    SVC_Handler                              0x080001c7   Thumb Code     2  stm32f10x_it.o(.text)
    DebugMon_Handler                         0x080001c9   Thumb Code     2  stm32f10x_it.o(.text)
    PendSV_Handler                           0x080001cb   Thumb Code     2  stm32f10x_it.o(.text)
    SysTick_Handler                          0x080001cd   Thumb Code     2  stm32f10x_it.o(.text)
    SystemInit                               0x080002af   Thumb Code    78  system_stm32f10x.o(.text)
    SystemCoreClockUpdate                    0x080002fd   Thumb Code   142  system_stm32f10x.o(.text)
    LED_Init                                 0x080003b1   Thumb Code    72  led.o(.text)
    USART1_DMA_Init                          0x08000401   Thumb Code   392  usart1_dma.o(.text)
    USART1_DMA_Send_Once_Data                0x08000589   Thumb Code    42  usart1_dma.o(.text)
    USART1_RX_Finish_IRQ                     0x080005b3   Thumb Code    82  usart1_dma.o(.text)
    DMA1_Channel4_IRQHandler                 0x08000605   Thumb Code    42  usart1_dma.o(.text)
    USART1_IRQHandler                        0x0800062f   Thumb Code    58  usart1_dma.o(.text)
    USART2_DMA_Init                          0x08000685   Thumb Code   390  usart2_dma.o(.text)
    USART2_DMA_Send_Once_Data                0x0800080b   Thumb Code    58  usart2_dma.o(.text)
    USART2_RX_Finish_IRQ                     0x08000845   Thumb Code    82  usart2_dma.o(.text)
    DMA1_Channel7_IRQHandler                 0x08000897   Thumb Code    42  usart2_dma.o(.text)
    USART2_IRQHandler                        0x080008c1   Thumb Code    58  usart2_dma.o(.text)
    USART3_DMA_Init                          0x08000919   Thumb Code   392  usart3_dma.o(.text)
    USART3_DMA_Send_Once_Data                0x08000aa1   Thumb Code    58  usart3_dma.o(.text)
    USART3_RX_Finish_IRQ                     0x08000adb   Thumb Code    82  usart3_dma.o(.text)
    DMA1_Channel2_IRQHandler                 0x08000b2d   Thumb Code    38  usart3_dma.o(.text)
    USART3_IRQHandler                        0x08000b53   Thumb Code    58  usart3_dma.o(.text)
    PWM_Init                                 0x08000ba9   Thumb Code   272  pwm.o(.text)
    PWM_Init_Default                         0x08000cb9   Thumb Code    14  pwm.o(.text)
    Set_PWM_CH1_Duty_Cycle                   0x08000cc7   Thumb Code    40  pwm.o(.text)
    Set_PWM_CH2_Duty_Cycle                   0x08000cef   Thumb Code    40  pwm.o(.text)
    KEY_Init                                 0x08000d21   Thumb Code   594  key.o(.text)
    EXTI0_IRQHandler                         0x08000f73   Thumb Code    28  key.o(.text)
    EXTI1_IRQHandler                         0x08000f8f   Thumb Code    28  key.o(.text)
    EXTI3_IRQHandler                         0x08000fab   Thumb Code    28  key.o(.text)
    EXTI4_IRQHandler                         0x08000fc7   Thumb Code    28  key.o(.text)
    EXTI9_5_IRQHandler                       0x08000fe3   Thumb Code    64  key.o(.text)
    USART1_Key_Init                          0x0800102d   Thumb Code    26  usart1_protocol.o(.text)
    KEY3_Response                            0x08001047   Thumb Code    42  usart1_protocol.o(.text)
    KEY4_Response                            0x08001071   Thumb Code    42  usart1_protocol.o(.text)
    KEY5_Response                            0x0800109b   Thumb Code    42  usart1_protocol.o(.text)
    KEY6_Response                            0x080010c5   Thumb Code    42  usart1_protocol.o(.text)
    KEY7_Response                            0x080010ef   Thumb Code    42  usart1_protocol.o(.text)
    usMBCRC16                                0x0800111d   Thumb Code    62  crc_16.o(.text)
    Get_ucCRCHi                              0x0800115b   Thumb Code     6  crc_16.o(.text)
    Get_ucCRCLo                              0x08001161   Thumb Code     6  crc_16.o(.text)
    delay_init                               0x08001179   Thumb Code    50  delay.o(.text)
    delay_us                                 0x080011ab   Thumb Code    72  delay.o(.text)
    delay_ms                                 0x080011f3   Thumb Code    72  delay.o(.text)
    Reset_Handler                            0x0800124d   Thumb Code     8  startup_stm32f10x_hd.o(.text)
    ADC1_2_IRQHandler                        0x08001267   Thumb Code     0  startup_stm32f10x_hd.o(.text)
    ADC3_IRQHandler                          0x08001267   Thumb Code     0  startup_stm32f10x_hd.o(.text)
    CAN1_RX1_IRQHandler                      0x08001267   Thumb Code     0  startup_stm32f10x_hd.o(.text)
    CAN1_SCE_IRQHandler                      0x08001267   Thumb Code     0  startup_stm32f10x_hd.o(.text)
    DMA1_Channel1_IRQHandler                 0x08001267   Thumb Code     0  startup_stm32f10x_hd.o(.text)
    DMA1_Channel3_IRQHandler                 0x08001267   Thumb Code     0  startup_stm32f10x_hd.o(.text)
    DMA1_Channel5_IRQHandler                 0x08001267   Thumb Code     0  startup_stm32f10x_hd.o(.text)
    DMA1_Channel6_IRQHandler                 0x08001267   Thumb Code     0  startup_stm32f10x_hd.o(.text)
    DMA2_Channel1_IRQHandler                 0x08001267   Thumb Code     0  startup_stm32f10x_hd.o(.text)
    DMA2_Channel2_IRQHandler                 0x08001267   Thumb Code     0  startup_stm32f10x_hd.o(.text)
    DMA2_Channel3_IRQHandler                 0x08001267   Thumb Code     0  startup_stm32f10x_hd.o(.text)
    DMA2_Channel4_5_IRQHandler               0x08001267   Thumb Code     0  startup_stm32f10x_hd.o(.text)
    EXTI15_10_IRQHandler                     0x08001267   Thumb Code     0  startup_stm32f10x_hd.o(.text)
    EXTI2_IRQHandler                         0x08001267   Thumb Code     0  startup_stm32f10x_hd.o(.text)
    FLASH_IRQHandler                         0x08001267   Thumb Code     0  startup_stm32f10x_hd.o(.text)
    FSMC_IRQHandler                          0x08001267   Thumb Code     0  startup_stm32f10x_hd.o(.text)
    I2C1_ER_IRQHandler                       0x08001267   Thumb Code     0  startup_stm32f10x_hd.o(.text)
    I2C1_EV_IRQHandler                       0x08001267   Thumb Code     0  startup_stm32f10x_hd.o(.text)
    I2C2_ER_IRQHandler                       0x08001267   Thumb Code     0  startup_stm32f10x_hd.o(.text)
    I2C2_EV_IRQHandler                       0x08001267   Thumb Code     0  startup_stm32f10x_hd.o(.text)
    PVD_IRQHandler                           0x08001267   Thumb Code     0  startup_stm32f10x_hd.o(.text)
    RCC_IRQHandler                           0x08001267   Thumb Code     0  startup_stm32f10x_hd.o(.text)
    RTCAlarm_IRQHandler                      0x08001267   Thumb Code     0  startup_stm32f10x_hd.o(.text)
    RTC_IRQHandler                           0x08001267   Thumb Code     0  startup_stm32f10x_hd.o(.text)
    SDIO_IRQHandler                          0x08001267   Thumb Code     0  startup_stm32f10x_hd.o(.text)
    SPI1_IRQHandler                          0x08001267   Thumb Code     0  startup_stm32f10x_hd.o(.text)
    SPI2_IRQHandler                          0x08001267   Thumb Code     0  startup_stm32f10x_hd.o(.text)
    SPI3_IRQHandler                          0x08001267   Thumb Code     0  startup_stm32f10x_hd.o(.text)
    TAMPER_IRQHandler                        0x08001267   Thumb Code     0  startup_stm32f10x_hd.o(.text)
    TIM1_BRK_IRQHandler                      0x08001267   Thumb Code     0  startup_stm32f10x_hd.o(.text)
    TIM1_CC_IRQHandler                       0x08001267   Thumb Code     0  startup_stm32f10x_hd.o(.text)
    TIM1_TRG_COM_IRQHandler                  0x08001267   Thumb Code     0  startup_stm32f10x_hd.o(.text)
    TIM1_UP_IRQHandler                       0x08001267   Thumb Code     0  startup_stm32f10x_hd.o(.text)
    TIM2_IRQHandler                          0x08001267   Thumb Code     0  startup_stm32f10x_hd.o(.text)
    TIM3_IRQHandler                          0x08001267   Thumb Code     0  startup_stm32f10x_hd.o(.text)
    TIM4_IRQHandler                          0x08001267   Thumb Code     0  startup_stm32f10x_hd.o(.text)
    TIM5_IRQHandler                          0x08001267   Thumb Code     0  startup_stm32f10x_hd.o(.text)
    TIM6_IRQHandler                          0x08001267   Thumb Code     0  startup_stm32f10x_hd.o(.text)
    TIM7_IRQHandler                          0x08001267   Thumb Code     0  startup_stm32f10x_hd.o(.text)
    TIM8_BRK_IRQHandler                      0x08001267   Thumb Code     0  startup_stm32f10x_hd.o(.text)
    TIM8_CC_IRQHandler                       0x08001267   Thumb Code     0  startup_stm32f10x_hd.o(.text)
    TIM8_TRG_COM_IRQHandler                  0x08001267   Thumb Code     0  startup_stm32f10x_hd.o(.text)
    TIM8_UP_IRQHandler                       0x08001267   Thumb Code     0  startup_stm32f10x_hd.o(.text)
    UART4_IRQHandler                         0x08001267   Thumb Code     0  startup_stm32f10x_hd.o(.text)
    UART5_IRQHandler                         0x08001267   Thumb Code     0  startup_stm32f10x_hd.o(.text)
    USBWakeUp_IRQHandler                     0x08001267   Thumb Code     0  startup_stm32f10x_hd.o(.text)
    USB_HP_CAN1_TX_IRQHandler                0x08001267   Thumb Code     0  startup_stm32f10x_hd.o(.text)
    USB_LP_CAN1_RX0_IRQHandler               0x08001267   Thumb Code     0  startup_stm32f10x_hd.o(.text)
    WWDG_IRQHandler                          0x08001267   Thumb Code     0  startup_stm32f10x_hd.o(.text)
    GPIO_DeInit                              0x08001271   Thumb Code   172  stm32f10x_gpio.o(.text)
    GPIO_AFIODeInit                          0x0800131d   Thumb Code    20  stm32f10x_gpio.o(.text)
    GPIO_Init                                0x08001331   Thumb Code   278  stm32f10x_gpio.o(.text)
    GPIO_StructInit                          0x08001447   Thumb Code    16  stm32f10x_gpio.o(.text)
    GPIO_ReadInputDataBit                    0x08001457   Thumb Code    18  stm32f10x_gpio.o(.text)
    GPIO_ReadInputData                       0x08001469   Thumb Code     8  stm32f10x_gpio.o(.text)
    GPIO_ReadOutputDataBit                   0x08001471   Thumb Code    18  stm32f10x_gpio.o(.text)
    GPIO_ReadOutputData                      0x08001483   Thumb Code     8  stm32f10x_gpio.o(.text)
    GPIO_SetBits                             0x0800148b   Thumb Code     4  stm32f10x_gpio.o(.text)
    GPIO_ResetBits                           0x0800148f   Thumb Code     4  stm32f10x_gpio.o(.text)
    GPIO_WriteBit                            0x08001493   Thumb Code    10  stm32f10x_gpio.o(.text)
    GPIO_Write                               0x0800149d   Thumb Code     4  stm32f10x_gpio.o(.text)
    GPIO_PinLockConfig                       0x080014a1   Thumb Code    18  stm32f10x_gpio.o(.text)
    GPIO_EventOutputConfig                   0x080014b3   Thumb Code    26  stm32f10x_gpio.o(.text)
    GPIO_EventOutputCmd                      0x080014cd   Thumb Code     6  stm32f10x_gpio.o(.text)
    GPIO_PinRemapConfig                      0x080014d3   Thumb Code   138  stm32f10x_gpio.o(.text)
    GPIO_EXTILineConfig                      0x0800155d   Thumb Code    66  stm32f10x_gpio.o(.text)
    GPIO_ETH_MediaInterfaceConfig            0x0800159f   Thumb Code     8  stm32f10x_gpio.o(.text)
    RCC_DeInit                               0x080015cd   Thumb Code    64  stm32f10x_rcc.o(.text)
    RCC_HSEConfig                            0x0800160d   Thumb Code    70  stm32f10x_rcc.o(.text)
    RCC_GetFlagStatus                        0x08001653   Thumb Code    56  stm32f10x_rcc.o(.text)
    RCC_WaitForHSEStartUp                    0x0800168b   Thumb Code    56  stm32f10x_rcc.o(.text)
    RCC_AdjustHSICalibrationValue            0x080016c3   Thumb Code    20  stm32f10x_rcc.o(.text)
    RCC_HSICmd                               0x080016d7   Thumb Code     6  stm32f10x_rcc.o(.text)
    RCC_PLLConfig                            0x080016dd   Thumb Code    24  stm32f10x_rcc.o(.text)
    RCC_PLLCmd                               0x080016f5   Thumb Code     6  stm32f10x_rcc.o(.text)
    RCC_SYSCLKConfig                         0x080016fb   Thumb Code    18  stm32f10x_rcc.o(.text)
    RCC_GetSYSCLKSource                      0x0800170d   Thumb Code    10  stm32f10x_rcc.o(.text)
    RCC_HCLKConfig                           0x08001717   Thumb Code    18  stm32f10x_rcc.o(.text)
    RCC_PCLK1Config                          0x08001729   Thumb Code    18  stm32f10x_rcc.o(.text)
    RCC_PCLK2Config                          0x0800173b   Thumb Code    20  stm32f10x_rcc.o(.text)
    RCC_ITConfig                             0x0800174f   Thumb Code    26  stm32f10x_rcc.o(.text)
    RCC_USBCLKConfig                         0x08001769   Thumb Code     8  stm32f10x_rcc.o(.text)
    RCC_ADCCLKConfig                         0x08001771   Thumb Code    18  stm32f10x_rcc.o(.text)
    RCC_LSEConfig                            0x08001783   Thumb Code    50  stm32f10x_rcc.o(.text)
    RCC_LSICmd                               0x080017b5   Thumb Code     6  stm32f10x_rcc.o(.text)
    RCC_RTCCLKConfig                         0x080017bb   Thumb Code    12  stm32f10x_rcc.o(.text)
    RCC_RTCCLKCmd                            0x080017c7   Thumb Code     8  stm32f10x_rcc.o(.text)
    RCC_GetClocksFreq                        0x080017cf   Thumb Code   192  stm32f10x_rcc.o(.text)
    RCC_AHBPeriphClockCmd                    0x0800188f   Thumb Code    26  stm32f10x_rcc.o(.text)
    RCC_APB2PeriphClockCmd                   0x080018a9   Thumb Code    26  stm32f10x_rcc.o(.text)
    RCC_APB1PeriphClockCmd                   0x080018c3   Thumb Code    26  stm32f10x_rcc.o(.text)
    RCC_APB2PeriphResetCmd                   0x080018dd   Thumb Code    26  stm32f10x_rcc.o(.text)
    RCC_APB1PeriphResetCmd                   0x080018f7   Thumb Code    26  stm32f10x_rcc.o(.text)
    RCC_BackupResetCmd                       0x08001911   Thumb Code     8  stm32f10x_rcc.o(.text)
    RCC_ClockSecuritySystemCmd               0x08001919   Thumb Code     6  stm32f10x_rcc.o(.text)
    RCC_MCOConfig                            0x0800191f   Thumb Code     6  stm32f10x_rcc.o(.text)
    RCC_ClearFlag                            0x08001925   Thumb Code    14  stm32f10x_rcc.o(.text)
    RCC_GetITStatus                          0x08001933   Thumb Code    20  stm32f10x_rcc.o(.text)
    RCC_ClearITPendingBit                    0x08001947   Thumb Code     6  stm32f10x_rcc.o(.text)
    USART_DeInit                             0x08001971   Thumb Code   134  stm32f10x_usart.o(.text)
    USART_Init                               0x080019f7   Thumb Code   210  stm32f10x_usart.o(.text)
    USART_StructInit                         0x08001ac9   Thumb Code    24  stm32f10x_usart.o(.text)
    USART_ClockInit                          0x08001ae1   Thumb Code    34  stm32f10x_usart.o(.text)
    USART_ClockStructInit                    0x08001b03   Thumb Code    12  stm32f10x_usart.o(.text)
    USART_Cmd                                0x08001b0f   Thumb Code    24  stm32f10x_usart.o(.text)
    USART_ITConfig                           0x08001b27   Thumb Code    74  stm32f10x_usart.o(.text)
    USART_DMACmd                             0x08001b71   Thumb Code    18  stm32f10x_usart.o(.text)
    USART_SetAddress                         0x08001b83   Thumb Code    18  stm32f10x_usart.o(.text)
    USART_WakeUpConfig                       0x08001b95   Thumb Code    18  stm32f10x_usart.o(.text)
    USART_ReceiverWakeUpCmd                  0x08001ba7   Thumb Code    24  stm32f10x_usart.o(.text)
    USART_LINBreakDetectLengthConfig         0x08001bbf   Thumb Code    18  stm32f10x_usart.o(.text)
    USART_LINCmd                             0x08001bd1   Thumb Code    24  stm32f10x_usart.o(.text)
    USART_SendData                           0x08001be9   Thumb Code     8  stm32f10x_usart.o(.text)
    USART_ReceiveData                        0x08001bf1   Thumb Code    10  stm32f10x_usart.o(.text)
    USART_SendBreak                          0x08001bfb   Thumb Code    10  stm32f10x_usart.o(.text)
    USART_SetGuardTime                       0x08001c05   Thumb Code    16  stm32f10x_usart.o(.text)
    USART_SetPrescaler                       0x08001c15   Thumb Code    16  stm32f10x_usart.o(.text)
    USART_SmartCardCmd                       0x08001c25   Thumb Code    24  stm32f10x_usart.o(.text)
    USART_SmartCardNACKCmd                   0x08001c3d   Thumb Code    24  stm32f10x_usart.o(.text)
    USART_HalfDuplexCmd                      0x08001c55   Thumb Code    24  stm32f10x_usart.o(.text)
    USART_OverSampling8Cmd                   0x08001c6d   Thumb Code    22  stm32f10x_usart.o(.text)
    USART_OneBitMethodCmd                    0x08001c83   Thumb Code    24  stm32f10x_usart.o(.text)
    USART_IrDAConfig                         0x08001c9b   Thumb Code    18  stm32f10x_usart.o(.text)
    USART_IrDACmd                            0x08001cad   Thumb Code    24  stm32f10x_usart.o(.text)
    USART_GetFlagStatus                      0x08001cc5   Thumb Code    26  stm32f10x_usart.o(.text)
    USART_ClearFlag                          0x08001cdf   Thumb Code    18  stm32f10x_usart.o(.text)
    USART_GetITStatus                        0x08001cf1   Thumb Code    84  stm32f10x_usart.o(.text)
    USART_ClearITPendingBit                  0x08001d45   Thumb Code    52  stm32f10x_usart.o(.text)
    NVIC_PriorityGroupConfig                 0x08001d79   Thumb Code    10  misc.o(.text)
    NVIC_Init                                0x08001d83   Thumb Code   100  misc.o(.text)
    NVIC_SetVectorTable                      0x08001de7   Thumb Code    14  misc.o(.text)
    NVIC_SystemLPConfig                      0x08001df5   Thumb Code    34  misc.o(.text)
    SysTick_CLKSourceConfig                  0x08001e17   Thumb Code    40  misc.o(.text)
    DMA_DeInit                               0x08001e55   Thumb Code   324  stm32f10x_dma.o(.text)
    DMA_Init                                 0x08001f99   Thumb Code    60  stm32f10x_dma.o(.text)
    DMA_StructInit                           0x08001fd5   Thumb Code    26  stm32f10x_dma.o(.text)
    DMA_Cmd                                  0x08001fef   Thumb Code    24  stm32f10x_dma.o(.text)
    DMA_ITConfig                             0x08002007   Thumb Code    18  stm32f10x_dma.o(.text)
    DMA_SetCurrDataCounter                   0x08002019   Thumb Code     4  stm32f10x_dma.o(.text)
    DMA_GetCurrDataCounter                   0x0800201d   Thumb Code     8  stm32f10x_dma.o(.text)
    DMA_GetFlagStatus                        0x08002025   Thumb Code    40  stm32f10x_dma.o(.text)
    DMA_ClearFlag                            0x0800204d   Thumb Code    22  stm32f10x_dma.o(.text)
    DMA_GetITStatus                          0x08002063   Thumb Code    40  stm32f10x_dma.o(.text)
    DMA_ClearITPendingBit                    0x0800208b   Thumb Code    22  stm32f10x_dma.o(.text)
    TIM_DeInit                               0x080020a9   Thumb Code   424  stm32f10x_tim.o(.text)
    TIM_TimeBaseInit                         0x08002251   Thumb Code   122  stm32f10x_tim.o(.text)
    TIM_OC1Init                              0x080022cb   Thumb Code   132  stm32f10x_tim.o(.text)
    TIM_OC2Init                              0x0800234f   Thumb Code   154  stm32f10x_tim.o(.text)
    TIM_OC3Init                              0x080023e9   Thumb Code   150  stm32f10x_tim.o(.text)
    TIM_OC4Init                              0x0800247f   Thumb Code   182  stm32f10x_tim.o(.text)
    TIM_SetIC4Prescaler                      0x08002535   Thumb Code    26  stm32f10x_tim.o(.text)
    TIM_SetIC3Prescaler                      0x080025d1   Thumb Code    18  stm32f10x_tim.o(.text)
    TIM_SetIC2Prescaler                      0x0800265d   Thumb Code    26  stm32f10x_tim.o(.text)
    TIM_SetIC1Prescaler                      0x080026f9   Thumb Code    18  stm32f10x_tim.o(.text)
    TIM_ICInit                               0x08002777   Thumb Code   150  stm32f10x_tim.o(.text)
    TIM_PWMIConfig                           0x0800280d   Thumb Code   124  stm32f10x_tim.o(.text)
    TIM_BDTRConfig                           0x08002889   Thumb Code    32  stm32f10x_tim.o(.text)
    TIM_TimeBaseStructInit                   0x080028a9   Thumb Code    18  stm32f10x_tim.o(.text)
    TIM_OCStructInit                         0x080028bb   Thumb Code    20  stm32f10x_tim.o(.text)
    TIM_ICStructInit                         0x080028cf   Thumb Code    18  stm32f10x_tim.o(.text)
    TIM_BDTRStructInit                       0x080028e1   Thumb Code    40  stm32f10x_tim.o(.text)
    TIM_Cmd                                  0x08002909   Thumb Code    24  stm32f10x_tim.o(.text)
    TIM_CtrlPWMOutputs                       0x08002921   Thumb Code    30  stm32f10x_tim.o(.text)
    TIM_ITConfig                             0x0800293f   Thumb Code    18  stm32f10x_tim.o(.text)
    TIM_GenerateEvent                        0x08002951   Thumb Code     4  stm32f10x_tim.o(.text)
    TIM_DMAConfig                            0x08002955   Thumb Code    10  stm32f10x_tim.o(.text)
    TIM_DMACmd                               0x0800295f   Thumb Code    18  stm32f10x_tim.o(.text)
    TIM_InternalClockConfig                  0x08002971   Thumb Code    12  stm32f10x_tim.o(.text)
    TIM_SelectInputTrigger                   0x0800297d   Thumb Code    18  stm32f10x_tim.o(.text)
    TIM_ITRxExternalClockConfig              0x0800298f   Thumb Code    24  stm32f10x_tim.o(.text)
    TIM_TIxExternalClockConfig               0x080029a7   Thumb Code    62  stm32f10x_tim.o(.text)
    TIM_ETRConfig                            0x080029e5   Thumb Code    28  stm32f10x_tim.o(.text)
    TIM_ETRClockMode1Config                  0x08002a01   Thumb Code    54  stm32f10x_tim.o(.text)
    TIM_ETRClockMode2Config                  0x08002a37   Thumb Code    32  stm32f10x_tim.o(.text)
    TIM_PrescalerConfig                      0x08002a57   Thumb Code     6  stm32f10x_tim.o(.text)
    TIM_CounterModeConfig                    0x08002a5d   Thumb Code    18  stm32f10x_tim.o(.text)
    TIM_EncoderInterfaceConfig               0x08002a6f   Thumb Code    66  stm32f10x_tim.o(.text)
    TIM_ForcedOC1Config                      0x08002ab1   Thumb Code    18  stm32f10x_tim.o(.text)
    TIM_ForcedOC2Config                      0x08002ac3   Thumb Code    26  stm32f10x_tim.o(.text)
    TIM_ForcedOC3Config                      0x08002add   Thumb Code    18  stm32f10x_tim.o(.text)
    TIM_ForcedOC4Config                      0x08002aef   Thumb Code    26  stm32f10x_tim.o(.text)
    TIM_ARRPreloadConfig                     0x08002b09   Thumb Code    24  stm32f10x_tim.o(.text)
    TIM_SelectCOM                            0x08002b21   Thumb Code    24  stm32f10x_tim.o(.text)
    TIM_SelectCCDMA                          0x08002b39   Thumb Code    24  stm32f10x_tim.o(.text)
    TIM_CCPreloadControl                     0x08002b51   Thumb Code    24  stm32f10x_tim.o(.text)
    TIM_OC1PreloadConfig                     0x08002b69   Thumb Code    18  stm32f10x_tim.o(.text)
    TIM_OC2PreloadConfig                     0x08002b7b   Thumb Code    26  stm32f10x_tim.o(.text)
    TIM_OC3PreloadConfig                     0x08002b95   Thumb Code    18  stm32f10x_tim.o(.text)
    TIM_OC4PreloadConfig                     0x08002ba7   Thumb Code    26  stm32f10x_tim.o(.text)
    TIM_OC1FastConfig                        0x08002bc1   Thumb Code    18  stm32f10x_tim.o(.text)
    TIM_OC2FastConfig                        0x08002bd3   Thumb Code    26  stm32f10x_tim.o(.text)
    TIM_OC3FastConfig                        0x08002bed   Thumb Code    18  stm32f10x_tim.o(.text)
    TIM_OC4FastConfig                        0x08002bff   Thumb Code    26  stm32f10x_tim.o(.text)
    TIM_ClearOC1Ref                          0x08002c19   Thumb Code    18  stm32f10x_tim.o(.text)
    TIM_ClearOC2Ref                          0x08002c2b   Thumb Code    24  stm32f10x_tim.o(.text)
    TIM_ClearOC3Ref                          0x08002c43   Thumb Code    18  stm32f10x_tim.o(.text)
    TIM_ClearOC4Ref                          0x08002c55   Thumb Code    24  stm32f10x_tim.o(.text)
    TIM_OC1PolarityConfig                    0x08002c6d   Thumb Code    18  stm32f10x_tim.o(.text)
    TIM_OC1NPolarityConfig                   0x08002c7f   Thumb Code    18  stm32f10x_tim.o(.text)
    TIM_OC2PolarityConfig                    0x08002c91   Thumb Code    26  stm32f10x_tim.o(.text)
    TIM_OC2NPolarityConfig                   0x08002cab   Thumb Code    26  stm32f10x_tim.o(.text)
    TIM_OC3PolarityConfig                    0x08002cc5   Thumb Code    26  stm32f10x_tim.o(.text)
    TIM_OC3NPolarityConfig                   0x08002cdf   Thumb Code    26  stm32f10x_tim.o(.text)
    TIM_OC4PolarityConfig                    0x08002cf9   Thumb Code    26  stm32f10x_tim.o(.text)
    TIM_CCxCmd                               0x08002d13   Thumb Code    30  stm32f10x_tim.o(.text)
    TIM_CCxNCmd                              0x08002d31   Thumb Code    30  stm32f10x_tim.o(.text)
    TIM_SelectOCxM                           0x08002d4f   Thumb Code    82  stm32f10x_tim.o(.text)
    TIM_UpdateDisableConfig                  0x08002da1   Thumb Code    24  stm32f10x_tim.o(.text)
    TIM_UpdateRequestConfig                  0x08002db9   Thumb Code    24  stm32f10x_tim.o(.text)
    TIM_SelectHallSensor                     0x08002dd1   Thumb Code    24  stm32f10x_tim.o(.text)
    TIM_SelectOnePulseMode                   0x08002de9   Thumb Code    18  stm32f10x_tim.o(.text)
    TIM_SelectOutputTrigger                  0x08002dfb   Thumb Code    18  stm32f10x_tim.o(.text)
    TIM_SelectSlaveMode                      0x08002e0d   Thumb Code    18  stm32f10x_tim.o(.text)
    TIM_SelectMasterSlaveMode                0x08002e1f   Thumb Code    18  stm32f10x_tim.o(.text)
    TIM_SetCounter                           0x08002e31   Thumb Code     4  stm32f10x_tim.o(.text)
    TIM_SetAutoreload                        0x08002e35   Thumb Code     4  stm32f10x_tim.o(.text)
    TIM_SetCompare1                          0x08002e39   Thumb Code     4  stm32f10x_tim.o(.text)
    TIM_SetCompare2                          0x08002e3d   Thumb Code     4  stm32f10x_tim.o(.text)
    TIM_SetCompare3                          0x08002e41   Thumb Code     4  stm32f10x_tim.o(.text)
    TIM_SetCompare4                          0x08002e45   Thumb Code     6  stm32f10x_tim.o(.text)
    TIM_SetClockDivision                     0x08002e4b   Thumb Code    18  stm32f10x_tim.o(.text)
    TIM_GetCapture1                          0x08002e5d   Thumb Code     6  stm32f10x_tim.o(.text)
    TIM_GetCapture2                          0x08002e63   Thumb Code     6  stm32f10x_tim.o(.text)
    TIM_GetCapture3                          0x08002e69   Thumb Code     6  stm32f10x_tim.o(.text)
    TIM_GetCapture4                          0x08002e6f   Thumb Code     8  stm32f10x_tim.o(.text)
    TIM_GetCounter                           0x08002e77   Thumb Code     6  stm32f10x_tim.o(.text)
    TIM_GetPrescaler                         0x08002e7d   Thumb Code     6  stm32f10x_tim.o(.text)
    TIM_GetFlagStatus                        0x08002e83   Thumb Code    18  stm32f10x_tim.o(.text)
    TIM_ClearFlag                            0x08002e95   Thumb Code     6  stm32f10x_tim.o(.text)
    TIM_GetITStatus                          0x08002e9b   Thumb Code    34  stm32f10x_tim.o(.text)
    TIM_ClearITPendingBit                    0x08002ebd   Thumb Code     6  stm32f10x_tim.o(.text)
    EXTI_DeInit                              0x08002ec5   Thumb Code    28  stm32f10x_exti.o(.text)
    EXTI_Init                                0x08002ee1   Thumb Code   142  stm32f10x_exti.o(.text)
    EXTI_StructInit                          0x08002f6f   Thumb Code    16  stm32f10x_exti.o(.text)
    EXTI_GenerateSWInterrupt                 0x08002f7f   Thumb Code    16  stm32f10x_exti.o(.text)
    EXTI_GetFlagStatus                       0x08002f8f   Thumb Code    22  stm32f10x_exti.o(.text)
    EXTI_ClearFlag                           0x08002fa5   Thumb Code     8  stm32f10x_exti.o(.text)
    EXTI_GetITStatus                         0x08002fad   Thumb Code    34  stm32f10x_exti.o(.text)
    EXTI_ClearITPendingBit                   0x08002fcf   Thumb Code     8  stm32f10x_exti.o(.text)
    __aeabi_memcpy                           0x08002fe1   Thumb Code    36  memcpya.o(.text)
    __aeabi_memcpy4                          0x08002fe1   Thumb Code     0  memcpya.o(.text)
    __aeabi_memcpy8                          0x08002fe1   Thumb Code     0  memcpya.o(.text)
    __scatterload                            0x08003005   Thumb Code    28  init.o(.text)
    __scatterload_rt2                        0x08003005   Thumb Code     0  init.o(.text)
    KEY0_Response                            0x08003029   Thumb Code    42  usart1_protocol.o(i.KEY0_Response)
    KEY1_Response                            0x08003059   Thumb Code    42  usart1_protocol.o(i.KEY1_Response)
    __scatterload_copy                       0x08003089   Thumb Code    14  handlers.o(i.__scatterload_copy)
    __scatterload_null                       0x08003097   Thumb Code     2  handlers.o(i.__scatterload_null)
    __scatterload_zeroinit                   0x08003099   Thumb Code    14  handlers.o(i.__scatterload_zeroinit)
    malloc                                   0x080030a9   Thumb Code    92  malloc.o(i.malloc)
    Region$$Table$$Base                      0x08003314   Number         0  anon$$obj.o(Region$$Table)
    Region$$Table$$Limit                     0x08003334   Number         0  anon$$obj.o(Region$$Table)
    SystemCoreClock                          0x20000000   Data           4  system_stm32f10x.o(.data)
    AHBPrescTable                            0x20000004   Data          16  system_stm32f10x.o(.data)
    USART1_TX_BUSY                           0x20000014   Data           1  usart1_dma.o(.data)
    USART2_TX_BUSY                           0x20000015   Data           1  usart2_dma.o(.data)
    USART3_TX_BUSY                           0x20000016   Data           1  usart3_dma.o(.data)
    Send_Date_Key                            0x20000017   Data           6  usart1_protocol.o(.data)
    __microlib_freelist                      0x20000038   Data           4  mvars.o(.data)
    __microlib_freelist_initialised          0x2000003c   Data           4  mvars.o(.data)
    USART1_SEND_DATA                         0x20000040   Data          64  usart1_dma.o(.bss)
    USART1_RECEIVE_DATA                      0x20000080   Data          64  usart1_dma.o(.bss)
    uart1_rx                                 0x200000c0   Data         129  usart1_dma.o(.bss)
    uart1_tx                                 0x20000141   Data         129  usart1_dma.o(.bss)
    USART2_SEND_DATA                         0x200001c2   Data          64  usart2_dma.o(.bss)
    USART2_RECEIVE_DATA                      0x20000202   Data          64  usart2_dma.o(.bss)
    uart2_rx                                 0x20000242   Data         129  usart2_dma.o(.bss)
    uart2_tx                                 0x200002c3   Data         129  usart2_dma.o(.bss)
    USART3_SEND_DATA                         0x20000344   Data          64  usart3_dma.o(.bss)
    USART3_RECEIVE_DATA                      0x20000384   Data          64  usart3_dma.o(.bss)
    uart3_rx                                 0x200003c4   Data         129  usart3_dma.o(.bss)
    uart3_tx                                 0x20000445   Data         129  usart3_dma.o(.bss)
    __heap_base                              0x200004c8   Data           0  startup_stm32f10x_hd.o(HEAP)
    __heap_limit                             0x200006c8   Data           0  startup_stm32f10x_hd.o(HEAP)
    __initial_sp                             0x20000ac8   Data           0  startup_stm32f10x_hd.o(STACK)



==============================================================================

Memory Map of the image

  Image Entry point : 0x08000131

  Load Region LR_IROM1 (Base: 0x08000000, Size: 0x00003374, Max: 0x00040000, ABSOLUTE)

    Execution Region ER_IROM1 (Exec base: 0x08000000, Load base: 0x08000000, Size: 0x00003334, Max: 0x00040000, ABSOLUTE)

    Exec Addr    Load Addr    Size         Type   Attr      Idx    E Section Name        Object

    0x08000000   0x08000000   0x00000130   Data   RO          380    RESET               startup_stm32f10x_hd.o
    0x08000130   0x08000130   0x00000000   Code   RO          483  * .ARM.Collect$$$$00000000  mc_w.l(entry.o)
    0x08000130   0x08000130   0x00000004   Code   RO          518    .ARM.Collect$$$$00000001  mc_w.l(entry2.o)
    0x08000134   0x08000134   0x00000004   Code   RO          521    .ARM.Collect$$$$00000004  mc_w.l(entry5.o)
    0x08000138   0x08000138   0x00000000   Code   RO          523    .ARM.Collect$$$$00000008  mc_w.l(entry7b.o)
    0x08000138   0x08000138   0x00000000   Code   RO          525    .ARM.Collect$$$$0000000A  mc_w.l(entry8b.o)
    0x08000138   0x08000138   0x00000008   Code   RO          526    .ARM.Collect$$$$0000000B  mc_w.l(entry9a.o)
    0x08000140   0x08000140   0x00000000   Code   RO          528    .ARM.Collect$$$$0000000D  mc_w.l(entry10a.o)
    0x08000140   0x08000140   0x00000000   Code   RO          530    .ARM.Collect$$$$0000000F  mc_w.l(entry11a.o)
    0x08000140   0x08000140   0x00000004   Code   RO          519    .ARM.Collect$$$$00002712  mc_w.l(entry2.o)
    0x08000144   0x08000144   0x00000070   Code   RO            1    .text               main.o
    0x080001b4   0x080001b4   0x0000001a   Code   RO          130    .text               stm32f10x_it.o
    0x080001ce   0x080001ce   0x00000002   PAD
    0x080001d0   0x080001d0   0x000001e0   Code   RO          171    .text               system_stm32f10x.o
    0x080003b0   0x080003b0   0x00000050   Code   RO          189    .text               led.o
    0x08000400   0x08000400   0x00000284   Code   RO          201    .text               usart1_dma.o
    0x08000684   0x08000684   0x00000294   Code   RO          226    .text               usart2_dma.o
    0x08000918   0x08000918   0x00000290   Code   RO          245    .text               usart3_dma.o
    0x08000ba8   0x08000ba8   0x00000178   Code   RO          264    .text               pwm.o
    0x08000d20   0x08000d20   0x0000030c   Code   RO          276    .text               key.o
    0x0800102c   0x0800102c   0x000000f0   Code   RO          288    .text               usart1_protocol.o
    0x0800111c   0x0800111c   0x0000005c   Code   RO          322    .text               crc_16.o
    0x08001178   0x08001178   0x000000d4   Code   RO          337    .text               delay.o
    0x0800124c   0x0800124c   0x00000024   Code   RO          381    .text               startup_stm32f10x_hd.o
    0x08001270   0x08001270   0x0000035c   Code   RO          385    .text               stm32f10x_gpio.o
    0x080015cc   0x080015cc   0x000003a4   Code   RO          397    .text               stm32f10x_rcc.o
    0x08001970   0x08001970   0x00000408   Code   RO          411    .text               stm32f10x_usart.o
    0x08001d78   0x08001d78   0x000000dc   Code   RO          423    .text               misc.o
    0x08001e54   0x08001e54   0x00000254   Code   RO          435    .text               stm32f10x_dma.o
    0x080020a8   0x080020a8   0x00000e1a   Code   RO          447    .text               stm32f10x_tim.o
    0x08002ec2   0x08002ec2   0x00000002   PAD
    0x08002ec4   0x08002ec4   0x0000011c   Code   RO          459    .text               stm32f10x_exti.o
    0x08002fe0   0x08002fe0   0x00000024   Code   RO          486    .text               mc_w.l(memcpya.o)
    0x08003004   0x08003004   0x00000024   Code   RO          534    .text               mc_w.l(init.o)
    0x08003028   0x08003028   0x00000030   Code   RO          301    i.KEY0_Response     usart1_protocol.o
    0x08003058   0x08003058   0x00000030   Code   RO          307    i.KEY1_Response     usart1_protocol.o
    0x08003088   0x08003088   0x0000000e   Code   RO          538    i.__scatterload_copy  mc_w.l(handlers.o)
    0x08003096   0x08003096   0x00000002   Code   RO          539    i.__scatterload_null  mc_w.l(handlers.o)
    0x08003098   0x08003098   0x0000000e   Code   RO          540    i.__scatterload_zeroinit  mc_w.l(handlers.o)
    0x080030a6   0x080030a6   0x00000002   PAD
    0x080030a8   0x080030a8   0x0000006c   Code   RO          491    i.malloc            mc_w.l(malloc.o)
    0x08003114   0x08003114   0x00000200   Data   RO          323    .constdata          crc_16.o
    0x08003314   0x08003314   0x00000020   Data   RO          536    Region$$Table       anon$$obj.o


    Execution Region RW_IRAM1 (Exec base: 0x20000000, Load base: 0x08003334, Size: 0x00000ac8, Max: 0x0000c000, ABSOLUTE)

    Exec Addr    Load Addr    Size         Type   Attr      Idx    E Section Name        Object

    0x20000000   0x08003334   0x00000014   Data   RW          172    .data               system_stm32f10x.o
    0x20000014   0x08003348   0x00000001   Data   RW          203    .data               usart1_dma.o
    0x20000015   0x08003349   0x00000001   Data   RW          228    .data               usart2_dma.o
    0x20000016   0x0800334a   0x00000001   Data   RW          247    .data               usart3_dma.o
    0x20000017   0x0800334b   0x00000006   Data   RW          290    .data               usart1_protocol.o
    0x2000001d   0x08003351   0x00000002   Data   RW          324    .data               crc_16.o
    0x2000001f   0x08003353   0x00000001   PAD
    0x20000020   0x08003354   0x00000004   Data   RW          338    .data               delay.o
    0x20000024   0x08003358   0x00000014   Data   RW          398    .data               stm32f10x_rcc.o
    0x20000038   0x0800336c   0x00000004   Data   RW          532    .data               mc_w.l(mvars.o)
    0x2000003c   0x08003370   0x00000004   Data   RW          533    .data               mc_w.l(mvars.o)
    0x20000040        -       0x00000182   Zero   RW          202    .bss                usart1_dma.o
    0x200001c2        -       0x00000182   Zero   RW          227    .bss                usart2_dma.o
    0x20000344        -       0x00000182   Zero   RW          246    .bss                usart3_dma.o
    0x200004c6   0x08003374   0x00000002   PAD
    0x200004c8        -       0x00000200   Zero   RW          379    HEAP                startup_stm32f10x_hd.o
    0x200006c8        -       0x00000400   Zero   RW          378    STACK               startup_stm32f10x_hd.o


==============================================================================

Image component sizes


      Code (inc. data)   RO Data    RW Data    ZI Data      Debug   Object Name

        92         18        512          2          0       1356   crc_16.o
       212         18          0          4          0        963   delay.o
       780         10          0          0          0       1710   key.o
        80          8          0          0          0        455   led.o
       112          8          0          0          0     265543   main.o
       220         22          0          0          0       1721   misc.o
       376         10          0          0          0       1330   pwm.o
        36          8        304          0       1536        772   startup_stm32f10x_hd.o
       596          8          0          0          0       4282   stm32f10x_dma.o
       284         10          0          0          0       2175   stm32f10x_exti.o
       860         38          0          0          0       5653   stm32f10x_gpio.o
        26          0          0          0          0       1138   stm32f10x_it.o
       932         36          0         20          0       8788   stm32f10x_rcc.o
      3610         88          0          0          0      22760   stm32f10x_tim.o
      1032         22          0          0          0       8376   stm32f10x_usart.o
         0          0          0          0          0         32   sys.o
       480         38          0         20          0       1619   system_stm32f10x.o
       644         28          0          1        386       3120   usart1_dma.o
       336         16          0          6          0       3140   usart1_protocol.o
       660         30          0          1        386       3116   usart2_dma.o
       656         28          0          1        386       3120   usart3_dma.o

    ----------------------------------------------------------------------
     12028        444        848         56       2696     341169   Object Totals
         0          0         32          0          0          0   (incl. Generated)
         4          0          0          1          2          0   (incl. Padding)

    ----------------------------------------------------------------------

      Code (inc. data)   RO Data    RW Data    ZI Data      Debug   Library Member Name

         0          0          0          0          0          0   entry.o
         0          0          0          0          0          0   entry10a.o
         0          0          0          0          0          0   entry11a.o
         8          4          0          0          0          0   entry2.o
         4          0          0          0          0          0   entry5.o
         0          0          0          0          0          0   entry7b.o
         0          0          0          0          0          0   entry8b.o
         8          4          0          0          0          0   entry9a.o
        30          0          0          0          0          0   handlers.o
        36          8          0          0          0         68   init.o
       108         16          0          0          0         84   malloc.o
        36          0          0          0          0         68   memcpya.o
         0          0          0          8          0          0   mvars.o

    ----------------------------------------------------------------------
       232         32          0          8          0        220   Library Totals
         2          0          0          0          0          0   (incl. Padding)

    ----------------------------------------------------------------------

      Code (inc. data)   RO Data    RW Data    ZI Data      Debug   Library Name

       230         32          0          8          0        220   mc_w.l

    ----------------------------------------------------------------------
       232         32          0          8          0        220   Library Totals

    ----------------------------------------------------------------------

==============================================================================


      Code (inc. data)   RO Data    RW Data    ZI Data      Debug   

     12260        476        848         64       2696     339825   Grand Totals
     12260        476        848         64       2696     339825   ELF Image Totals
     12260        476        848         64          0          0   ROM Totals

==============================================================================

    Total RO  Size (Code + RO Data)                13108 (  12.80kB)
    Total RW  Size (RW Data + ZI Data)              2760 (   2.70kB)
    Total ROM Size (Code + RO Data + RW Data)      13172 (  12.86kB)

==============================================================================

